I0926 15:40:31.028831 2991330240 c_interface.cc:205] ArtmCopyRequestedMessage is copying 54 bytes...
I0926 15:40:31.029361 235888640 c_interface.cc:359] Pass FitOfflineMasterModelArgs, batch_filename_size=5, batch_weight_size=5, num_collection_passes=1 to MN4artm4core15MasterComponentEFvRKNS_25FitOfflineMasterModelArgsEE
I0926 15:40:31.029376 235888640 master_component.cc:1162] ProcessBatchesArgs: nwt_target_name=nwt, batch_filename_size=5, batch_size=0, batch_weight_size=5, pwt_source_name=pwt, num_document_passes=1, class=(text:1), reuse_theta=yes, opt_for_avx=yes, predict_class_id=
I0926 15:40:31.058164 253800448 processor.cc:666] Processing queue has data, processing started
I0926 15:40:31.061364 253800448 processor.cc:742] Processor: start processing batch 0084d552-daec-4198-bd46-c872f259e23f into model nwt
I0926 15:40:31.062723 252190720 processor.cc:666] Processing queue has data, processing started
I0926 15:40:31.067410 252190720 processor.cc:742] Processor: start processing batch 1e51858c-95d1-4570-865b-c7b7005a4170 into model nwt
I0926 15:40:31.068254 252727296 processor.cc:666] Processing queue has data, processing started
I0926 15:40:31.072976 252727296 processor.cc:742] Processor: start processing batch 583904ce-ea4c-4a1a-9143-a93f99a371ee into model nwt
I0926 15:40:31.077996 253263872 processor.cc:666] Processing queue has data, processing started
I0926 15:40:31.082970 253263872 processor.cc:742] Processor: start processing batch 298603b6-4d97-40eb-acf9-8280f2afcec8 into model nwt
I0926 15:40:31.109103 252190720 processor.cc:830] Processor: complete processing batch 1e51858c-95d1-4570-865b-c7b7005a4170 into model nwt
I0926 15:40:31.110481 253800448 processor.cc:830] Processor: complete processing batch 0084d552-daec-4198-bd46-c872f259e23f into model nwt
I0926 15:40:31.112856 252190720 cuckoo_watch.h:44] 50ms in ProcessBatch(school_batches/aaaaab.batch) [including 3ms in LoadMessage; 1ms in InitializeSparseNdw; 13ms in InferThetaAndUpdateNwtSparse; 11ms in CalculateScore(PerplexityScore); 1ms in CalculateScore(SparsityThetaScore); 13ms in CalculateScore(^^^ItemsProcessedScore^^^); ]
I0926 15:40:31.115268 253800448 cuckoo_watch.h:44] 57ms in ProcessBatch(school_batches/aaaaaa.batch) [including 2ms in LoadMessage; 1ms in InitializeSparseNdw; 22ms in InferThetaAndUpdateNwtSparse; 12ms in CalculateScore(PerplexityScore); 1ms in CalculateScore(SparsityThetaScore); 11ms in CalculateScore(^^^ItemsProcessedScore^^^); ]
I0926 15:40:31.119909 252727296 processor.cc:830] Processor: complete processing batch 583904ce-ea4c-4a1a-9143-a93f99a371ee into model nwt
I0926 15:40:31.122232 252727296 cuckoo_watch.h:44] 53ms in ProcessBatch(school_batches/aaaaac.batch) [including 3ms in LoadMessage; 1ms in InitializeSparseNdw; 17ms in InferThetaAndUpdateNwtSparse; 16ms in CalculateScore(PerplexityScore); 2ms in CalculateScore(SparsityThetaScore); 9ms in CalculateScore(^^^ItemsProcessedScore^^^); ]
I0926 15:40:31.122375 253800448 processor.cc:742] Processor: start processing batch f4b2adda-4f6f-4053-882f-e46cd49b6d76 into model nwt
I0926 15:40:31.123678 253263872 processor.cc:830] Processor: complete processing batch 298603b6-4d97-40eb-acf9-8280f2afcec8 into model nwt
I0926 15:40:31.125799 253263872 cuckoo_watch.h:44] 47ms in ProcessBatch(school_batches/aaaaad.batch) [including 4ms in LoadMessage; 1ms in InitializeSparseNdw; 18ms in InferThetaAndUpdateNwtSparse; 11ms in CalculateScore(PerplexityScore); 2ms in CalculateScore(SparsityThetaScore); 7ms in CalculateScore(^^^ItemsProcessedScore^^^); ]
I0926 15:40:31.136526 252190720 processor.cc:659] No data in processing queue, waiting...
I0926 15:40:31.146795 252727296 processor.cc:659] No data in processing queue, waiting...
I0926 15:40:31.147660 253800448 processor.cc:830] Processor: complete processing batch f4b2adda-4f6f-4053-882f-e46cd49b6d76 into model nwt
I0926 15:40:31.148949 253800448 cuckoo_watch.h:44] 31ms in ProcessBatch(school_batches/aaaaae.batch) [including 3ms in LoadMessage; 0ms in InitializeSparseNdw; 10ms in InferThetaAndUpdateNwtSparse; 7ms in CalculateScore(PerplexityScore); 0ms in CalculateScore(SparsityThetaScore); 5ms in CalculateScore(^^^ItemsProcessedScore^^^); ]
I0926 15:40:31.149255 253263872 processor.cc:659] No data in processing queue, waiting...
I0926 15:40:31.149269 235888640 master_component.cc:1211] NormalizeModelArgs: pwt_target_name=pwt, nwt_source_name=nwt, rwt_source_name=
I0926 15:40:31.149281 235888640 master_component.cc:812] MasterComponent: start normalizing model nwt
I0926 15:40:31.173044 253800448 processor.cc:659] No data in processing queue, waiting...
I0926 15:40:31.179208 235888640 master_component.cc:834] MasterComponent: complete normalizing model nwt
I0926 15:40:31.200742 235888640 master_component.cc:1235] DisposeModel rwt
I0926 15:40:31.200757 235888640 master_component.cc:858] FitOffline: ItemsProcessed, num_items=476, num_batches=5, token_weight=160411, token_weight_in_effect=160411
I0926 15:40:31.200974 2991330240 c_interface.cc:523] Pass GetScoreValueArgs, score_name=^^^ItemsProcessedScore^^^ to MasterComponent::Request
I0926 15:40:31.200994 2991330240 c_interface.cc:205] ArtmCopyRequestedMessage is copying 54 bytes...
I0926 15:40:31.201349 235888640 c_interface.cc:359] Pass FitOfflineMasterModelArgs, batch_filename_size=5, batch_weight_size=5, num_collection_passes=1 to MN4artm4core15MasterComponentEFvRKNS_25FitOfflineMasterModelArgsEE
I0926 15:40:31.201360 235888640 master_component.cc:1162] ProcessBatchesArgs: nwt_target_name=nwt, batch_filename_size=5, batch_size=0, batch_weight_size=5, pwt_source_name=pwt, num_document_passes=1, class=(text:1), reuse_theta=yes, opt_for_avx=yes, predict_class_id=
I0926 15:40:31.228924 252727296 processor.cc:666] Processing queue has data, processing started
I0926 15:40:31.233603 252727296 processor.cc:742] Processor: start processing batch 0084d552-daec-4198-bd46-c872f259e23f into model nwt
I0926 15:40:31.236716 253263872 processor.cc:666] Processing queue has data, processing started
I0926 15:40:31.240839 253263872 processor.cc:742] Processor: start processing batch 1e51858c-95d1-4570-865b-c7b7005a4170 into model nwt
I0926 15:40:31.243378 252190720 processor.cc:666] Processing queue has data, processing started
I0926 15:40:31.246825 252190720 processor.cc:742] Processor: start processing batch 583904ce-ea4c-4a1a-9143-a93f99a371ee into model nwt
I0926 15:40:31.251135 253800448 processor.cc:666] Processing queue has data, processing started
I0926 15:40:31.255990 253800448 processor.cc:742] Processor: start processing batch 298603b6-4d97-40eb-acf9-8280f2afcec8 into model nwt
I0926 15:40:31.282833 252727296 processor.cc:830] Processor: complete processing batch 0084d552-daec-4198-bd46-c872f259e23f into model nwt
I0926 15:40:31.285145 252190720 processor.cc:830] Processor: complete processing batch 583904ce-ea4c-4a1a-9143-a93f99a371ee into model nwt
I0926 15:40:31.287497 252727296 cuckoo_watch.h:44] 58ms in ProcessBatch(school_batches/aaaaaa.batch) [including 3ms in LoadMessage; 0ms in InitializeSparseNdw; 16ms in InferThetaAndUpdateNwtSparse; 16ms in CalculateScore(PerplexityScore); 3ms in CalculateScore(SparsityThetaScore); 11ms in CalculateScore(^^^ItemsProcessedScore^^^); ]
I0926 15:40:31.288012 252190720 cuckoo_watch.h:44] 44ms in ProcessBatch(school_batches/aaaaac.batch) [including 2ms in LoadMessage; 1ms in InitializeSparseNdw; 15ms in InferThetaAndUpdateNwtSparse; 11ms in CalculateScore(PerplexityScore); 1ms in CalculateScore(SparsityThetaScore); 8ms in CalculateScore(^^^ItemsProcessedScore^^^); ]
I0926 15:40:31.289541 253263872 processor.cc:830] Processor: complete processing batch 1e51858c-95d1-4570-865b-c7b7005a4170 into model nwt
I0926 15:40:31.291492 253263872 cuckoo_watch.h:44] 54ms in ProcessBatch(school_batches/aaaaab.batch) [including 3ms in LoadMessage; 0ms in InitializeSparseNdw; 16ms in InferThetaAndUpdateNwtSparse; 13ms in CalculateScore(PerplexityScore); 1ms in CalculateScore(SparsityThetaScore); 15ms in CalculateScore(^^^ItemsProcessedScore^^^); ]
I0926 15:40:31.293593 252727296 processor.cc:742] Processor: start processing batch f4b2adda-4f6f-4053-882f-e46cd49b6d76 into model nwt
I0926 15:40:31.294692 253800448 processor.cc:830] Processor: complete processing batch 298603b6-4d97-40eb-acf9-8280f2afcec8 into model nwt
I0926 15:40:31.297359 253800448 cuckoo_watch.h:44] 46ms in ProcessBatch(school_batches/aaaaad.batch) [including 3ms in LoadMessage; 1ms in InitializeSparseNdw; 17ms in InferThetaAndUpdateNwtSparse; 12ms in CalculateScore(PerplexityScore); 1ms in CalculateScore(SparsityThetaScore); 6ms in CalculateScore(^^^ItemsProcessedScore^^^); ]
I0926 15:40:31.311600 252190720 processor.cc:659] No data in processing queue, waiting...
I0926 15:40:31.315260 253263872 processor.cc:659] No data in processing queue, waiting...
I0926 15:40:31.320957 253800448 processor.cc:659] No data in processing queue, waiting...
I0926 15:40:31.320974 252727296 processor.cc:830] Processor: complete processing batch f4b2adda-4f6f-4053-882f-e46cd49b6d76 into model nwt
I0926 15:40:31.322759 252727296 cuckoo_watch.h:44] 34ms in ProcessBatch(school_batches/aaaaae.batch) [including 4ms in LoadMessage; 0ms in InitializeSparseNdw; 11ms in InferThetaAndUpdateNwtSparse; 8ms in CalculateScore(PerplexityScore); 1ms in CalculateScore(SparsityThetaScore); 5ms in CalculateScore(^^^ItemsProcessedScore^^^); ]
I0926 15:40:31.323596 235888640 master_component.cc:1211] NormalizeModelArgs: pwt_target_name=pwt, nwt_source_name=nwt, rwt_source_name=
I0926 15:40:31.323606 235888640 master_component.cc:812] MasterComponent: start normalizing model nwt
I0926 15:40:31.346835 252727296 processor.cc:659] No data in processing queue, waiting...
I0926 15:40:31.356693 235888640 master_component.cc:834] MasterComponent: complete normalizing model nwt
I0926 15:40:31.378387 235888640 master_component.cc:1235] DisposeModel rwt
I0926 15:40:31.378404 235888640 master_component.cc:858] FitOffline: ItemsProcessed, num_items=476, num_batches=5, token_weight=160411, token_weight_in_effect=160411
I0926 15:40:31.378655 2991330240 c_interface.cc:523] Pass GetScoreValueArgs, score_name=^^^ItemsProcessedScore^^^ to MasterComponent::Request
I0926 15:40:31.378686 2991330240 c_interface.cc:205] ArtmCopyRequestedMessage is copying 54 bytes...
I0926 15:40:31.379179 235888640 c_interface.cc:359] Pass FitOfflineMasterModelArgs, batch_filename_size=5, batch_weight_size=5, num_collection_passes=1 to MN4artm4core15MasterComponentEFvRKNS_25FitOfflineMasterModelArgsEE
I0926 15:40:31.379209 235888640 master_component.cc:1162] ProcessBatchesArgs: nwt_target_name=nwt, batch_filename_size=5, batch_size=0, batch_weight_size=5, pwt_source_name=pwt, num_document_passes=1, class=(text:1), reuse_theta=yes, opt_for_avx=yes, predict_class_id=
I0926 15:40:31.408715 252190720 processor.cc:666] Processing queue has data, processing started
I0926 15:40:31.411967 252190720 processor.cc:742] Processor: start processing batch 0084d552-daec-4198-bd46-c872f259e23f into model nwt
I0926 15:40:31.414093 253263872 processor.cc:666] Processing queue has data, processing started
I0926 15:40:31.417711 253263872 processor.cc:742] Processor: start processing batch 1e51858c-95d1-4570-865b-c7b7005a4170 into model nwt
I0926 15:40:31.426699 253800448 processor.cc:666] Processing queue has data, processing started
I0926 15:40:31.431110 252727296 processor.cc:666] Processing queue has data, processing started
I0926 15:40:31.433079 253800448 processor.cc:742] Processor: start processing batch 583904ce-ea4c-4a1a-9143-a93f99a371ee into model nwt
I0926 15:40:31.437316 252727296 processor.cc:742] Processor: start processing batch 298603b6-4d97-40eb-acf9-8280f2afcec8 into model nwt
I0926 15:40:31.452193 252190720 processor.cc:830] Processor: complete processing batch 0084d552-daec-4198-bd46-c872f259e23f into model nwt
I0926 15:40:31.454505 252190720 cuckoo_watch.h:44] 45ms in ProcessBatch(school_batches/aaaaaa.batch) [including 2ms in LoadMessage; 0ms in InitializeSparseNdw; 14ms in InferThetaAndUpdateNwtSparse; 12ms in CalculateScore(PerplexityScore); 3ms in CalculateScore(SparsityThetaScore); 9ms in CalculateScore(^^^ItemsProcessedScore^^^); ]
I0926 15:40:31.455008 253263872 processor.cc:830] Processor: complete processing batch 1e51858c-95d1-4570-865b-c7b7005a4170 into model nwt
I0926 15:40:31.457303 253263872 cuckoo_watch.h:44] 43ms in ProcessBatch(school_batches/aaaaab.batch) [including 2ms in LoadMessage; 0ms in InitializeSparseNdw; 10ms in InferThetaAndUpdateNwtSparse; 11ms in CalculateScore(PerplexityScore); 2ms in CalculateScore(SparsityThetaScore); 11ms in CalculateScore(^^^ItemsProcessedScore^^^); ]
I0926 15:40:31.464588 252190720 processor.cc:742] Processor: start processing batch f4b2adda-4f6f-4053-882f-e46cd49b6d76 into model nwt
I0926 15:40:31.468708 253800448 processor.cc:830] Processor: complete processing batch 583904ce-ea4c-4a1a-9143-a93f99a371ee into model nwt
I0926 15:40:31.471400 253800448 cuckoo_watch.h:44] 44ms in ProcessBatch(school_batches/aaaaac.batch) [including 5ms in LoadMessage; 1ms in InitializeSparseNdw; 15ms in InferThetaAndUpdateNwtSparse; 10ms in CalculateScore(PerplexityScore); 1ms in CalculateScore(SparsityThetaScore); 7ms in CalculateScore(^^^ItemsProcessedScore^^^); ]
I0926 15:40:31.477092 252727296 processor.cc:830] Processor: complete processing batch 298603b6-4d97-40eb-acf9-8280f2afcec8 into model nwt
I0926 15:40:31.478613 252727296 cuckoo_watch.h:44] 47ms in ProcessBatch(school_batches/aaaaad.batch) [including 5ms in LoadMessage; 1ms in InitializeSparseNdw; 17ms in InferThetaAndUpdateNwtSparse; 10ms in CalculateScore(PerplexityScore); 1ms in CalculateScore(SparsityThetaScore); 8ms in CalculateScore(^^^ItemsProcessedScore^^^); ]
I0926 15:40:31.483250 253263872 processor.cc:659] No data in processing queue, waiting...
I0926 15:40:31.491312 252190720 processor.cc:830] Processor: complete processing batch f4b2adda-4f6f-4053-882f-e46cd49b6d76 into model nwt
I0926 15:40:31.492496 252190720 cuckoo_watch.h:44] 32ms in ProcessBatch(school_batches/aaaaae.batch) [including 3ms in LoadMessage; 0ms in InitializeSparseNdw; 10ms in InferThetaAndUpdateNwtSparse; 8ms in CalculateScore(PerplexityScore); 1ms in CalculateScore(SparsityThetaScore); 5ms in CalculateScore(^^^ItemsProcessedScore^^^); ]
I0926 15:40:31.493401 235888640 master_component.cc:1211] NormalizeModelArgs: pwt_target_name=pwt, nwt_source_name=nwt, rwt_source_name=
I0926 15:40:31.493410 235888640 master_component.cc:812] MasterComponent: start normalizing model nwt
I0926 15:40:31.495565 253800448 processor.cc:659] No data in processing queue, waiting...
I0926 15:40:31.501610 252727296 processor.cc:659] No data in processing queue, waiting...
I0926 15:40:31.516407 252190720 processor.cc:659] No data in processing queue, waiting...
I0926 15:40:31.524648 235888640 master_component.cc:834] MasterComponent: complete normalizing model nwt
I0926 15:40:31.545833 235888640 master_component.cc:1235] DisposeModel rwt
I0926 15:40:31.545869 235888640 master_component.cc:858] FitOffline: ItemsProcessed, num_items=476, num_batches=5, token_weight=160411, token_weight_in_effect=160411
I0926 15:40:31.546223 2991330240 c_interface.cc:523] Pass GetScoreValueArgs, score_name=^^^ItemsProcessedScore^^^ to MasterComponent::Request
I0926 15:40:31.546273 2991330240 c_interface.cc:205] ArtmCopyRequestedMessage is copying 54 bytes...
I0926 15:40:31.550021 2991330240 c_interface.cc:205] ArtmCopyRequestedMessage is copying 176 bytes...
I0926 15:40:31.550983 2991330240 c_interface.cc:205] ArtmCopyRequestedMessage is copying 888 bytes...
I0926 15:40:31.556262 2991330240 c_interface.cc:205] ArtmCopyRequestedMessage is copying 176 bytes...
I0926 15:40:31.557247 2991330240 c_interface.cc:205] ArtmCopyRequestedMessage is copying 888 bytes...
I0926 15:40:31.562940 2991330240 c_interface.cc:205] ArtmCopyRequestedMessage is copying 176 bytes...
I0926 15:40:31.564235 2991330240 c_interface.cc:205] ArtmCopyRequestedMessage is copying 888 bytes...
I0926 15:40:31.569735 2991330240 c_interface.cc:205] ArtmCopyRequestedMessage is copying 176 bytes...
I0926 15:40:31.570726 2991330240 c_interface.cc:205] ArtmCopyRequestedMessage is copying 888 bytes...
I0926 15:47:44.005405 2991330240 c_interface.cc:205] ArtmCopyRequestedMessage is copying 2080 bytes...
I0926 15:47:44.219416 2991330240 c_interface.cc:205] ArtmCopyRequestedMessage is copying 176 bytes...
I0926 15:47:44.221009 2991330240 c_interface.cc:205] ArtmCopyRequestedMessage is copying 888 bytes...
I0926 15:47:44.228034 2991330240 c_interface.cc:205] ArtmCopyRequestedMessage is copying 176 bytes...
I0926 15:47:44.229436 2991330240 c_interface.cc:205] ArtmCopyRequestedMessage is copying 888 bytes...
I0926 15:47:44.235982 2991330240 c_interface.cc:205] ArtmCopyRequestedMessage is copying 176 bytes...
I0926 15:47:44.236865 2991330240 c_interface.cc:205] ArtmCopyRequestedMessage is copying 888 bytes...
I0926 15:47:44.244900 2991330240 c_interface.cc:205] ArtmCopyRequestedMessage is copying 176 bytes...
I0926 15:47:44.245918 2991330240 c_interface.cc:205] ArtmCopyRequestedMessage is copying 888 bytes...
I0926 15:52:44.001876 2991330240 c_interface.cc:205] ArtmCopyRequestedMessage is copying 176 bytes...
I0926 15:52:44.003115 2991330240 c_interface.cc:205] ArtmCopyRequestedMessage is copying 888 bytes...
I0926 15:52:44.010123 2991330240 c_interface.cc:205] ArtmCopyRequestedMessage is copying 176 bytes...
I0926 15:52:44.011378 2991330240 c_interface.cc:205] ArtmCopyRequestedMessage is copying 888 bytes...
I0926 15:52:44.019155 2991330240 c_interface.cc:205] ArtmCopyRequestedMessage is copying 176 bytes...
I0926 15:52:44.020699 2991330240 c_interface.cc:205] ArtmCopyRequestedMessage is copying 888 bytes...
I0926 15:52:44.029414 2991330240 c_interface.cc:205] ArtmCopyRequestedMessage is copying 176 bytes...
I0926 15:52:44.030746 2991330240 c_interface.cc:205] ArtmCopyRequestedMessage is copying 888 bytes...
I0926 15:52:50.216099 2991330240 c_interface.cc:205] ArtmCopyRequestedMessage is copying 176 bytes...
I0926 15:52:50.218088 2991330240 c_interface.cc:205] ArtmCopyRequestedMessage is copying 888 bytes...
I0926 15:52:50.225239 2991330240 c_interface.cc:205] ArtmCopyRequestedMessage is copying 176 bytes...
I0926 15:52:50.226284 2991330240 c_interface.cc:205] ArtmCopyRequestedMessage is copying 888 bytes...
I0926 15:52:50.233039 2991330240 c_interface.cc:205] ArtmCopyRequestedMessage is copying 176 bytes...
I0926 15:52:50.234346 2991330240 c_interface.cc:205] ArtmCopyRequestedMessage is copying 888 bytes...
I0926 15:52:50.244235 2991330240 c_interface.cc:205] ArtmCopyRequestedMessage is copying 176 bytes...
I0926 15:52:50.245973 2991330240 c_interface.cc:205] ArtmCopyRequestedMessage is copying 888 bytes...
I0926 15:52:55.451196 2991330240 c_interface.cc:205] ArtmCopyRequestedMessage is copying 150958 bytes...
I0926 15:52:55.546888 2991330240 c_interface.cc:205] ArtmCopyRequestedMessage is copying 150958 bytes...
I0926 15:52:55.629559 2991330240 c_interface.cc:205] ArtmCopyRequestedMessage is copying 150958 bytes...
I0926 15:52:55.710027 2991330240 c_interface.cc:205] ArtmCopyRequestedMessage is copying 150958 bytes...
I0926 15:52:55.804767 2991330240 c_interface.cc:205] ArtmCopyRequestedMessage is copying 150958 bytes...
I0926 15:52:55.886476 2991330240 c_interface.cc:205] ArtmCopyRequestedMessage is copying 150958 bytes...
I0926 15:52:55.969151 2991330240 c_interface.cc:205] ArtmCopyRequestedMessage is copying 150958 bytes...
I0926 15:52:56.055205 2991330240 c_interface.cc:205] ArtmCopyRequestedMessage is copying 150958 bytes...
I0926 15:52:56.135396 2991330240 c_interface.cc:205] ArtmCopyRequestedMessage is copying 150958 bytes...
I0926 15:52:56.231600 2991330240 c_interface.cc:205] ArtmCopyRequestedMessage is copying 150958 bytes...
I0926 15:52:56.335829 2991330240 c_interface.cc:205] ArtmCopyRequestedMessage is copying 176 bytes...
I0926 15:52:56.339236 2991330240 c_interface.cc:205] ArtmCopyRequestedMessage is copying 888 bytes...
I0926 15:52:56.349911 2991330240 c_interface.cc:205] ArtmCopyRequestedMessage is copying 176 bytes...
I0926 15:52:56.351398 2991330240 c_interface.cc:205] ArtmCopyRequestedMessage is copying 888 bytes...
I0926 15:52:56.358214 2991330240 c_interface.cc:205] ArtmCopyRequestedMessage is copying 176 bytes...
I0926 15:52:56.358996 2991330240 c_interface.cc:205] ArtmCopyRequestedMessage is copying 888 bytes...
I0926 15:52:56.365214 2991330240 c_interface.cc:205] ArtmCopyRequestedMessage is copying 176 bytes...
I0926 15:52:56.366258 2991330240 c_interface.cc:205] ArtmCopyRequestedMessage is copying 888 bytes...
I0926 15:53:11.167820 2991330240 c_interface.cc:205] ArtmCopyRequestedMessage is copying 150958 bytes...
I0926 15:53:11.274875 2991330240 c_interface.cc:205] ArtmCopyRequestedMessage is copying 150958 bytes...
I0926 15:53:11.356786 2991330240 c_interface.cc:205] ArtmCopyRequestedMessage is copying 150958 bytes...
I0926 15:53:11.436553 2991330240 c_interface.cc:205] ArtmCopyRequestedMessage is copying 150958 bytes...
I0926 15:53:11.534083 2991330240 c_interface.cc:205] ArtmCopyRequestedMessage is copying 150958 bytes...
I0926 15:53:11.615443 2991330240 c_interface.cc:205] ArtmCopyRequestedMessage is copying 150958 bytes...
I0926 15:53:11.691889 2991330240 c_interface.cc:205] ArtmCopyRequestedMessage is copying 150958 bytes...
I0926 15:53:11.771596 2991330240 c_interface.cc:205] ArtmCopyRequestedMessage is copying 150958 bytes...
I0926 15:53:11.856412 2991330240 c_interface.cc:205] ArtmCopyRequestedMessage is copying 150958 bytes...
I0926 15:53:11.953250 2991330240 c_interface.cc:205] ArtmCopyRequestedMessage is copying 150958 bytes...
I0926 15:53:12.054946 2991330240 c_interface.cc:205] ArtmCopyRequestedMessage is copying 176 bytes...
I0926 15:53:12.056308 2991330240 c_interface.cc:205] ArtmCopyRequestedMessage is copying 888 bytes...
I0926 15:53:12.063426 2991330240 c_interface.cc:205] ArtmCopyRequestedMessage is copying 176 bytes...
I0926 15:53:12.064435 2991330240 c_interface.cc:205] ArtmCopyRequestedMessage is copying 888 bytes...
I0926 15:53:12.072423 2991330240 c_interface.cc:205] ArtmCopyRequestedMessage is copying 176 bytes...
I0926 15:53:12.073446 2991330240 c_interface.cc:205] ArtmCopyRequestedMessage is copying 888 bytes...
I0926 15:53:12.083657 2991330240 c_interface.cc:205] ArtmCopyRequestedMessage is copying 176 bytes...
I0926 15:53:12.085268 2991330240 c_interface.cc:205] ArtmCopyRequestedMessage is copying 888 bytes...
I0926 15:53:37.901239 2991330240 c_interface.cc:205] ArtmCopyRequestedMessage is copying 176 bytes...
I0926 15:53:37.902601 2991330240 c_interface.cc:205] ArtmCopyRequestedMessage is copying 888 bytes...
I0926 15:53:37.909395 2991330240 c_interface.cc:205] ArtmCopyRequestedMessage is copying 176 bytes...
I0926 15:53:37.910590 2991330240 c_interface.cc:205] ArtmCopyRequestedMessage is copying 888 bytes...
I0926 15:53:37.918565 2991330240 c_interface.cc:205] ArtmCopyRequestedMessage is copying 176 bytes...
I0926 15:53:37.920450 2991330240 c_interface.cc:205] ArtmCopyRequestedMessage is copying 888 bytes...
I0926 15:53:37.933104 2991330240 c_interface.cc:205] ArtmCopyRequestedMessage is copying 176 bytes...
I0926 15:53:37.934516 2991330240 c_interface.cc:205] ArtmCopyRequestedMessage is copying 888 bytes...
I0926 15:53:43.421214 2991330240 c_interface.cc:205] ArtmCopyRequestedMessage is copying 1620 bytes...
I0926 15:53:43.423683 2991330240 c_interface.cc:205] ArtmCopyRequestedMessage is copying 1612 bytes...
I0926 15:53:43.488224 2991330240 c_interface.cc:205] ArtmCopyRequestedMessage is copying 176 bytes...
I0926 15:53:43.489400 2991330240 c_interface.cc:205] ArtmCopyRequestedMessage is copying 888 bytes...
I0926 15:53:43.498456 2991330240 c_interface.cc:205] ArtmCopyRequestedMessage is copying 176 bytes...
I0926 15:53:43.499774 2991330240 c_interface.cc:205] ArtmCopyRequestedMessage is copying 888 bytes...
I0926 15:53:43.507822 2991330240 c_interface.cc:205] ArtmCopyRequestedMessage is copying 176 bytes...
I0926 15:53:43.509275 2991330240 c_interface.cc:205] ArtmCopyRequestedMessage is copying 888 bytes...
I0926 15:53:43.517791 2991330240 c_interface.cc:205] ArtmCopyRequestedMessage is copying 176 bytes...
I0926 15:53:43.519062 2991330240 c_interface.cc:205] ArtmCopyRequestedMessage is copying 888 bytes...
I0926 15:54:34.742202 2991330240 c_interface.cc:359] Pass MasterModelConfig: topic_name_size=10, class=(text:1), score_config_size=5, num_processors=0, pwt_name=pwt, nwt_name=nwt, num_document_passes=1, regularizer=(SparsePhi:-100), reuse_theta=yes, cache_theta=yes, opt_for_avx=yes, disk_cache_path to MN4artm4core15MasterComponentEFvRKNS_17MasterModelConfigEE
I0926 15:54:34.743753 2991330240 instance.cc:380] MasterModelConfig.processors_count is automatically set to 4
I0926 15:54:34.743791 2991330240 perplexity.cc:24] Perplexity score calculator created: model_type=1, dictionary_name=dictionary
I0926 15:54:34.744249 2991330240 instance.cc:223] Regularizer 'SparsePhi' was cold-reconfigured
I0926 15:54:34.810122 2991330240 c_interface.cc:205] ArtmCopyRequestedMessage is copying 176 bytes...
I0926 15:54:34.811103 2991330240 c_interface.cc:205] ArtmCopyRequestedMessage is copying 978 bytes...
I0926 15:54:34.818886 2991330240 c_interface.cc:205] ArtmCopyRequestedMessage is copying 176 bytes...
I0926 15:54:34.820159 2991330240 c_interface.cc:205] ArtmCopyRequestedMessage is copying 978 bytes...
I0926 15:54:34.829385 2991330240 c_interface.cc:205] ArtmCopyRequestedMessage is copying 176 bytes...
I0926 15:54:34.831176 2991330240 c_interface.cc:205] ArtmCopyRequestedMessage is copying 978 bytes...
I0926 15:54:34.841364 2991330240 c_interface.cc:205] ArtmCopyRequestedMessage is copying 176 bytes...
I0926 15:54:34.842551 2991330240 c_interface.cc:205] ArtmCopyRequestedMessage is copying 978 bytes...
I0926 15:54:36.675894 235888640 c_interface.cc:359] Pass FitOfflineMasterModelArgs, batch_filename_size=5, batch_weight_size=5, num_collection_passes=1 to MN4artm4core15MasterComponentEFvRKNS_25FitOfflineMasterModelArgsEE
I0926 15:54:36.675928 235888640 master_component.cc:1162] ProcessBatchesArgs: nwt_target_name=nwt, batch_filename_size=5, batch_size=0, batch_weight_size=5, pwt_source_name=pwt, num_document_passes=1, regularizer=(name:SparsePhi, tau:-100), class=(text:1), reuse_theta=yes, opt_for_avx=yes, predict_class_id=
I0926 15:54:36.711283 253800448 processor.cc:666] Processing queue has data, processing started
I0926 15:54:36.717988 252727296 processor.cc:666] Processing queue has data, processing started
I0926 15:54:36.718894 253800448 processor.cc:742] Processor: start processing batch 0084d552-daec-4198-bd46-c872f259e23f into model nwt
I0926 15:54:36.725153 252727296 processor.cc:742] Processor: start processing batch 1e51858c-95d1-4570-865b-c7b7005a4170 into model nwt
I0926 15:54:36.729143 252190720 processor.cc:666] Processing queue has data, processing started
I0926 15:54:36.734975 253263872 processor.cc:666] Processing queue has data, processing started
I0926 15:54:36.741284 252190720 processor.cc:742] Processor: start processing batch 583904ce-ea4c-4a1a-9143-a93f99a371ee into model nwt
I0926 15:54:36.743837 253263872 processor.cc:742] Processor: start processing batch 298603b6-4d97-40eb-acf9-8280f2afcec8 into model nwt
I0926 15:54:36.776456 252727296 processor.cc:830] Processor: complete processing batch 1e51858c-95d1-4570-865b-c7b7005a4170 into model nwt
I0926 15:54:36.778578 252727296 cuckoo_watch.h:44] 60ms in ProcessBatch(school_batches/aaaaab.batch) [including 6ms in LoadMessage; 1ms in InitializeSparseNdw; 18ms in InferThetaAndUpdateNwtSparse; 19ms in CalculateScore(PerplexityScore); 1ms in CalculateScore(SparsityThetaScore); 9ms in CalculateScore(^^^ItemsProcessedScore^^^); ]
I0926 15:54:36.780429 253800448 processor.cc:830] Processor: complete processing batch 0084d552-daec-4198-bd46-c872f259e23f into model nwt
I0926 15:54:36.783601 253800448 cuckoo_watch.h:44] 72ms in ProcessBatch(school_batches/aaaaaa.batch) [including 6ms in LoadMessage; 1ms in InitializeSparseNdw; 16ms in InferThetaAndUpdateNwtSparse; 28ms in CalculateScore(PerplexityScore); 1ms in CalculateScore(SparsityThetaScore); 13ms in CalculateScore(^^^ItemsProcessedScore^^^); ]
I0926 15:54:36.786964 252727296 processor.cc:742] Processor: start processing batch f4b2adda-4f6f-4053-882f-e46cd49b6d76 into model nwt
I0926 15:54:36.788941 252190720 processor.cc:830] Processor: complete processing batch 583904ce-ea4c-4a1a-9143-a93f99a371ee into model nwt
I0926 15:54:36.791705 252190720 cuckoo_watch.h:44] 62ms in ProcessBatch(school_batches/aaaaac.batch) [including 11ms in LoadMessage; 1ms in InitializeSparseNdw; 17ms in InferThetaAndUpdateNwtSparse; 13ms in CalculateScore(PerplexityScore); 1ms in CalculateScore(SparsityThetaScore); 12ms in CalculateScore(^^^ItemsProcessedScore^^^); ]
I0926 15:54:36.801616 253263872 processor.cc:830] Processor: complete processing batch 298603b6-4d97-40eb-acf9-8280f2afcec8 into model nwt
I0926 15:54:36.803359 253263872 cuckoo_watch.h:44] 68ms in ProcessBatch(school_batches/aaaaad.batch) [including 7ms in LoadMessage; 7ms in InitializeSparseNdw; 17ms in InferThetaAndUpdateNwtSparse; 13ms in CalculateScore(PerplexityScore); 4ms in CalculateScore(SparsityThetaScore); 15ms in CalculateScore(^^^ItemsProcessedScore^^^); ]
I0926 15:54:36.812896 253800448 processor.cc:659] No data in processing queue, waiting...
I0926 15:54:36.816687 252190720 processor.cc:659] No data in processing queue, waiting...
I0926 15:54:36.820773 252727296 processor.cc:830] Processor: complete processing batch f4b2adda-4f6f-4053-882f-e46cd49b6d76 into model nwt
I0926 15:54:36.822230 252727296 cuckoo_watch.h:44] 43ms in ProcessBatch(school_batches/aaaaae.batch) [including 7ms in LoadMessage; 1ms in InitializeSparseNdw; 15ms in InferThetaAndUpdateNwtSparse; 9ms in CalculateScore(PerplexityScore); 1ms in CalculateScore(SparsityThetaScore); 6ms in CalculateScore(^^^ItemsProcessedScore^^^); ]
I0926 15:54:36.823021 235888640 master_component.cc:1200] RegularizeModelArgs: rwt_target_name=rwt, pwt_source_name=pwt, nwt_source_name=nwt
I0926 15:54:36.823045 235888640 master_component.cc:785] MasterComponent: start regularizing model pwt
I0926 15:54:36.826701 253263872 processor.cc:659] No data in processing queue, waiting...
I0926 15:54:36.845492 252727296 processor.cc:659] No data in processing queue, waiting...
I0926 15:54:36.870158 235888640 master_component.cc:808] MasterComponent: complete regularizing model pwt
I0926 15:54:36.870177 235888640 master_component.cc:1211] NormalizeModelArgs: pwt_target_name=pwt, nwt_source_name=nwt, rwt_source_name=rwt
I0926 15:54:36.870184 235888640 master_component.cc:812] MasterComponent: start normalizing model nwt
I0926 15:54:36.901024 235888640 master_component.cc:834] MasterComponent: complete normalizing model nwt
I0926 15:54:36.919618 235888640 master_component.cc:1235] DisposeModel rwt
I0926 15:54:36.928359 235888640 master_component.cc:858] FitOffline: ItemsProcessed, num_items=476, num_batches=5, token_weight=160411, token_weight_in_effect=160411
I0926 15:54:36.928694 2991330240 c_interface.cc:523] Pass GetScoreValueArgs, score_name=^^^ItemsProcessedScore^^^ to MasterComponent::Request
I0926 15:54:36.928742 2991330240 c_interface.cc:205] ArtmCopyRequestedMessage is copying 54 bytes...
I0926 15:54:36.929126 235888640 c_interface.cc:359] Pass FitOfflineMasterModelArgs, batch_filename_size=5, batch_weight_size=5, num_collection_passes=1 to MN4artm4core15MasterComponentEFvRKNS_25FitOfflineMasterModelArgsEE
I0926 15:54:36.929142 235888640 master_component.cc:1162] ProcessBatchesArgs: nwt_target_name=nwt, batch_filename_size=5, batch_size=0, batch_weight_size=5, pwt_source_name=pwt, num_document_passes=1, regularizer=(name:SparsePhi, tau:-100), class=(text:1), reuse_theta=yes, opt_for_avx=yes, predict_class_id=
I0926 15:54:36.956365 252190720 processor.cc:666] Processing queue has data, processing started
I0926 15:54:36.960752 252190720 processor.cc:742] Processor: start processing batch 0084d552-daec-4198-bd46-c872f259e23f into model nwt
I0926 15:54:36.963737 253263872 processor.cc:666] Processing queue has data, processing started
I0926 15:54:36.967877 253263872 processor.cc:742] Processor: start processing batch 1e51858c-95d1-4570-865b-c7b7005a4170 into model nwt
I0926 15:54:36.970005 252727296 processor.cc:666] Processing queue has data, processing started
I0926 15:54:36.974586 252727296 processor.cc:742] Processor: start processing batch 583904ce-ea4c-4a1a-9143-a93f99a371ee into model nwt
I0926 15:54:36.978375 253800448 processor.cc:666] Processing queue has data, processing started
I0926 15:54:36.983551 253800448 processor.cc:742] Processor: start processing batch 298603b6-4d97-40eb-acf9-8280f2afcec8 into model nwt
I0926 15:54:37.012958 252190720 processor.cc:830] Processor: complete processing batch 0084d552-daec-4198-bd46-c872f259e23f into model nwt
I0926 15:54:37.014711 253263872 processor.cc:830] Processor: complete processing batch 1e51858c-95d1-4570-865b-c7b7005a4170 into model nwt
I0926 15:54:37.015841 252190720 cuckoo_watch.h:44] 59ms in ProcessBatch(school_batches/aaaaaa.batch) [including 3ms in LoadMessage; 1ms in InitializeSparseNdw; 18ms in InferThetaAndUpdateNwtSparse; 19ms in CalculateScore(PerplexityScore); 2ms in CalculateScore(SparsityThetaScore); 9ms in CalculateScore(^^^ItemsProcessedScore^^^); ]
I0926 15:54:37.020299 252190720 processor.cc:742] Processor: start processing batch f4b2adda-4f6f-4053-882f-e46cd49b6d76 into model nwt
I0926 15:54:37.020336 253263872 cuckoo_watch.h:44] 56ms in ProcessBatch(school_batches/aaaaab.batch) [including 3ms in LoadMessage; 0ms in InitializeSparseNdw; 21ms in InferThetaAndUpdateNwtSparse; 12ms in CalculateScore(PerplexityScore); 1ms in CalculateScore(SparsityThetaScore); 9ms in CalculateScore(^^^ItemsProcessedScore^^^); ]
I0926 15:54:37.028142 253800448 processor.cc:830] Processor: complete processing batch 298603b6-4d97-40eb-acf9-8280f2afcec8 into model nwt
I0926 15:54:37.029275 252727296 processor.cc:830] Processor: complete processing batch 583904ce-ea4c-4a1a-9143-a93f99a371ee into model nwt
I0926 15:54:37.031337 252727296 cuckoo_watch.h:44] 61ms in ProcessBatch(school_batches/aaaaac.batch) [including 3ms in LoadMessage; 1ms in InitializeSparseNdw; 23ms in InferThetaAndUpdateNwtSparse; 14ms in CalculateScore(PerplexityScore); 5ms in CalculateScore(SparsityThetaScore); 10ms in CalculateScore(^^^ItemsProcessedScore^^^); ]
I0926 15:54:37.032912 253800448 cuckoo_watch.h:44] 54ms in ProcessBatch(school_batches/aaaaad.batch) [including 4ms in LoadMessage; 1ms in InitializeSparseNdw; 16ms in InferThetaAndUpdateNwtSparse; 15ms in CalculateScore(PerplexityScore); 1ms in CalculateScore(SparsityThetaScore); 9ms in CalculateScore(^^^ItemsProcessedScore^^^); ]
I0926 15:54:37.047691 253263872 processor.cc:659] No data in processing queue, waiting...
I0926 15:54:37.051358 252190720 processor.cc:830] Processor: complete processing batch f4b2adda-4f6f-4053-882f-e46cd49b6d76 into model nwt
I0926 15:54:37.052534 252190720 cuckoo_watch.h:44] 36ms in ProcessBatch(school_batches/aaaaae.batch) [including 3ms in LoadMessage; 1ms in InitializeSparseNdw; 14ms in InferThetaAndUpdateNwtSparse; 8ms in CalculateScore(PerplexityScore); 1ms in CalculateScore(SparsityThetaScore); 5ms in CalculateScore(^^^ItemsProcessedScore^^^); ]
I0926 15:54:37.052634 235888640 master_component.cc:1200] RegularizeModelArgs: rwt_target_name=rwt, pwt_source_name=pwt, nwt_source_name=nwt
I0926 15:54:37.052662 235888640 master_component.cc:785] MasterComponent: start regularizing model pwt
I0926 15:54:37.056407 252727296 processor.cc:659] No data in processing queue, waiting...
I0926 15:54:37.057639 253800448 processor.cc:659] No data in processing queue, waiting...
I0926 15:54:37.076401 252190720 processor.cc:659] No data in processing queue, waiting...
I0926 15:54:37.104882 235888640 master_component.cc:808] MasterComponent: complete regularizing model pwt
I0926 15:54:37.104899 235888640 master_component.cc:1211] NormalizeModelArgs: pwt_target_name=pwt, nwt_source_name=nwt, rwt_source_name=rwt
I0926 15:54:37.104905 235888640 master_component.cc:812] MasterComponent: start normalizing model nwt
I0926 15:54:37.135789 235888640 master_component.cc:834] MasterComponent: complete normalizing model nwt
I0926 15:54:37.155594 235888640 master_component.cc:1235] DisposeModel rwt
I0926 15:54:37.163586 235888640 master_component.cc:858] FitOffline: ItemsProcessed, num_items=476, num_batches=5, token_weight=160411, token_weight_in_effect=160411
I0926 15:54:37.163822 2991330240 c_interface.cc:523] Pass GetScoreValueArgs, score_name=^^^ItemsProcessedScore^^^ to MasterComponent::Request
I0926 15:54:37.163844 2991330240 c_interface.cc:205] ArtmCopyRequestedMessage is copying 54 bytes...
I0926 15:54:37.164224 235888640 c_interface.cc:359] Pass FitOfflineMasterModelArgs, batch_filename_size=5, batch_weight_size=5, num_collection_passes=1 to MN4artm4core15MasterComponentEFvRKNS_25FitOfflineMasterModelArgsEE
I0926 15:54:37.164264 235888640 master_component.cc:1162] ProcessBatchesArgs: nwt_target_name=nwt, batch_filename_size=5, batch_size=0, batch_weight_size=5, pwt_source_name=pwt, num_document_passes=1, regularizer=(name:SparsePhi, tau:-100), class=(text:1), reuse_theta=yes, opt_for_avx=yes, predict_class_id=
I0926 15:54:37.193444 252190720 processor.cc:666] Processing queue has data, processing started
I0926 15:54:37.197522 252190720 processor.cc:742] Processor: start processing batch 0084d552-daec-4198-bd46-c872f259e23f into model nwt
I0926 15:54:37.199873 253800448 processor.cc:666] Processing queue has data, processing started
I0926 15:54:37.204743 253800448 processor.cc:742] Processor: start processing batch 1e51858c-95d1-4570-865b-c7b7005a4170 into model nwt
I0926 15:54:37.209493 253263872 processor.cc:666] Processing queue has data, processing started
I0926 15:54:37.215446 253263872 processor.cc:742] Processor: start processing batch 583904ce-ea4c-4a1a-9143-a93f99a371ee into model nwt
I0926 15:54:37.215917 252727296 processor.cc:666] Processing queue has data, processing started
I0926 15:54:37.220908 252727296 processor.cc:742] Processor: start processing batch 298603b6-4d97-40eb-acf9-8280f2afcec8 into model nwt
I0926 15:54:37.237030 252190720 processor.cc:830] Processor: complete processing batch 0084d552-daec-4198-bd46-c872f259e23f into model nwt
I0926 15:54:37.240505 252190720 cuckoo_watch.h:44] 47ms in ProcessBatch(school_batches/aaaaaa.batch) [including 3ms in LoadMessage; 1ms in InitializeSparseNdw; 13ms in InferThetaAndUpdateNwtSparse; 11ms in CalculateScore(PerplexityScore); 1ms in CalculateScore(SparsityThetaScore); 11ms in CalculateScore(^^^ItemsProcessedScore^^^); ]
I0926 15:54:37.245594 252190720 processor.cc:742] Processor: start processing batch f4b2adda-4f6f-4053-882f-e46cd49b6d76 into model nwt
I0926 15:54:37.255376 253800448 processor.cc:830] Processor: complete processing batch 1e51858c-95d1-4570-865b-c7b7005a4170 into model nwt
I0926 15:54:37.257848 253800448 cuckoo_watch.h:44] 57ms in ProcessBatch(school_batches/aaaaab.batch) [including 3ms in LoadMessage; 1ms in InitializeSparseNdw; 15ms in InferThetaAndUpdateNwtSparse; 19ms in CalculateScore(PerplexityScore); 4ms in CalculateScore(SparsityThetaScore); 9ms in CalculateScore(^^^ItemsProcessedScore^^^); ]
I0926 15:54:37.270038 253263872 processor.cc:830] Processor: complete processing batch 583904ce-ea4c-4a1a-9143-a93f99a371ee into model nwt
I0926 15:54:37.271903 252727296 processor.cc:830] Processor: complete processing batch 298603b6-4d97-40eb-acf9-8280f2afcec8 into model nwt
I0926 15:54:37.272370 253263872 cuckoo_watch.h:44] 62ms in ProcessBatch(school_batches/aaaaac.batch) [including 4ms in LoadMessage; 8ms in InitializeSparseNdw; 22ms in InferThetaAndUpdateNwtSparse; 14ms in CalculateScore(PerplexityScore); 2ms in CalculateScore(SparsityThetaScore); 6ms in CalculateScore(^^^ItemsProcessedScore^^^); ]
I0926 15:54:37.274897 252727296 cuckoo_watch.h:44] 58ms in ProcessBatch(school_batches/aaaaad.batch) [including 3ms in LoadMessage; 1ms in InitializeSparseNdw; 26ms in InferThetaAndUpdateNwtSparse; 13ms in CalculateScore(PerplexityScore); 1ms in CalculateScore(SparsityThetaScore); 8ms in CalculateScore(^^^ItemsProcessedScore^^^); ]
I0926 15:54:37.280426 252190720 processor.cc:830] Processor: complete processing batch f4b2adda-4f6f-4053-882f-e46cd49b6d76 into model nwt
I0926 15:54:37.281560 252190720 cuckoo_watch.h:44] 41ms in ProcessBatch(school_batches/aaaaae.batch) [including 3ms in LoadMessage; 1ms in InitializeSparseNdw; 15ms in InferThetaAndUpdateNwtSparse; 9ms in CalculateScore(PerplexityScore); 2ms in CalculateScore(SparsityThetaScore); 6ms in CalculateScore(^^^ItemsProcessedScore^^^); ]
I0926 15:54:37.281922 253800448 processor.cc:659] No data in processing queue, waiting...
I0926 15:54:37.281924 235888640 master_component.cc:1200] RegularizeModelArgs: rwt_target_name=rwt, pwt_source_name=pwt, nwt_source_name=nwt
I0926 15:54:37.281940 235888640 master_component.cc:785] MasterComponent: start regularizing model pwt
I0926 15:54:37.296340 253263872 processor.cc:659] No data in processing queue, waiting...
I0926 15:54:37.298295 252727296 processor.cc:659] No data in processing queue, waiting...
I0926 15:54:37.305783 252190720 processor.cc:659] No data in processing queue, waiting...
I0926 15:54:37.327005 235888640 master_component.cc:808] MasterComponent: complete regularizing model pwt
I0926 15:54:37.327021 235888640 master_component.cc:1211] NormalizeModelArgs: pwt_target_name=pwt, nwt_source_name=nwt, rwt_source_name=rwt
I0926 15:54:37.327028 235888640 master_component.cc:812] MasterComponent: start normalizing model nwt
I0926 15:54:37.357636 235888640 master_component.cc:834] MasterComponent: complete normalizing model nwt
I0926 15:54:37.376619 235888640 master_component.cc:1235] DisposeModel rwt
I0926 15:54:37.386386 235888640 master_component.cc:858] FitOffline: ItemsProcessed, num_items=476, num_batches=5, token_weight=160411, token_weight_in_effect=160411
I0926 15:54:37.386685 2991330240 c_interface.cc:523] Pass GetScoreValueArgs, score_name=^^^ItemsProcessedScore^^^ to MasterComponent::Request
I0926 15:54:37.386704 2991330240 c_interface.cc:205] ArtmCopyRequestedMessage is copying 54 bytes...
I0926 15:54:37.387171 235888640 c_interface.cc:359] Pass FitOfflineMasterModelArgs, batch_filename_size=5, batch_weight_size=5, num_collection_passes=1 to MN4artm4core15MasterComponentEFvRKNS_25FitOfflineMasterModelArgsEE
I0926 15:54:37.387184 235888640 master_component.cc:1162] ProcessBatchesArgs: nwt_target_name=nwt, batch_filename_size=5, batch_size=0, batch_weight_size=5, pwt_source_name=pwt, num_document_passes=1, regularizer=(name:SparsePhi, tau:-100), class=(text:1), reuse_theta=yes, opt_for_avx=yes, predict_class_id=
I0926 15:54:37.416039 253800448 processor.cc:666] Processing queue has data, processing started
I0926 15:54:37.419263 253800448 processor.cc:742] Processor: start processing batch 0084d552-daec-4198-bd46-c872f259e23f into model nwt
I0926 15:54:37.420675 253263872 processor.cc:666] Processing queue has data, processing started
I0926 15:54:37.425125 253263872 processor.cc:742] Processor: start processing batch 1e51858c-95d1-4570-865b-c7b7005a4170 into model nwt
I0926 15:54:37.428340 252190720 processor.cc:666] Processing queue has data, processing started
I0926 15:54:37.433110 252190720 processor.cc:742] Processor: start processing batch 583904ce-ea4c-4a1a-9143-a93f99a371ee into model nwt
I0926 15:54:37.436092 252727296 processor.cc:666] Processing queue has data, processing started
I0926 15:54:37.444437 252727296 processor.cc:742] Processor: start processing batch 298603b6-4d97-40eb-acf9-8280f2afcec8 into model nwt
I0926 15:54:37.459034 253800448 processor.cc:830] Processor: complete processing batch 0084d552-daec-4198-bd46-c872f259e23f into model nwt
I0926 15:54:37.461848 253800448 cuckoo_watch.h:44] 45ms in ProcessBatch(school_batches/aaaaaa.batch) [including 2ms in LoadMessage; 0ms in InitializeSparseNdw; 14ms in InferThetaAndUpdateNwtSparse; 12ms in CalculateScore(PerplexityScore); 1ms in CalculateScore(SparsityThetaScore); 9ms in CalculateScore(^^^ItemsProcessedScore^^^); ]
I0926 15:54:37.466800 253800448 processor.cc:742] Processor: start processing batch f4b2adda-4f6f-4053-882f-e46cd49b6d76 into model nwt
I0926 15:54:37.468374 253263872 processor.cc:830] Processor: complete processing batch 1e51858c-95d1-4570-865b-c7b7005a4170 into model nwt
I0926 15:54:37.476295 252190720 processor.cc:830] Processor: complete processing batch 583904ce-ea4c-4a1a-9143-a93f99a371ee into model nwt
I0926 15:54:37.477795 253263872 cuckoo_watch.h:44] 57ms in ProcessBatch(school_batches/aaaaab.batch) [including 3ms in LoadMessage; 1ms in InitializeSparseNdw; 15ms in InferThetaAndUpdateNwtSparse; 12ms in CalculateScore(PerplexityScore); 2ms in CalculateScore(SparsityThetaScore); 11ms in CalculateScore(^^^ItemsProcessedScore^^^); ]
I0926 15:54:37.480322 252190720 cuckoo_watch.h:44] 51ms in ProcessBatch(school_batches/aaaaac.batch) [including 3ms in LoadMessage; 1ms in InitializeSparseNdw; 15ms in InferThetaAndUpdateNwtSparse; 13ms in CalculateScore(PerplexityScore); 1ms in CalculateScore(SparsityThetaScore); 10ms in CalculateScore(^^^ItemsProcessedScore^^^); ]
I0926 15:54:37.496570 252727296 processor.cc:830] Processor: complete processing batch 298603b6-4d97-40eb-acf9-8280f2afcec8 into model nwt
I0926 15:54:37.497946 252727296 cuckoo_watch.h:44] 61ms in ProcessBatch(school_batches/aaaaad.batch) [including 7ms in LoadMessage; 7ms in InitializeSparseNdw; 21ms in InferThetaAndUpdateNwtSparse; 13ms in CalculateScore(PerplexityScore); 1ms in CalculateScore(SparsityThetaScore); 8ms in CalculateScore(^^^ItemsProcessedScore^^^); ]
I0926 15:54:37.498425 253800448 processor.cc:830] Processor: complete processing batch f4b2adda-4f6f-4053-882f-e46cd49b6d76 into model nwt
I0926 15:54:37.499649 253800448 cuckoo_watch.h:44] 37ms in ProcessBatch(school_batches/aaaaae.batch) [including 4ms in LoadMessage; 1ms in InitializeSparseNdw; 15ms in InferThetaAndUpdateNwtSparse; 7ms in CalculateScore(PerplexityScore); 1ms in CalculateScore(SparsityThetaScore); 5ms in CalculateScore(^^^ItemsProcessedScore^^^); ]
I0926 15:54:37.501019 235888640 master_component.cc:1200] RegularizeModelArgs: rwt_target_name=rwt, pwt_source_name=pwt, nwt_source_name=nwt
I0926 15:54:37.501042 235888640 master_component.cc:785] MasterComponent: start regularizing model pwt
I0926 15:54:37.501724 253263872 processor.cc:659] No data in processing queue, waiting...
I0926 15:54:37.504288 252190720 processor.cc:659] No data in processing queue, waiting...
I0926 15:54:37.522972 252727296 processor.cc:659] No data in processing queue, waiting...
I0926 15:54:37.524369 253800448 processor.cc:659] No data in processing queue, waiting...
I0926 15:54:37.546495 235888640 master_component.cc:808] MasterComponent: complete regularizing model pwt
I0926 15:54:37.546511 235888640 master_component.cc:1211] NormalizeModelArgs: pwt_target_name=pwt, nwt_source_name=nwt, rwt_source_name=rwt
I0926 15:54:37.546517 235888640 master_component.cc:812] MasterComponent: start normalizing model nwt
I0926 15:54:37.577970 235888640 master_component.cc:834] MasterComponent: complete normalizing model nwt
I0926 15:54:37.597785 235888640 master_component.cc:1235] DisposeModel rwt
I0926 15:54:37.605074 235888640 master_component.cc:858] FitOffline: ItemsProcessed, num_items=476, num_batches=5, token_weight=160411, token_weight_in_effect=160411
I0926 15:54:37.605335 2991330240 c_interface.cc:523] Pass GetScoreValueArgs, score_name=^^^ItemsProcessedScore^^^ to MasterComponent::Request
I0926 15:54:37.605353 2991330240 c_interface.cc:205] ArtmCopyRequestedMessage is copying 54 bytes...
I0926 15:54:37.605913 235888640 c_interface.cc:359] Pass FitOfflineMasterModelArgs, batch_filename_size=5, batch_weight_size=5, num_collection_passes=1 to MN4artm4core15MasterComponentEFvRKNS_25FitOfflineMasterModelArgsEE
I0926 15:54:37.605931 235888640 master_component.cc:1162] ProcessBatchesArgs: nwt_target_name=nwt, batch_filename_size=5, batch_size=0, batch_weight_size=5, pwt_source_name=pwt, num_document_passes=1, regularizer=(name:SparsePhi, tau:-100), class=(text:1), reuse_theta=yes, opt_for_avx=yes, predict_class_id=
I0926 15:54:37.639137 253263872 processor.cc:666] Processing queue has data, processing started
I0926 15:54:37.643631 253263872 processor.cc:742] Processor: start processing batch 0084d552-daec-4198-bd46-c872f259e23f into model nwt
I0926 15:54:37.645037 253800448 processor.cc:666] Processing queue has data, processing started
I0926 15:54:37.649572 253800448 processor.cc:742] Processor: start processing batch 1e51858c-95d1-4570-865b-c7b7005a4170 into model nwt
I0926 15:54:37.650427 252190720 processor.cc:666] Processing queue has data, processing started
I0926 15:54:37.655092 252190720 processor.cc:742] Processor: start processing batch 583904ce-ea4c-4a1a-9143-a93f99a371ee into model nwt
I0926 15:54:37.663450 252727296 processor.cc:666] Processing queue has data, processing started
I0926 15:54:37.668303 252727296 processor.cc:742] Processor: start processing batch 298603b6-4d97-40eb-acf9-8280f2afcec8 into model nwt
I0926 15:54:37.688354 253263872 processor.cc:830] Processor: complete processing batch 0084d552-daec-4198-bd46-c872f259e23f into model nwt
I0926 15:54:37.692370 253263872 cuckoo_watch.h:44] 53ms in ProcessBatch(school_batches/aaaaaa.batch) [including 3ms in LoadMessage; 1ms in InitializeSparseNdw; 15ms in InferThetaAndUpdateNwtSparse; 11ms in CalculateScore(PerplexityScore); 5ms in CalculateScore(SparsityThetaScore); 10ms in CalculateScore(^^^ItemsProcessedScore^^^); ]
I0926 15:54:37.696883 253800448 processor.cc:830] Processor: complete processing batch 1e51858c-95d1-4570-865b-c7b7005a4170 into model nwt
