I0926 15:54:39.894603 253263872 cuckoo_watch.h:44] 59ms in ProcessBatch(school_batches/aaaaac.batch) [including 4ms in LoadMessage; 1ms in InitializeSparseNdw; 19ms in InferThetaAndUpdateNwtSparse; 17ms in CalculateScore(PerplexityScore); 1ms in CalculateScore(SparsityThetaScore); 10ms in CalculateScore(^^^ItemsProcessedScore^^^); ]
I0926 15:54:39.903981 252727296 processor.cc:830] Processor: complete processing batch 298603b6-4d97-40eb-acf9-8280f2afcec8 into model nwt
I0926 15:54:39.908082 252727296 cuckoo_watch.h:44] 59ms in ProcessBatch(school_batches/aaaaad.batch) [including 4ms in LoadMessage; 1ms in InitializeSparseNdw; 16ms in InferThetaAndUpdateNwtSparse; 13ms in CalculateScore(PerplexityScore); 8ms in CalculateScore(SparsityThetaScore); 9ms in CalculateScore(^^^ItemsProcessedScore^^^); ]
I0926 15:54:39.909322 252190720 processor.cc:659] No data in processing queue, waiting...
I0926 15:54:39.921524 253263872 processor.cc:659] No data in processing queue, waiting...
I0926 15:54:39.931056 253800448 processor.cc:830] Processor: complete processing batch f4b2adda-4f6f-4053-882f-e46cd49b6d76 into model nwt
I0926 15:54:39.932363 253800448 cuckoo_watch.h:44] 48ms in ProcessBatch(school_batches/aaaaae.batch) [including 3ms in LoadMessage; 1ms in InitializeSparseNdw; 14ms in InferThetaAndUpdateNwtSparse; 15ms in CalculateScore(PerplexityScore); 1ms in CalculateScore(SparsityThetaScore); 9ms in CalculateScore(^^^ItemsProcessedScore^^^); ]
I0926 15:54:39.932394 252727296 processor.cc:659] No data in processing queue, waiting...
I0926 15:54:39.932404 235888640 master_component.cc:1200] RegularizeModelArgs: rwt_target_name=rwt, pwt_source_name=pwt, nwt_source_name=nwt
I0926 15:54:39.932413 235888640 master_component.cc:785] MasterComponent: start regularizing model pwt
I0926 15:54:39.958184 253800448 processor.cc:659] No data in processing queue, waiting...
I0926 15:54:39.989675 235888640 master_component.cc:808] MasterComponent: complete regularizing model pwt
I0926 15:54:39.989691 235888640 master_component.cc:1211] NormalizeModelArgs: pwt_target_name=pwt, nwt_source_name=nwt, rwt_source_name=rwt
I0926 15:54:39.989701 235888640 master_component.cc:812] MasterComponent: start normalizing model nwt
I0926 15:54:40.021737 235888640 master_component.cc:834] MasterComponent: complete normalizing model nwt
I0926 15:54:40.042186 235888640 master_component.cc:1235] DisposeModel rwt
I0926 15:54:40.051666 235888640 master_component.cc:858] FitOffline: ItemsProcessed, num_items=476, num_batches=5, token_weight=160411, token_weight_in_effect=160411
I0926 15:54:40.051949 2991330240 c_interface.cc:523] Pass GetScoreValueArgs, score_name=^^^ItemsProcessedScore^^^ to MasterComponent::Request
I0926 15:54:40.051997 2991330240 c_interface.cc:205] ArtmCopyRequestedMessage is copying 54 bytes...
I0926 15:54:40.052383 235888640 c_interface.cc:359] Pass FitOfflineMasterModelArgs, batch_filename_size=5, batch_weight_size=5, num_collection_passes=1 to MN4artm4core15MasterComponentEFvRKNS_25FitOfflineMasterModelArgsEE
I0926 15:54:40.052397 235888640 master_component.cc:1162] ProcessBatchesArgs: nwt_target_name=nwt, batch_filename_size=5, batch_size=0, batch_weight_size=5, pwt_source_name=pwt, num_document_passes=1, regularizer=(name:SparsePhi, tau:-100), class=(text:1), reuse_theta=yes, opt_for_avx=yes, predict_class_id=
I0926 15:54:40.091063 253263872 processor.cc:666] Processing queue has data, processing started
I0926 15:54:40.096082 253263872 processor.cc:742] Processor: start processing batch 0084d552-daec-4198-bd46-c872f259e23f into model nwt
I0926 15:54:40.098942 252190720 processor.cc:666] Processing queue has data, processing started
I0926 15:54:40.102684 252190720 processor.cc:742] Processor: start processing batch 1e51858c-95d1-4570-865b-c7b7005a4170 into model nwt
I0926 15:54:40.105571 252727296 processor.cc:666] Processing queue has data, processing started
I0926 15:54:40.110219 252727296 processor.cc:742] Processor: start processing batch 583904ce-ea4c-4a1a-9143-a93f99a371ee into model nwt
I0926 15:54:40.134146 253800448 processor.cc:666] Processing queue has data, processing started
I0926 15:54:40.138911 253800448 processor.cc:742] Processor: start processing batch 298603b6-4d97-40eb-acf9-8280f2afcec8 into model nwt
I0926 15:54:40.149567 252190720 processor.cc:830] Processor: complete processing batch 1e51858c-95d1-4570-865b-c7b7005a4170 into model nwt
I0926 15:54:40.154371 253263872 processor.cc:830] Processor: complete processing batch 0084d552-daec-4198-bd46-c872f259e23f into model nwt
I0926 15:54:40.157004 252190720 cuckoo_watch.h:44] 57ms in ProcessBatch(school_batches/aaaaab.batch) [including 2ms in LoadMessage; 0ms in InitializeSparseNdw; 16ms in InferThetaAndUpdateNwtSparse; 16ms in CalculateScore(PerplexityScore); 1ms in CalculateScore(SparsityThetaScore); 11ms in CalculateScore(^^^ItemsProcessedScore^^^); ]
I0926 15:54:40.162693 253263872 cuckoo_watch.h:44] 71ms in ProcessBatch(school_batches/aaaaaa.batch) [including 3ms in LoadMessage; 1ms in InitializeSparseNdw; 16ms in InferThetaAndUpdateNwtSparse; 12ms in CalculateScore(PerplexityScore); 2ms in CalculateScore(SparsityThetaScore); 24ms in CalculateScore(^^^ItemsProcessedScore^^^); ]
I0926 15:54:40.168321 252190720 processor.cc:742] Processor: start processing batch f4b2adda-4f6f-4053-882f-e46cd49b6d76 into model nwt
I0926 15:54:40.169620 252727296 processor.cc:830] Processor: complete processing batch 583904ce-ea4c-4a1a-9143-a93f99a371ee into model nwt
I0926 15:54:40.171965 252727296 cuckoo_watch.h:44] 66ms in ProcessBatch(school_batches/aaaaac.batch) [including 3ms in LoadMessage; 1ms in InitializeSparseNdw; 16ms in InferThetaAndUpdateNwtSparse; 30ms in CalculateScore(PerplexityScore); 2ms in CalculateScore(SparsityThetaScore); 8ms in CalculateScore(^^^ItemsProcessedScore^^^); ]
I0926 15:54:40.184963 253800448 processor.cc:830] Processor: complete processing batch 298603b6-4d97-40eb-acf9-8280f2afcec8 into model nwt
I0926 15:54:40.187566 253800448 cuckoo_watch.h:44] 53ms in ProcessBatch(school_batches/aaaaad.batch) [including 3ms in LoadMessage; 1ms in InitializeSparseNdw; 22ms in InferThetaAndUpdateNwtSparse; 11ms in CalculateScore(PerplexityScore); 2ms in CalculateScore(SparsityThetaScore); 8ms in CalculateScore(^^^ItemsProcessedScore^^^); ]
I0926 15:54:40.188815 253263872 processor.cc:659] No data in processing queue, waiting...
I0926 15:54:40.194948 252727296 processor.cc:659] No data in processing queue, waiting...
I0926 15:54:40.204354 252190720 processor.cc:830] Processor: complete processing batch f4b2adda-4f6f-4053-882f-e46cd49b6d76 into model nwt
I0926 15:54:40.205585 252190720 cuckoo_watch.h:44] 42ms in ProcessBatch(school_batches/aaaaae.batch) [including 4ms in LoadMessage; 1ms in InitializeSparseNdw; 17ms in InferThetaAndUpdateNwtSparse; 10ms in CalculateScore(PerplexityScore); 1ms in CalculateScore(SparsityThetaScore); 5ms in CalculateScore(^^^ItemsProcessedScore^^^); ]
I0926 15:54:40.205926 235888640 master_component.cc:1200] RegularizeModelArgs: rwt_target_name=rwt, pwt_source_name=pwt, nwt_source_name=nwt
I0926 15:54:40.205950 235888640 master_component.cc:785] MasterComponent: start regularizing model pwt
I0926 15:54:40.210826 253800448 processor.cc:659] No data in processing queue, waiting...
I0926 15:54:40.229043 252190720 processor.cc:659] No data in processing queue, waiting...
I0926 15:54:40.256886 235888640 master_component.cc:808] MasterComponent: complete regularizing model pwt
I0926 15:54:40.256907 235888640 master_component.cc:1211] NormalizeModelArgs: pwt_target_name=pwt, nwt_source_name=nwt, rwt_source_name=rwt
I0926 15:54:40.256916 235888640 master_component.cc:812] MasterComponent: start normalizing model nwt
I0926 15:54:40.289263 235888640 master_component.cc:834] MasterComponent: complete normalizing model nwt
I0926 15:54:40.312234 235888640 master_component.cc:1235] DisposeModel rwt
I0926 15:54:40.321193 235888640 master_component.cc:858] FitOffline: ItemsProcessed, num_items=476, num_batches=5, token_weight=160411, token_weight_in_effect=160411
I0926 15:54:40.321533 2991330240 c_interface.cc:523] Pass GetScoreValueArgs, score_name=^^^ItemsProcessedScore^^^ to MasterComponent::Request
I0926 15:54:40.321553 2991330240 c_interface.cc:205] ArtmCopyRequestedMessage is copying 54 bytes...
I0926 15:54:40.327132 2991330240 c_interface.cc:205] ArtmCopyRequestedMessage is copying 176 bytes...
I0926 15:54:40.328205 2991330240 c_interface.cc:205] ArtmCopyRequestedMessage is copying 978 bytes...
I0926 15:54:40.334956 2991330240 c_interface.cc:205] ArtmCopyRequestedMessage is copying 176 bytes...
I0926 15:54:40.335716 2991330240 c_interface.cc:205] ArtmCopyRequestedMessage is copying 978 bytes...
I0926 15:54:40.342258 2991330240 c_interface.cc:205] ArtmCopyRequestedMessage is copying 176 bytes...
I0926 15:54:40.343267 2991330240 c_interface.cc:205] ArtmCopyRequestedMessage is copying 978 bytes...
I0926 15:54:40.350113 2991330240 c_interface.cc:205] ArtmCopyRequestedMessage is copying 176 bytes...
I0926 15:54:40.350985 2991330240 c_interface.cc:205] ArtmCopyRequestedMessage is copying 978 bytes...
I0926 15:54:52.069563 2991330240 c_interface.cc:205] ArtmCopyRequestedMessage is copying 203397 bytes...
I0926 15:54:52.188827 2991330240 c_interface.cc:205] ArtmCopyRequestedMessage is copying 203397 bytes...
I0926 15:55:03.892056 2991330240 c_interface.cc:205] ArtmCopyRequestedMessage is copying 203397 bytes...
I0926 15:55:04.009850 2991330240 c_interface.cc:205] ArtmCopyRequestedMessage is copying 203397 bytes...
I0926 15:55:16.252858 2991330240 c_interface.cc:246] Creating MasterModel (id=5)...
I0926 15:55:16.254307 2991330240 collection_parser.cc:534] CollectionParserConfig.num_threads is automatically set to 4
W0926 15:55:16.403282 260665344 helpers.cc:211] File already exists: school_batches/aaaaaa.batch
W0926 15:55:16.420658 261201920 helpers.cc:211] File already exists: school_batches/aaaaab.batch
W0926 15:55:16.435889 260128768 helpers.cc:211] File already exists: school_batches/aaaaac.batch
W0926 15:55:16.451934 259592192 helpers.cc:211] File already exists: school_batches/aaaaad.batch
W0926 15:55:16.532209 260665344 helpers.cc:211] File already exists: school_batches/aaaaae.batch
I0926 15:55:16.549157 2991330240 c_interface.cc:345] Pass 477fbaf2-e24e-4b94-a64a-fb2e02cb0acd to MN4artm4core15MasterComponentEFvRKNSt3__112basic_stringIcNS2_11char_traitsIcEENS2_9allocatorIcEEEEE
I0926 15:55:16.549288 2991330240 c_interface.cc:359] Pass GatherDictionaryArgs: dictionary_target_name=477fbaf2-e24e-4b94-a64a-fb2e02cb0acd, data_path=school_batches, symmetric_cooc_values=0 to MN4artm4core15MasterComponentEFvRKNS_20GatherDictionaryArgsEE
I0926 15:55:16.549378 2991330240 dictionary_operations.cc:235] Found 5 batches in 'school_batches' folder
I0926 15:55:16.589184 2991330240 dictionary_operations.cc:292] Find 16099 unique tokens in 476 items
I0926 15:55:16.621351 2991330240 c_interface.cc:345] Pass 5dc093d3-7aae-46a6-a7b1-f3ea1747411b to MN4artm4core15MasterComponentEFvRKNSt3__112basic_stringIcNS2_11char_traitsIcEENS2_9allocatorIcEEEEE
I0926 15:55:16.625720 2991330240 c_interface.cc:309] Disposing MasterComponent (id=2)...
I0926 15:55:16.630515 2991330240 c_interface.cc:205] ArtmCopyRequestedMessage is copying 176 bytes...
I0926 15:55:16.631999 2991330240 c_interface.cc:205] ArtmCopyRequestedMessage is copying 978 bytes...
I0926 15:55:16.639344 2991330240 c_interface.cc:205] ArtmCopyRequestedMessage is copying 176 bytes...
I0926 15:55:16.640209 2991330240 c_interface.cc:205] ArtmCopyRequestedMessage is copying 978 bytes...
I0926 15:55:16.646410 2991330240 c_interface.cc:205] ArtmCopyRequestedMessage is copying 176 bytes...
I0926 15:55:16.647470 2991330240 c_interface.cc:205] ArtmCopyRequestedMessage is copying 978 bytes...
I0926 15:55:16.655174 2991330240 c_interface.cc:205] ArtmCopyRequestedMessage is copying 176 bytes...
I0926 15:55:16.656348 2991330240 c_interface.cc:205] ArtmCopyRequestedMessage is copying 978 bytes...
I0926 15:55:16.666689 2991330240 c_interface.cc:246] Creating MasterModel (id=6)...
I0926 15:55:16.667280 2991330240 c_interface.cc:345] Pass ba04ed77-817c-4dc9-ba73-34ac9a8b2701 to MN4artm4core15MasterComponentEFvRKNSt3__112basic_stringIcNS2_11char_traitsIcEENS2_9allocatorIcEEEEE
I0926 15:55:16.667398 2991330240 c_interface.cc:359] Pass GatherDictionaryArgs: dictionary_target_name=ba04ed77-817c-4dc9-ba73-34ac9a8b2701, data_path=school_batches, symmetric_cooc_values=0 to MN4artm4core15MasterComponentEFvRKNS_20GatherDictionaryArgsEE
I0926 15:55:16.667500 2991330240 dictionary_operations.cc:235] Found 5 batches in 'school_batches' folder
I0926 15:55:16.709169 2991330240 dictionary_operations.cc:292] Find 16099 unique tokens in 476 items
I0926 15:55:16.725638 2991330240 c_interface.cc:345] Pass 477fbaf2-e24e-4b94-a64a-fb2e02cb0acd to MN4artm4core15MasterComponentEFvRKNSt3__112basic_stringIcNS2_11char_traitsIcEENS2_9allocatorIcEEEEE
I0926 15:55:16.728865 2991330240 c_interface.cc:309] Disposing MasterComponent (id=5)...
I0926 15:55:16.733710 2991330240 c_interface.cc:205] ArtmCopyRequestedMessage is copying 176 bytes...
I0926 15:55:16.734586 2991330240 c_interface.cc:205] ArtmCopyRequestedMessage is copying 978 bytes...
I0926 15:55:16.740722 2991330240 c_interface.cc:205] ArtmCopyRequestedMessage is copying 176 bytes...
I0926 15:55:16.741714 2991330240 c_interface.cc:205] ArtmCopyRequestedMessage is copying 978 bytes...
I0926 15:55:16.748447 2991330240 c_interface.cc:205] ArtmCopyRequestedMessage is copying 176 bytes...
I0926 15:55:16.749495 2991330240 c_interface.cc:205] ArtmCopyRequestedMessage is copying 978 bytes...
I0926 15:55:16.755369 2991330240 c_interface.cc:205] ArtmCopyRequestedMessage is copying 176 bytes...
I0926 15:55:16.756443 2991330240 c_interface.cc:205] ArtmCopyRequestedMessage is copying 978 bytes...
I0926 15:55:16.893717 2991330240 instance.cc:380] MasterModelConfig.processors_count is automatically set to 4
I0926 15:55:16.893780 280612864 processor.cc:643] Processor thread started
I0926 15:55:16.893787 281149440 processor.cc:643] Processor thread started
I0926 15:55:16.893828 281686016 processor.cc:643] Processor thread started
I0926 15:55:16.893857 2991330240 c_interface.cc:246] Creating MasterModel (id=7)...
I0926 15:55:16.893865 282222592 processor.cc:643] Processor thread started
I0926 15:55:16.894371 253800448 processor.cc:651] Processor thread stopped
I0926 15:55:16.894379 253800448 processor.cc:652] Total number of processed batches: 67
I0926 15:55:16.895401 253263872 processor.cc:651] Processor thread stopped
I0926 15:55:16.895414 253263872 processor.cc:652] Total number of processed batches: 67
I0926 15:55:16.896687 252727296 processor.cc:651] Processor thread stopped
I0926 15:55:16.896708 252727296 processor.cc:652] Total number of processed batches: 73
I0926 15:55:16.897960 252190720 processor.cc:651] Processor thread stopped
I0926 15:55:16.897972 252190720 processor.cc:652] Total number of processed batches: 68
I0926 15:55:16.916925 281149440 processor.cc:659] No data in processing queue, waiting...
I0926 15:55:16.916925 281686016 processor.cc:659] No data in processing queue, waiting...
I0926 15:55:16.916939 282222592 processor.cc:659] No data in processing queue, waiting...
I0926 15:55:16.916941 280612864 processor.cc:659] No data in processing queue, waiting...
I0926 15:55:16.924144 2991330240 c_interface.cc:309] Disposing MasterComponent (id=3)...
I0926 15:55:16.929486 2991330240 c_interface.cc:205] ArtmCopyRequestedMessage is copying 176 bytes...
I0926 15:55:16.930204 2991330240 c_interface.cc:205] ArtmCopyRequestedMessage is copying 256 bytes...
I0926 15:55:16.942531 2991330240 c_interface.cc:205] ArtmCopyRequestedMessage is copying 176 bytes...
I0926 15:55:16.943194 2991330240 c_interface.cc:205] ArtmCopyRequestedMessage is copying 256 bytes...
I0926 15:55:16.949040 2991330240 c_interface.cc:205] ArtmCopyRequestedMessage is copying 176 bytes...
I0926 15:55:16.949611 2991330240 c_interface.cc:205] ArtmCopyRequestedMessage is copying 256 bytes...
I0926 15:55:16.956851 2991330240 c_interface.cc:205] ArtmCopyRequestedMessage is copying 176 bytes...
I0926 15:55:16.957334 2991330240 c_interface.cc:205] ArtmCopyRequestedMessage is copying 256 bytes...
I0926 15:55:17.221803 2991330240 c_interface.cc:246] Creating MasterModel (id=8)...
I0926 15:55:17.221952 2991330240 c_interface.cc:345] Pass dictionary to MN4artm4core15MasterComponentEFvRKNSt3__112basic_stringIcNS2_11char_traitsIcEENS2_9allocatorIcEEEEE
I0926 15:55:17.227155 2991330240 c_interface.cc:309] Disposing MasterComponent (id=4)...
I0926 15:55:17.227294 2991330240 c_interface.cc:345] Pass dictionary to MN4artm4core15MasterComponentEFvRKNSt3__112basic_stringIcNS2_11char_traitsIcEENS2_9allocatorIcEEEEE
I0926 15:55:17.227437 2991330240 c_interface.cc:359] Pass GatherDictionaryArgs: dictionary_target_name=dictionary, data_path=school_batches, symmetric_cooc_values=0 to MN4artm4core15MasterComponentEFvRKNS_20GatherDictionaryArgsEE
I0926 15:55:17.227556 2991330240 dictionary_operations.cc:235] Found 5 batches in 'school_batches' folder
I0926 15:55:17.271469 2991330240 dictionary_operations.cc:292] Find 16099 unique tokens in 476 items
I0926 15:55:17.298204 2991330240 c_interface.cc:205] ArtmCopyRequestedMessage is copying 176 bytes...
I0926 15:55:17.298956 2991330240 c_interface.cc:205] ArtmCopyRequestedMessage is copying 256 bytes...
I0926 15:55:17.307279 2991330240 c_interface.cc:205] ArtmCopyRequestedMessage is copying 176 bytes...
I0926 15:55:17.307827 2991330240 c_interface.cc:205] ArtmCopyRequestedMessage is copying 256 bytes...
I0926 15:55:17.313948 2991330240 c_interface.cc:205] ArtmCopyRequestedMessage is copying 176 bytes...
I0926 15:55:17.314564 2991330240 c_interface.cc:205] ArtmCopyRequestedMessage is copying 256 bytes...
I0926 15:55:17.320406 2991330240 c_interface.cc:205] ArtmCopyRequestedMessage is copying 176 bytes...
I0926 15:55:17.321030 2991330240 c_interface.cc:205] ArtmCopyRequestedMessage is copying 256 bytes...
I0926 15:55:17.392455 2991330240 c_interface.cc:359] Pass MasterModelConfig: topic_name_size=10, class=(text:1), score_config_size=2, num_processors=0, pwt_name=pwt, nwt_name=nwt, num_document_passes=1, reuse_theta=yes, cache_theta=yes, opt_for_avx=yes, disk_cache_path to MN4artm4core15MasterComponentEFvRKNS_17MasterModelConfigEE
I0926 15:55:17.392487 2991330240 instance.cc:380] MasterModelConfig.processors_count is automatically set to 4
I0926 15:55:17.392518 2991330240 perplexity.cc:24] Perplexity score calculator created: model_type=1, dictionary_name=dictionary
I0926 15:55:17.393502 2991330240 c_interface.cc:359] Pass MasterModelConfig: topic_name_size=10, class=(text:1), score_config_size=3, num_processors=0, pwt_name=pwt, nwt_name=nwt, num_document_passes=1, reuse_theta=yes, cache_theta=yes, opt_for_avx=yes, disk_cache_path to MN4artm4core15MasterComponentEFvRKNS_17MasterModelConfigEE
I0926 15:55:17.393529 2991330240 instance.cc:380] MasterModelConfig.processors_count is automatically set to 4
I0926 15:55:17.393548 2991330240 perplexity.cc:24] Perplexity score calculator created: model_type=1, dictionary_name=dictionary
I0926 15:55:17.394213 2991330240 c_interface.cc:359] Pass MasterModelConfig: topic_name_size=10, class=(text:1), score_config_size=4, num_processors=0, pwt_name=pwt, nwt_name=nwt, num_document_passes=1, reuse_theta=yes, cache_theta=yes, opt_for_avx=yes, disk_cache_path to MN4artm4core15MasterComponentEFvRKNS_17MasterModelConfigEE
I0926 15:55:17.394238 2991330240 instance.cc:380] MasterModelConfig.processors_count is automatically set to 4
I0926 15:55:17.394258 2991330240 perplexity.cc:24] Perplexity score calculator created: model_type=1, dictionary_name=dictionary
I0926 15:55:17.394969 2991330240 c_interface.cc:359] Pass MasterModelConfig: topic_name_size=10, class=(text:1), score_config_size=5, num_processors=0, pwt_name=pwt, nwt_name=nwt, num_document_passes=1, reuse_theta=yes, cache_theta=yes, opt_for_avx=yes, disk_cache_path to MN4artm4core15MasterComponentEFvRKNS_17MasterModelConfigEE
I0926 15:55:17.394994 2991330240 instance.cc:380] MasterModelConfig.processors_count is automatically set to 4
I0926 15:55:17.395010 2991330240 perplexity.cc:24] Perplexity score calculator created: model_type=1, dictionary_name=dictionary
I0926 15:55:17.423477 2991330240 c_interface.cc:205] ArtmCopyRequestedMessage is copying 176 bytes...
I0926 15:55:17.424165 2991330240 c_interface.cc:205] ArtmCopyRequestedMessage is copying 579 bytes...
I0926 15:55:17.431675 2991330240 c_interface.cc:205] ArtmCopyRequestedMessage is copying 176 bytes...
I0926 15:55:17.432389 2991330240 c_interface.cc:205] ArtmCopyRequestedMessage is copying 579 bytes...
I0926 15:55:17.440404 2991330240 c_interface.cc:205] ArtmCopyRequestedMessage is copying 176 bytes...
I0926 15:55:17.441066 2991330240 c_interface.cc:205] ArtmCopyRequestedMessage is copying 579 bytes...
I0926 15:55:17.446728 2991330240 c_interface.cc:205] ArtmCopyRequestedMessage is copying 176 bytes...
I0926 15:55:17.447245 2991330240 c_interface.cc:205] ArtmCopyRequestedMessage is copying 579 bytes...
I0926 15:55:17.549420 2991330240 c_interface.cc:345] Pass pwt to MN4artm4core15MasterComponentEFvRKNSt3__112basic_stringIcNS2_11char_traitsIcEENS2_9allocatorIcEEEEE
I0926 15:55:17.549499 2991330240 c_interface.cc:345] Pass nwt to MN4artm4core15MasterComponentEFvRKNSt3__112basic_stringIcNS2_11char_traitsIcEENS2_9allocatorIcEEEEE
I0926 15:55:17.549741 2991330240 c_interface.cc:359] Pass InitializeModelArgs: model_name=pwt, dictionary_name=dictionary, topic_name_size=10 to MN4artm4core15MasterComponentEFvRKNS_19InitializeModelArgsEE
I0926 15:55:17.626356 2991330240 master_component.cc:502] InitializeModel() created matrix pwt with 10 topics and 16099 tokens; 
I0926 15:55:17.626586 2991330240 c_interface.cc:359] Pass InitializeModelArgs: model_name=nwt, dictionary_name=dictionary, topic_name_size=10 to MN4artm4core15MasterComponentEFvRKNS_19InitializeModelArgsEE
I0926 15:55:17.700898 2991330240 master_component.cc:502] InitializeModel() created matrix nwt with 10 topics and 16099 tokens; 
I0926 15:55:17.701112 2991330240 phi_matrix_operations.cc:82] RetrieveExternalTopicModel() with 10 topics, 16099 tokens
I0926 15:55:17.713348 2991330240 c_interface.cc:205] ArtmCopyRequestedMessage is copying 477630 bytes...
I0926 15:55:18.159386 2991330240 c_interface.cc:205] ArtmCopyRequestedMessage is copying 176 bytes...
I0926 15:55:18.160519 2991330240 c_interface.cc:205] ArtmCopyRequestedMessage is copying 673 bytes...
I0926 15:55:18.167660 2991330240 c_interface.cc:205] ArtmCopyRequestedMessage is copying 176 bytes...
I0926 15:55:18.168733 2991330240 c_interface.cc:205] ArtmCopyRequestedMessage is copying 673 bytes...
I0926 15:55:18.175258 2991330240 c_interface.cc:205] ArtmCopyRequestedMessage is copying 176 bytes...
I0926 15:55:18.176409 2991330240 c_interface.cc:205] ArtmCopyRequestedMessage is copying 673 bytes...
I0926 15:55:18.182759 2991330240 c_interface.cc:205] ArtmCopyRequestedMessage is copying 176 bytes...
I0926 15:55:18.184015 2991330240 c_interface.cc:205] ArtmCopyRequestedMessage is copying 673 bytes...
I0926 15:55:18.402544 264310784 c_interface.cc:359] Pass FitOfflineMasterModelArgs, batch_filename_size=5, batch_weight_size=5, num_collection_passes=1 to MN4artm4core15MasterComponentEFvRKNS_25FitOfflineMasterModelArgsEE
I0926 15:55:18.402567 264310784 master_component.cc:1162] ProcessBatchesArgs: nwt_target_name=nwt, batch_filename_size=5, batch_size=0, batch_weight_size=5, pwt_source_name=pwt, num_document_passes=1, class=(text:1), reuse_theta=yes, opt_for_avx=yes, predict_class_id=
I0926 15:55:18.437414 282222592 processor.cc:666] Processing queue has data, processing started
I0926 15:55:18.441850 282222592 processor.cc:742] Processor: start processing batch 61ec3534-ee8a-4607-a60d-0408428d9d6d into model nwt
I0926 15:55:18.446275 281149440 processor.cc:666] Processing queue has data, processing started
I0926 15:55:18.455214 281149440 processor.cc:742] Processor: start processing batch 0a9d04b2-2f06-4f25-984d-be06a7c5b053 into model nwt
I0926 15:55:18.455386 280612864 processor.cc:666] Processing queue has data, processing started
I0926 15:55:18.460176 280612864 processor.cc:742] Processor: start processing batch f0c6c206-8ac9-485b-ac8f-223f360c4d08 into model nwt
I0926 15:55:18.464047 281686016 processor.cc:666] Processing queue has data, processing started
I0926 15:55:18.468986 281686016 processor.cc:742] Processor: start processing batch 33e32300-d7ad-478c-851b-11647c2305cd into model nwt
I0926 15:55:18.482313 282222592 processor.cc:830] Processor: complete processing batch 61ec3534-ee8a-4607-a60d-0408428d9d6d into model nwt
I0926 15:55:18.485714 282222592 cuckoo_watch.h:44] 48ms in ProcessBatch(school_batches/aaaaaa.batch) [including 3ms in LoadMessage; 1ms in InitializeSparseNdw; 14ms in InferThetaAndUpdateNwtSparse; 12ms in CalculateScore(PerplexityScore); 1ms in CalculateScore(SparsityThetaScore); 9ms in CalculateScore(^^^ItemsProcessedScore^^^); ]
I0926 15:55:18.491200 282222592 processor.cc:742] Processor: start processing batch b20e5b83-f4ef-4da4-a28e-13e75ba61ebb into model nwt
I0926 15:55:18.509119 280612864 processor.cc:830] Processor: complete processing batch f0c6c206-8ac9-485b-ac8f-223f360c4d08 into model nwt
I0926 15:55:18.512881 281686016 processor.cc:830] Processor: complete processing batch 33e32300-d7ad-478c-851b-11647c2305cd into model nwt
I0926 15:55:18.513355 281149440 processor.cc:830] Processor: complete processing batch 0a9d04b2-2f06-4f25-984d-be06a7c5b053 into model nwt
I0926 15:55:18.515143 280612864 cuckoo_watch.h:44] 59ms in ProcessBatch(school_batches/aaaaac.batch) [including 3ms in LoadMessage; 1ms in InitializeSparseNdw; 19ms in InferThetaAndUpdateNwtSparse; 15ms in CalculateScore(PerplexityScore); 1ms in CalculateScore(SparsityThetaScore); 9ms in CalculateScore(^^^ItemsProcessedScore^^^); ]
I0926 15:55:18.516258 281686016 cuckoo_watch.h:44] 52ms in ProcessBatch(school_batches/aaaaad.batch) [including 3ms in LoadMessage; 1ms in InitializeSparseNdw; 15ms in InferThetaAndUpdateNwtSparse; 13ms in CalculateScore(PerplexityScore); 2ms in CalculateScore(SparsityThetaScore); 10ms in CalculateScore(^^^ItemsProcessedScore^^^); ]
I0926 15:55:18.517215 281149440 cuckoo_watch.h:44] 70ms in ProcessBatch(school_batches/aaaaab.batch) [including 7ms in LoadMessage; 1ms in InitializeSparseNdw; 16ms in InferThetaAndUpdateNwtSparse; 25ms in CalculateScore(PerplexityScore); 3ms in CalculateScore(SparsityThetaScore); 11ms in CalculateScore(^^^ItemsProcessedScore^^^); ]
I0926 15:55:18.537569 282222592 processor.cc:830] Processor: complete processing batch b20e5b83-f4ef-4da4-a28e-13e75ba61ebb into model nwt
I0926 15:55:18.538748 282222592 cuckoo_watch.h:44] 52ms in ProcessBatch(school_batches/aaaaae.batch) [including 4ms in LoadMessage; 1ms in InitializeSparseNdw; 28ms in InferThetaAndUpdateNwtSparse; 8ms in CalculateScore(PerplexityScore); 0ms in CalculateScore(SparsityThetaScore); 7ms in CalculateScore(^^^ItemsProcessedScore^^^); ]
I0926 15:55:18.539001 264310784 master_component.cc:1211] NormalizeModelArgs: pwt_target_name=pwt, nwt_source_name=nwt, rwt_source_name=
I0926 15:55:18.539012 264310784 master_component.cc:812] MasterComponent: start normalizing model nwt
I0926 15:55:18.541496 281686016 processor.cc:659] No data in processing queue, waiting...
I0926 15:55:18.543407 281149440 processor.cc:659] No data in processing queue, waiting...
I0926 15:55:18.543428 280612864 processor.cc:659] No data in processing queue, waiting...
I0926 15:55:18.565107 282222592 processor.cc:659] No data in processing queue, waiting...
I0926 15:55:18.566526 264310784 master_component.cc:834] MasterComponent: complete normalizing model nwt
I0926 15:55:18.588940 264310784 master_component.cc:1235] DisposeModel rwt
I0926 15:55:18.588959 264310784 master_component.cc:858] FitOffline: ItemsProcessed, num_items=476, num_batches=5, token_weight=160411, token_weight_in_effect=160411
I0926 15:55:18.589216 2991330240 c_interface.cc:523] Pass GetScoreValueArgs, score_name=^^^ItemsProcessedScore^^^ to MasterComponent::Request
I0926 15:55:18.589262 2991330240 c_interface.cc:205] ArtmCopyRequestedMessage is copying 54 bytes...
I0926 15:55:18.589660 264310784 c_interface.cc:359] Pass FitOfflineMasterModelArgs, batch_filename_size=5, batch_weight_size=5, num_collection_passes=1 to MN4artm4core15MasterComponentEFvRKNS_25FitOfflineMasterModelArgsEE
I0926 15:55:18.589673 264310784 master_component.cc:1162] ProcessBatchesArgs: nwt_target_name=nwt, batch_filename_size=5, batch_size=0, batch_weight_size=5, pwt_source_name=pwt, num_document_passes=1, class=(text:1), reuse_theta=yes, opt_for_avx=yes, predict_class_id=
I0926 15:55:18.626359 281149440 processor.cc:666] Processing queue has data, processing started
I0926 15:55:18.630909 281149440 processor.cc:742] Processor: start processing batch 61ec3534-ee8a-4607-a60d-0408428d9d6d into model nwt
I0926 15:55:18.634240 281686016 processor.cc:666] Processing queue has data, processing started
I0926 15:55:18.639693 281686016 processor.cc:742] Processor: start processing batch 0a9d04b2-2f06-4f25-984d-be06a7c5b053 into model nwt
I0926 15:55:18.644649 280612864 processor.cc:666] Processing queue has data, processing started
I0926 15:55:18.649339 280612864 processor.cc:742] Processor: start processing batch f0c6c206-8ac9-485b-ac8f-223f360c4d08 into model nwt
I0926 15:55:18.663571 282222592 processor.cc:666] Processing queue has data, processing started
I0926 15:55:18.668165 282222592 processor.cc:742] Processor: start processing batch 33e32300-d7ad-478c-851b-11647c2305cd into model nwt
I0926 15:55:18.677515 281149440 processor.cc:830] Processor: complete processing batch 61ec3534-ee8a-4607-a60d-0408428d9d6d into model nwt
I0926 15:55:18.678848 281686016 processor.cc:830] Processor: complete processing batch 0a9d04b2-2f06-4f25-984d-be06a7c5b053 into model nwt
I0926 15:55:18.681258 281149440 cuckoo_watch.h:44] 54ms in ProcessBatch(school_batches/aaaaaa.batch) [including 3ms in LoadMessage; 1ms in InitializeSparseNdw; 14ms in InferThetaAndUpdateNwtSparse; 13ms in CalculateScore(PerplexityScore); 1ms in CalculateScore(SparsityThetaScore); 15ms in CalculateScore(^^^ItemsProcessedScore^^^); ]
I0926 15:55:18.683395 281686016 cuckoo_watch.h:44] 49ms in ProcessBatch(school_batches/aaaaab.batch) [including 4ms in LoadMessage; 1ms in InitializeSparseNdw; 13ms in InferThetaAndUpdateNwtSparse; 11ms in CalculateScore(PerplexityScore); 2ms in CalculateScore(SparsityThetaScore); 9ms in CalculateScore(^^^ItemsProcessedScore^^^); ]
I0926 15:55:18.688208 281149440 processor.cc:742] Processor: start processing batch b20e5b83-f4ef-4da4-a28e-13e75ba61ebb into model nwt
I0926 15:55:18.691493 280612864 processor.cc:830] Processor: complete processing batch f0c6c206-8ac9-485b-ac8f-223f360c4d08 into model nwt
I0926 15:55:18.693262 280612864 cuckoo_watch.h:44] 48ms in ProcessBatch(school_batches/aaaaac.batch) [including 3ms in LoadMessage; 1ms in InitializeSparseNdw; 13ms in InferThetaAndUpdateNwtSparse; 11ms in CalculateScore(PerplexityScore); 1ms in CalculateScore(SparsityThetaScore); 14ms in CalculateScore(^^^ItemsProcessedScore^^^); ]
I0926 15:55:18.706773 282222592 processor.cc:830] Processor: complete processing batch 33e32300-d7ad-478c-851b-11647c2305cd into model nwt
I0926 15:55:18.708904 282222592 cuckoo_watch.h:44] 45ms in ProcessBatch(school_batches/aaaaad.batch) [including 3ms in LoadMessage; 1ms in InitializeSparseNdw; 14ms in InferThetaAndUpdateNwtSparse; 12ms in CalculateScore(PerplexityScore); 1ms in CalculateScore(SparsityThetaScore); 9ms in CalculateScore(^^^ItemsProcessedScore^^^); ]
I0926 15:55:18.713451 281686016 processor.cc:659] No data in processing queue, waiting...
I0926 15:55:18.716764 281149440 processor.cc:830] Processor: complete processing batch b20e5b83-f4ef-4da4-a28e-13e75ba61ebb into model nwt
I0926 15:55:18.718750 281149440 cuckoo_watch.h:44] 37ms in ProcessBatch(school_batches/aaaaae.batch) [including 5ms in LoadMessage; 1ms in InitializeSparseNdw; 11ms in InferThetaAndUpdateNwtSparse; 9ms in CalculateScore(PerplexityScore); 1ms in CalculateScore(SparsityThetaScore); 6ms in CalculateScore(^^^ItemsProcessedScore^^^); ]
I0926 15:55:18.719631 264310784 master_component.cc:1211] NormalizeModelArgs: pwt_target_name=pwt, nwt_source_name=nwt, rwt_source_name=
I0926 15:55:18.719651 264310784 master_component.cc:812] MasterComponent: start normalizing model nwt
I0926 15:55:18.719787 280612864 processor.cc:659] No data in processing queue, waiting...
I0926 15:55:18.734177 282222592 processor.cc:659] No data in processing queue, waiting...
I0926 15:55:18.743057 281149440 processor.cc:659] No data in processing queue, waiting...
I0926 15:55:18.745525 264310784 master_component.cc:834] MasterComponent: complete normalizing model nwt
I0926 15:55:18.768543 264310784 master_component.cc:1235] DisposeModel rwt
I0926 15:55:18.768564 264310784 master_component.cc:858] FitOffline: ItemsProcessed, num_items=476, num_batches=5, token_weight=160411, token_weight_in_effect=160411
I0926 15:55:18.768913 2991330240 c_interface.cc:523] Pass GetScoreValueArgs, score_name=^^^ItemsProcessedScore^^^ to MasterComponent::Request
I0926 15:55:18.768934 2991330240 c_interface.cc:205] ArtmCopyRequestedMessage is copying 54 bytes...
I0926 15:55:18.769371 264310784 c_interface.cc:359] Pass FitOfflineMasterModelArgs, batch_filename_size=5, batch_weight_size=5, num_collection_passes=1 to MN4artm4core15MasterComponentEFvRKNS_25FitOfflineMasterModelArgsEE
I0926 15:55:18.769383 264310784 master_component.cc:1162] ProcessBatchesArgs: nwt_target_name=nwt, batch_filename_size=5, batch_size=0, batch_weight_size=5, pwt_source_name=pwt, num_document_passes=1, class=(text:1), reuse_theta=yes, opt_for_avx=yes, predict_class_id=
I0926 15:55:18.797108 281149440 processor.cc:666] Processing queue has data, processing started
I0926 15:55:18.800462 281149440 processor.cc:742] Processor: start processing batch 61ec3534-ee8a-4607-a60d-0408428d9d6d into model nwt
I0926 15:55:18.803709 280612864 processor.cc:666] Processing queue has data, processing started
I0926 15:55:18.808285 280612864 processor.cc:742] Processor: start processing batch 0a9d04b2-2f06-4f25-984d-be06a7c5b053 into model nwt
I0926 15:55:18.811659 282222592 processor.cc:666] Processing queue has data, processing started
I0926 15:55:18.816265 282222592 processor.cc:742] Processor: start processing batch f0c6c206-8ac9-485b-ac8f-223f360c4d08 into model nwt
I0926 15:55:18.825572 281686016 processor.cc:666] Processing queue has data, processing started
I0926 15:55:18.830168 281686016 processor.cc:742] Processor: start processing batch 33e32300-d7ad-478c-851b-11647c2305cd into model nwt
I0926 15:55:18.845854 281149440 processor.cc:830] Processor: complete processing batch 61ec3534-ee8a-4607-a60d-0408428d9d6d into model nwt
I0926 15:55:18.849185 281149440 cuckoo_watch.h:44] 52ms in ProcessBatch(school_batches/aaaaaa.batch) [including 2ms in LoadMessage; 0ms in InitializeSparseNdw; 11ms in InferThetaAndUpdateNwtSparse; 14ms in CalculateScore(PerplexityScore); 1ms in CalculateScore(SparsityThetaScore); 16ms in CalculateScore(^^^ItemsProcessedScore^^^); ]
I0926 15:55:18.855161 280612864 processor.cc:830] Processor: complete processing batch 0a9d04b2-2f06-4f25-984d-be06a7c5b053 into model nwt
I0926 15:55:18.855630 281149440 processor.cc:742] Processor: start processing batch b20e5b83-f4ef-4da4-a28e-13e75ba61ebb into model nwt
I0926 15:55:18.861904 280612864 cuckoo_watch.h:44] 58ms in ProcessBatch(school_batches/aaaaab.batch) [including 3ms in LoadMessage; 0ms in InitializeSparseNdw; 14ms in InferThetaAndUpdateNwtSparse; 14ms in CalculateScore(PerplexityScore); 1ms in CalculateScore(SparsityThetaScore); 15ms in CalculateScore(^^^ItemsProcessedScore^^^); ]
I0926 15:55:18.872602 282222592 processor.cc:830] Processor: complete processing batch f0c6c206-8ac9-485b-ac8f-223f360c4d08 into model nwt
I0926 15:55:18.872624 281686016 processor.cc:830] Processor: complete processing batch 33e32300-d7ad-478c-851b-11647c2305cd into model nwt
I0926 15:55:18.874121 282222592 cuckoo_watch.h:44] 62ms in ProcessBatch(school_batches/aaaaac.batch) [including 3ms in LoadMessage; 1ms in InitializeSparseNdw; 25ms in InferThetaAndUpdateNwtSparse; 14ms in CalculateScore(PerplexityScore); 3ms in CalculateScore(SparsityThetaScore); 11ms in CalculateScore(^^^ItemsProcessedScore^^^); ]
I0926 15:55:18.874752 281686016 cuckoo_watch.h:44] 49ms in ProcessBatch(school_batches/aaaaad.batch) [including 3ms in LoadMessage; 1ms in InitializeSparseNdw; 15ms in InferThetaAndUpdateNwtSparse; 15ms in CalculateScore(PerplexityScore); 1ms in CalculateScore(SparsityThetaScore); 9ms in CalculateScore(^^^ItemsProcessedScore^^^); ]
I0926 15:55:18.885538 281149440 processor.cc:830] Processor: complete processing batch b20e5b83-f4ef-4da4-a28e-13e75ba61ebb into model nwt
I0926 15:55:18.885941 280612864 processor.cc:659] No data in processing queue, waiting...
I0926 15:55:18.887054 281149440 cuckoo_watch.h:44] 37ms in ProcessBatch(school_batches/aaaaae.batch) [including 5ms in LoadMessage; 1ms in InitializeSparseNdw; 13ms in InferThetaAndUpdateNwtSparse; 8ms in CalculateScore(PerplexityScore); 1ms in CalculateScore(SparsityThetaScore); 6ms in CalculateScore(^^^ItemsProcessedScore^^^); ]
I0926 15:55:18.887212 264310784 master_component.cc:1211] NormalizeModelArgs: pwt_target_name=pwt, nwt_source_name=nwt, rwt_source_name=
I0926 15:55:18.887220 264310784 master_component.cc:812] MasterComponent: start normalizing model nwt
I0926 15:55:18.898238 281686016 processor.cc:659] No data in processing queue, waiting...
I0926 15:55:18.898236 282222592 processor.cc:659] No data in processing queue, waiting...
I0926 15:55:18.910657 281149440 processor.cc:659] No data in processing queue, waiting...
I0926 15:55:18.916044 264310784 master_component.cc:834] MasterComponent: complete normalizing model nwt
I0926 15:55:18.939842 264310784 master_component.cc:1235] DisposeModel rwt
I0926 15:55:18.939858 264310784 master_component.cc:858] FitOffline: ItemsProcessed, num_items=476, num_batches=5, token_weight=160411, token_weight_in_effect=160411
I0926 15:55:18.940129 2991330240 c_interface.cc:523] Pass GetScoreValueArgs, score_name=^^^ItemsProcessedScore^^^ to MasterComponent::Request
I0926 15:55:18.940178 2991330240 c_interface.cc:205] ArtmCopyRequestedMessage is copying 54 bytes...
I0926 15:55:18.940671 264310784 c_interface.cc:359] Pass FitOfflineMasterModelArgs, batch_filename_size=5, batch_weight_size=5, num_collection_passes=1 to MN4artm4core15MasterComponentEFvRKNS_25FitOfflineMasterModelArgsEE
I0926 15:55:18.940696 264310784 master_component.cc:1162] ProcessBatchesArgs: nwt_target_name=nwt, batch_filename_size=5, batch_size=0, batch_weight_size=5, pwt_source_name=pwt, num_document_passes=1, class=(text:1), reuse_theta=yes, opt_for_avx=yes, predict_class_id=
I0926 15:55:18.967823 281686016 processor.cc:666] Processing queue has data, processing started
I0926 15:55:18.972209 281686016 processor.cc:742] Processor: start processing batch 61ec3534-ee8a-4607-a60d-0408428d9d6d into model nwt
I0926 15:55:18.973500 280612864 processor.cc:666] Processing queue has data, processing started
I0926 15:55:18.978298 280612864 processor.cc:742] Processor: start processing batch 0a9d04b2-2f06-4f25-984d-be06a7c5b053 into model nwt
I0926 15:55:18.982466 282222592 processor.cc:666] Processing queue has data, processing started
I0926 15:55:18.988415 282222592 processor.cc:742] Processor: start processing batch f0c6c206-8ac9-485b-ac8f-223f360c4d08 into model nwt
I0926 15:55:18.992202 281149440 processor.cc:666] Processing queue has data, processing started
I0926 15:55:18.996810 281149440 processor.cc:742] Processor: start processing batch 33e32300-d7ad-478c-851b-11647c2305cd into model nwt
I0926 15:55:19.013025 281686016 processor.cc:830] Processor: complete processing batch 61ec3534-ee8a-4607-a60d-0408428d9d6d into model nwt
I0926 15:55:19.016219 281686016 cuckoo_watch.h:44] 48ms in ProcessBatch(school_batches/aaaaaa.batch) [including 3ms in LoadMessage; 0ms in InitializeSparseNdw; 10ms in InferThetaAndUpdateNwtSparse; 12ms in CalculateScore(PerplexityScore); 1ms in CalculateScore(SparsityThetaScore); 15ms in CalculateScore(^^^ItemsProcessedScore^^^); ]
I0926 15:55:19.023576 280612864 processor.cc:830] Processor: complete processing batch 0a9d04b2-2f06-4f25-984d-be06a7c5b053 into model nwt
I0926 15:55:19.026626 280612864 cuckoo_watch.h:44] 53ms in ProcessBatch(school_batches/aaaaab.batch) [including 3ms in LoadMessage; 1ms in InitializeSparseNdw; 12ms in InferThetaAndUpdateNwtSparse; 14ms in CalculateScore(PerplexityScore); 1ms in CalculateScore(SparsityThetaScore); 15ms in CalculateScore(^^^ItemsProcessedScore^^^); ]
I0926 15:55:19.029116 282222592 processor.cc:830] Processor: complete processing batch f0c6c206-8ac9-485b-ac8f-223f360c4d08 into model nwt
I0926 15:55:19.029539 281686016 processor.cc:742] Processor: start processing batch b20e5b83-f4ef-4da4-a28e-13e75ba61ebb into model nwt
I0926 15:55:19.031182 282222592 cuckoo_watch.h:44] 48ms in ProcessBatch(school_batches/aaaaac.batch) [including 5ms in LoadMessage; 1ms in InitializeSparseNdw; 16ms in InferThetaAndUpdateNwtSparse; 11ms in CalculateScore(PerplexityScore); 1ms in CalculateScore(SparsityThetaScore); 9ms in CalculateScore(^^^ItemsProcessedScore^^^); ]
I0926 15:55:19.038300 281149440 processor.cc:830] Processor: complete processing batch 33e32300-d7ad-478c-851b-11647c2305cd into model nwt
I0926 15:55:19.040388 281149440 cuckoo_watch.h:44] 48ms in ProcessBatch(school_batches/aaaaad.batch) [including 3ms in LoadMessage; 1ms in InitializeSparseNdw; 13ms in InferThetaAndUpdateNwtSparse; 15ms in CalculateScore(PerplexityScore); 1ms in CalculateScore(SparsityThetaScore); 10ms in CalculateScore(^^^ItemsProcessedScore^^^); ]
I0926 15:55:19.055194 280612864 processor.cc:659] No data in processing queue, waiting...
I0926 15:55:19.056694 282222592 processor.cc:659] No data in processing queue, waiting...
I0926 15:55:19.057958 281686016 processor.cc:830] Processor: complete processing batch b20e5b83-f4ef-4da4-a28e-13e75ba61ebb into model nwt
I0926 15:55:19.059675 281686016 cuckoo_watch.h:44] 43ms in ProcessBatch(school_batches/aaaaae.batch) [including 12ms in LoadMessage; 1ms in InitializeSparseNdw; 10ms in InferThetaAndUpdateNwtSparse; 8ms in CalculateScore(PerplexityScore); 0ms in CalculateScore(SparsityThetaScore); 6ms in CalculateScore(^^^ItemsProcessedScore^^^); ]
I0926 15:55:19.060632 264310784 master_component.cc:1211] NormalizeModelArgs: pwt_target_name=pwt, nwt_source_name=nwt, rwt_source_name=
I0926 15:55:19.060647 264310784 master_component.cc:812] MasterComponent: start normalizing model nwt
I0926 15:55:19.066697 281149440 processor.cc:659] No data in processing queue, waiting...
I0926 15:55:19.083914 281686016 processor.cc:659] No data in processing queue, waiting...
I0926 15:55:19.089254 264310784 master_component.cc:834] MasterComponent: complete normalizing model nwt
I0926 15:55:19.115675 264310784 master_component.cc:1235] DisposeModel rwt
I0926 15:55:19.115694 264310784 master_component.cc:858] FitOffline: ItemsProcessed, num_items=476, num_batches=5, token_weight=160411, token_weight_in_effect=160411
I0926 15:55:19.115918 2991330240 c_interface.cc:523] Pass GetScoreValueArgs, score_name=^^^ItemsProcessedScore^^^ to MasterComponent::Request
I0926 15:55:19.115939 2991330240 c_interface.cc:205] ArtmCopyRequestedMessage is copying 54 bytes...
I0926 15:55:19.116369 264310784 c_interface.cc:359] Pass FitOfflineMasterModelArgs, batch_filename_size=5, batch_weight_size=5, num_collection_passes=1 to MN4artm4core15MasterComponentEFvRKNS_25FitOfflineMasterModelArgsEE
I0926 15:55:19.116402 264310784 master_component.cc:1162] ProcessBatchesArgs: nwt_target_name=nwt, batch_filename_size=5, batch_size=0, batch_weight_size=5, pwt_source_name=pwt, num_document_passes=1, class=(text:1), reuse_theta=yes, opt_for_avx=yes, predict_class_id=
I0926 15:55:19.143725 281149440 processor.cc:666] Processing queue has data, processing started
I0926 15:55:19.147148 281149440 processor.cc:742] Processor: start processing batch 61ec3534-ee8a-4607-a60d-0408428d9d6d into model nwt
I0926 15:55:19.148463 282222592 processor.cc:666] Processing queue has data, processing started
I0926 15:55:19.152986 282222592 processor.cc:742] Processor: start processing batch 0a9d04b2-2f06-4f25-984d-be06a7c5b053 into model nwt
I0926 15:55:19.157141 280612864 processor.cc:666] Processing queue has data, processing started
I0926 15:55:19.161983 280612864 processor.cc:742] Processor: start processing batch f0c6c206-8ac9-485b-ac8f-223f360c4d08 into model nwt
I0926 15:55:19.168429 281686016 processor.cc:666] Processing queue has data, processing started
I0926 15:55:19.173243 281686016 processor.cc:742] Processor: start processing batch 33e32300-d7ad-478c-851b-11647c2305cd into model nwt
I0926 15:55:19.190678 282222592 processor.cc:830] Processor: complete processing batch 0a9d04b2-2f06-4f25-984d-be06a7c5b053 into model nwt
I0926 15:55:19.190713 281149440 processor.cc:830] Processor: complete processing batch 61ec3534-ee8a-4607-a60d-0408428d9d6d into model nwt
I0926 15:55:19.194748 282222592 cuckoo_watch.h:44] 46ms in ProcessBatch(school_batches/aaaaab.batch) [including 3ms in LoadMessage; 1ms in InitializeSparseNdw; 12ms in InferThetaAndUpdateNwtSparse; 12ms in CalculateScore(PerplexityScore); 1ms in CalculateScore(SparsityThetaScore); 9ms in CalculateScore(^^^ItemsProcessedScore^^^); ]
I0926 15:55:19.195857 281149440 cuckoo_watch.h:44] 52ms in ProcessBatch(school_batches/aaaaaa.batch) [including 2ms in LoadMessage; 1ms in InitializeSparseNdw; 13ms in InferThetaAndUpdateNwtSparse; 15ms in CalculateScore(PerplexityScore); 2ms in CalculateScore(SparsityThetaScore); 11ms in CalculateScore(^^^ItemsProcessedScore^^^); ]
I0926 15:55:19.198582 282222592 processor.cc:742] Processor: start processing batch b20e5b83-f4ef-4da4-a28e-13e75ba61ebb into model nwt
I0926 15:55:19.200390 280612864 processor.cc:830] Processor: complete processing batch f0c6c206-8ac9-485b-ac8f-223f360c4d08 into model nwt
I0926 15:55:19.202968 280612864 cuckoo_watch.h:44] 45ms in ProcessBatch(school_batches/aaaaac.batch) [including 3ms in LoadMessage; 1ms in InitializeSparseNdw; 12ms in InferThetaAndUpdateNwtSparse; 11ms in CalculateScore(PerplexityScore); 1ms in CalculateScore(SparsityThetaScore); 10ms in CalculateScore(^^^ItemsProcessedScore^^^); ]
I0926 15:55:19.214781 281686016 processor.cc:830] Processor: complete processing batch 33e32300-d7ad-478c-851b-11647c2305cd into model nwt
I0926 15:55:19.216354 281686016 cuckoo_watch.h:44] 47ms in ProcessBatch(school_batches/aaaaad.batch) [including 3ms in LoadMessage; 1ms in InitializeSparseNdw; 21ms in InferThetaAndUpdateNwtSparse; 11ms in CalculateScore(PerplexityScore); 1ms in CalculateScore(SparsityThetaScore); 5ms in CalculateScore(^^^ItemsProcessedScore^^^); ]
I0926 15:55:19.219300 281149440 processor.cc:659] No data in processing queue, waiting...
I0926 15:55:19.223364 282222592 processor.cc:830] Processor: complete processing batch b20e5b83-f4ef-4da4-a28e-13e75ba61ebb into model nwt
I0926 15:55:19.225009 282222592 cuckoo_watch.h:44] 30ms in ProcessBatch(school_batches/aaaaae.batch) [including 3ms in LoadMessage; 1ms in InitializeSparseNdw; 9ms in InferThetaAndUpdateNwtSparse; 6ms in CalculateScore(PerplexityScore); 1ms in CalculateScore(SparsityThetaScore); 6ms in CalculateScore(^^^ItemsProcessedScore^^^); ]
I0926 15:55:19.225877 264310784 master_component.cc:1211] NormalizeModelArgs: pwt_target_name=pwt, nwt_source_name=nwt, rwt_source_name=
I0926 15:55:19.225893 264310784 master_component.cc:812] MasterComponent: start normalizing model nwt
I0926 15:55:19.227135 280612864 processor.cc:659] No data in processing queue, waiting...
I0926 15:55:19.240160 281686016 processor.cc:659] No data in processing queue, waiting...
I0926 15:55:19.249161 282222592 processor.cc:659] No data in processing queue, waiting...
I0926 15:55:19.252094 264310784 master_component.cc:834] MasterComponent: complete normalizing model nwt
I0926 15:55:19.274986 264310784 master_component.cc:1235] DisposeModel rwt
I0926 15:55:19.275002 264310784 master_component.cc:858] FitOffline: ItemsProcessed, num_items=476, num_batches=5, token_weight=160411, token_weight_in_effect=160411
I0926 15:55:19.275285 2991330240 c_interface.cc:523] Pass GetScoreValueArgs, score_name=^^^ItemsProcessedScore^^^ to MasterComponent::Request
I0926 15:55:19.275302 2991330240 c_interface.cc:205] ArtmCopyRequestedMessage is copying 54 bytes...
I0926 15:55:19.275770 264310784 c_interface.cc:359] Pass FitOfflineMasterModelArgs, batch_filename_size=5, batch_weight_size=5, num_collection_passes=1 to MN4artm4core15MasterComponentEFvRKNS_25FitOfflineMasterModelArgsEE
I0926 15:55:19.275782 264310784 master_component.cc:1162] ProcessBatchesArgs: nwt_target_name=nwt, batch_filename_size=5, batch_size=0, batch_weight_size=5, pwt_source_name=pwt, num_document_passes=1, class=(text:1), reuse_theta=yes, opt_for_avx=yes, predict_class_id=
I0926 15:55:19.303134 280612864 processor.cc:666] Processing queue has data, processing started
I0926 15:55:19.306342 280612864 processor.cc:742] Processor: start processing batch 61ec3534-ee8a-4607-a60d-0408428d9d6d into model nwt
I0926 15:55:19.308172 282222592 processor.cc:666] Processing queue has data, processing started
I0926 15:55:19.313014 282222592 processor.cc:742] Processor: start processing batch 0a9d04b2-2f06-4f25-984d-be06a7c5b053 into model nwt
I0926 15:55:19.316565 281149440 processor.cc:666] Processing queue has data, processing started
I0926 15:55:19.321460 281149440 processor.cc:742] Processor: start processing batch f0c6c206-8ac9-485b-ac8f-223f360c4d08 into model nwt
