I0926 15:54:37.699705 252190720 processor.cc:830] Processor: complete processing batch 583904ce-ea4c-4a1a-9143-a93f99a371ee into model nwt
I0926 15:54:37.699856 253800448 cuckoo_watch.h:44] 54ms in ProcessBatch(school_batches/aaaaab.batch) [including 3ms in LoadMessage; 1ms in InitializeSparseNdw; 18ms in InferThetaAndUpdateNwtSparse; 14ms in CalculateScore(PerplexityScore); 2ms in CalculateScore(SparsityThetaScore); 10ms in CalculateScore(^^^ItemsProcessedScore^^^); ]
I0926 15:54:37.705832 252190720 cuckoo_watch.h:44] 55ms in ProcessBatch(school_batches/aaaaac.batch) [including 3ms in LoadMessage; 1ms in InitializeSparseNdw; 20ms in InferThetaAndUpdateNwtSparse; 11ms in CalculateScore(PerplexityScore); 1ms in CalculateScore(SparsityThetaScore); 9ms in CalculateScore(^^^ItemsProcessedScore^^^); ]
I0926 15:54:37.707020 253263872 processor.cc:742] Processor: start processing batch f4b2adda-4f6f-4053-882f-e46cd49b6d76 into model nwt
I0926 15:54:37.712115 252727296 processor.cc:830] Processor: complete processing batch 298603b6-4d97-40eb-acf9-8280f2afcec8 into model nwt
I0926 15:54:37.713276 252727296 cuckoo_watch.h:44] 49ms in ProcessBatch(school_batches/aaaaad.batch) [including 3ms in LoadMessage; 1ms in InitializeSparseNdw; 16ms in InferThetaAndUpdateNwtSparse; 15ms in CalculateScore(PerplexityScore); 1ms in CalculateScore(SparsityThetaScore); 9ms in CalculateScore(^^^ItemsProcessedScore^^^); ]
I0926 15:54:37.725090 253800448 processor.cc:659] No data in processing queue, waiting...
I0926 15:54:37.730278 252190720 processor.cc:659] No data in processing queue, waiting...
I0926 15:54:37.735838 253263872 processor.cc:830] Processor: complete processing batch f4b2adda-4f6f-4053-882f-e46cd49b6d76 into model nwt
I0926 15:54:37.736479 252727296 processor.cc:659] No data in processing queue, waiting...
I0926 15:54:37.737864 253263872 cuckoo_watch.h:44] 38ms in ProcessBatch(school_batches/aaaaae.batch) [including 7ms in LoadMessage; 0ms in InitializeSparseNdw; 11ms in InferThetaAndUpdateNwtSparse; 9ms in CalculateScore(PerplexityScore); 1ms in CalculateScore(SparsityThetaScore); 6ms in CalculateScore(^^^ItemsProcessedScore^^^); ]
I0926 15:54:37.738934 235888640 master_component.cc:1200] RegularizeModelArgs: rwt_target_name=rwt, pwt_source_name=pwt, nwt_source_name=nwt
I0926 15:54:37.738953 235888640 master_component.cc:785] MasterComponent: start regularizing model pwt
I0926 15:54:37.760876 253263872 processor.cc:659] No data in processing queue, waiting...
I0926 15:54:37.790246 235888640 master_component.cc:808] MasterComponent: complete regularizing model pwt
I0926 15:54:37.790264 235888640 master_component.cc:1211] NormalizeModelArgs: pwt_target_name=pwt, nwt_source_name=nwt, rwt_source_name=rwt
I0926 15:54:37.790272 235888640 master_component.cc:812] MasterComponent: start normalizing model nwt
I0926 15:54:37.820797 235888640 master_component.cc:834] MasterComponent: complete normalizing model nwt
I0926 15:54:37.842113 235888640 master_component.cc:1235] DisposeModel rwt
I0926 15:54:37.849753 235888640 master_component.cc:858] FitOffline: ItemsProcessed, num_items=476, num_batches=5, token_weight=160411, token_weight_in_effect=160411
I0926 15:54:37.849977 2991330240 c_interface.cc:523] Pass GetScoreValueArgs, score_name=^^^ItemsProcessedScore^^^ to MasterComponent::Request
I0926 15:54:37.849994 2991330240 c_interface.cc:205] ArtmCopyRequestedMessage is copying 54 bytes...
I0926 15:54:37.850365 235888640 c_interface.cc:359] Pass FitOfflineMasterModelArgs, batch_filename_size=5, batch_weight_size=5, num_collection_passes=1 to MN4artm4core15MasterComponentEFvRKNS_25FitOfflineMasterModelArgsEE
I0926 15:54:37.850414 235888640 master_component.cc:1162] ProcessBatchesArgs: nwt_target_name=nwt, batch_filename_size=5, batch_size=0, batch_weight_size=5, pwt_source_name=pwt, num_document_passes=1, regularizer=(name:SparsePhi, tau:-100), class=(text:1), reuse_theta=yes, opt_for_avx=yes, predict_class_id=
I0926 15:54:37.881201 253263872 processor.cc:666] Processing queue has data, processing started
I0926 15:54:37.884330 253263872 processor.cc:742] Processor: start processing batch 0084d552-daec-4198-bd46-c872f259e23f into model nwt
I0926 15:54:37.886766 253800448 processor.cc:666] Processing queue has data, processing started
I0926 15:54:37.892489 253800448 processor.cc:742] Processor: start processing batch 1e51858c-95d1-4570-865b-c7b7005a4170 into model nwt
I0926 15:54:37.893535 252727296 processor.cc:666] Processing queue has data, processing started
I0926 15:54:37.898396 252727296 processor.cc:742] Processor: start processing batch 583904ce-ea4c-4a1a-9143-a93f99a371ee into model nwt
I0926 15:54:37.904741 252190720 processor.cc:666] Processing queue has data, processing started
I0926 15:54:37.910270 252190720 processor.cc:742] Processor: start processing batch 298603b6-4d97-40eb-acf9-8280f2afcec8 into model nwt
I0926 15:54:37.922612 253263872 processor.cc:830] Processor: complete processing batch 0084d552-daec-4198-bd46-c872f259e23f into model nwt
I0926 15:54:37.925611 253263872 cuckoo_watch.h:44] 44ms in ProcessBatch(school_batches/aaaaaa.batch) [including 2ms in LoadMessage; 0ms in InitializeSparseNdw; 14ms in InferThetaAndUpdateNwtSparse; 11ms in CalculateScore(PerplexityScore); 2ms in CalculateScore(SparsityThetaScore); 8ms in CalculateScore(^^^ItemsProcessedScore^^^); ]
I0926 15:54:37.930094 253263872 processor.cc:742] Processor: start processing batch f4b2adda-4f6f-4053-882f-e46cd49b6d76 into model nwt
I0926 15:54:37.945076 253800448 processor.cc:830] Processor: complete processing batch 1e51858c-95d1-4570-865b-c7b7005a4170 into model nwt
I0926 15:54:37.947412 252727296 processor.cc:830] Processor: complete processing batch 583904ce-ea4c-4a1a-9143-a93f99a371ee into model nwt
I0926 15:54:37.948318 253800448 cuckoo_watch.h:44] 61ms in ProcessBatch(school_batches/aaaaab.batch) [including 4ms in LoadMessage; 0ms in InitializeSparseNdw; 21ms in InferThetaAndUpdateNwtSparse; 15ms in CalculateScore(PerplexityScore); 1ms in CalculateScore(SparsityThetaScore); 12ms in CalculateScore(^^^ItemsProcessedScore^^^); ]
I0926 15:54:37.949862 252727296 cuckoo_watch.h:44] 56ms in ProcessBatch(school_batches/aaaaac.batch) [including 3ms in LoadMessage; 1ms in InitializeSparseNdw; 20ms in InferThetaAndUpdateNwtSparse; 12ms in CalculateScore(PerplexityScore); 1ms in CalculateScore(SparsityThetaScore); 12ms in CalculateScore(^^^ItemsProcessedScore^^^); ]
I0926 15:54:37.952453 252190720 processor.cc:830] Processor: complete processing batch 298603b6-4d97-40eb-acf9-8280f2afcec8 into model nwt
I0926 15:54:37.953796 252190720 cuckoo_watch.h:44] 49ms in ProcessBatch(school_batches/aaaaad.batch) [including 4ms in LoadMessage; 1ms in InitializeSparseNdw; 17ms in InferThetaAndUpdateNwtSparse; 11ms in CalculateScore(PerplexityScore); 2ms in CalculateScore(SparsityThetaScore); 9ms in CalculateScore(^^^ItemsProcessedScore^^^); ]
I0926 15:54:37.962908 253263872 processor.cc:830] Processor: complete processing batch f4b2adda-4f6f-4053-882f-e46cd49b6d76 into model nwt
I0926 15:54:37.964046 253263872 cuckoo_watch.h:44] 38ms in ProcessBatch(school_batches/aaaaae.batch) [including 3ms in LoadMessage; 1ms in InitializeSparseNdw; 14ms in InferThetaAndUpdateNwtSparse; 8ms in CalculateScore(PerplexityScore); 1ms in CalculateScore(SparsityThetaScore); 6ms in CalculateScore(^^^ItemsProcessedScore^^^); ]
I0926 15:54:37.965292 235888640 master_component.cc:1200] RegularizeModelArgs: rwt_target_name=rwt, pwt_source_name=pwt, nwt_source_name=nwt
I0926 15:54:37.965313 235888640 master_component.cc:785] MasterComponent: start regularizing model pwt
I0926 15:54:37.972929 253800448 processor.cc:659] No data in processing queue, waiting...
I0926 15:54:37.974354 252727296 processor.cc:659] No data in processing queue, waiting...
I0926 15:54:37.977852 252190720 processor.cc:659] No data in processing queue, waiting...
I0926 15:54:37.987455 253263872 processor.cc:659] No data in processing queue, waiting...
I0926 15:54:38.014142 235888640 master_component.cc:808] MasterComponent: complete regularizing model pwt
I0926 15:54:38.014160 235888640 master_component.cc:1211] NormalizeModelArgs: pwt_target_name=pwt, nwt_source_name=nwt, rwt_source_name=rwt
I0926 15:54:38.014168 235888640 master_component.cc:812] MasterComponent: start normalizing model nwt
I0926 15:54:38.044385 235888640 master_component.cc:834] MasterComponent: complete normalizing model nwt
I0926 15:54:38.064208 235888640 master_component.cc:1235] DisposeModel rwt
I0926 15:54:38.071497 235888640 master_component.cc:858] FitOffline: ItemsProcessed, num_items=476, num_batches=5, token_weight=160411, token_weight_in_effect=160411
I0926 15:54:38.071781 2991330240 c_interface.cc:523] Pass GetScoreValueArgs, score_name=^^^ItemsProcessedScore^^^ to MasterComponent::Request
I0926 15:54:38.071841 2991330240 c_interface.cc:205] ArtmCopyRequestedMessage is copying 54 bytes...
I0926 15:54:38.072307 235888640 c_interface.cc:359] Pass FitOfflineMasterModelArgs, batch_filename_size=5, batch_weight_size=5, num_collection_passes=1 to MN4artm4core15MasterComponentEFvRKNS_25FitOfflineMasterModelArgsEE
I0926 15:54:38.072319 235888640 master_component.cc:1162] ProcessBatchesArgs: nwt_target_name=nwt, batch_filename_size=5, batch_size=0, batch_weight_size=5, pwt_source_name=pwt, num_document_passes=1, regularizer=(name:SparsePhi, tau:-100), class=(text:1), reuse_theta=yes, opt_for_avx=yes, predict_class_id=
I0926 15:54:38.103837 252190720 processor.cc:666] Processing queue has data, processing started
I0926 15:54:38.107087 252190720 processor.cc:742] Processor: start processing batch 0084d552-daec-4198-bd46-c872f259e23f into model nwt
I0926 15:54:38.110085 253263872 processor.cc:666] Processing queue has data, processing started
I0926 15:54:38.114884 253263872 processor.cc:742] Processor: start processing batch 1e51858c-95d1-4570-865b-c7b7005a4170 into model nwt
I0926 15:54:38.118957 253800448 processor.cc:666] Processing queue has data, processing started
I0926 15:54:38.123574 253800448 processor.cc:742] Processor: start processing batch 583904ce-ea4c-4a1a-9143-a93f99a371ee into model nwt
I0926 15:54:38.129709 252727296 processor.cc:666] Processing queue has data, processing started
I0926 15:54:38.134677 252727296 processor.cc:742] Processor: start processing batch 298603b6-4d97-40eb-acf9-8280f2afcec8 into model nwt
I0926 15:54:38.152070 252190720 processor.cc:830] Processor: complete processing batch 0084d552-daec-4198-bd46-c872f259e23f into model nwt
I0926 15:54:38.155175 253263872 processor.cc:830] Processor: complete processing batch 1e51858c-95d1-4570-865b-c7b7005a4170 into model nwt
I0926 15:54:38.158442 253263872 cuckoo_watch.h:44] 48ms in ProcessBatch(school_batches/aaaaab.batch) [including 3ms in LoadMessage; 1ms in InitializeSparseNdw; 15ms in InferThetaAndUpdateNwtSparse; 12ms in CalculateScore(PerplexityScore); 1ms in CalculateScore(SparsityThetaScore); 9ms in CalculateScore(^^^ItemsProcessedScore^^^); ]
I0926 15:54:38.159140 252190720 cuckoo_watch.h:44] 55ms in ProcessBatch(school_batches/aaaaaa.batch) [including 2ms in LoadMessage; 0ms in InitializeSparseNdw; 15ms in InferThetaAndUpdateNwtSparse; 16ms in CalculateScore(PerplexityScore); 2ms in CalculateScore(SparsityThetaScore); 9ms in CalculateScore(^^^ItemsProcessedScore^^^); ]
I0926 15:54:38.162367 253263872 processor.cc:742] Processor: start processing batch f4b2adda-4f6f-4053-882f-e46cd49b6d76 into model nwt
I0926 15:54:38.167595 253800448 processor.cc:830] Processor: complete processing batch 583904ce-ea4c-4a1a-9143-a93f99a371ee into model nwt
I0926 15:54:38.170539 253800448 cuckoo_watch.h:44] 51ms in ProcessBatch(school_batches/aaaaac.batch) [including 3ms in LoadMessage; 1ms in InitializeSparseNdw; 19ms in InferThetaAndUpdateNwtSparse; 12ms in CalculateScore(PerplexityScore); 1ms in CalculateScore(SparsityThetaScore); 9ms in CalculateScore(^^^ItemsProcessedScore^^^); ]
I0926 15:54:38.177966 252727296 processor.cc:830] Processor: complete processing batch 298603b6-4d97-40eb-acf9-8280f2afcec8 into model nwt
I0926 15:54:38.179714 252727296 cuckoo_watch.h:44] 49ms in ProcessBatch(school_batches/aaaaad.batch) [including 4ms in LoadMessage; 1ms in InitializeSparseNdw; 20ms in InferThetaAndUpdateNwtSparse; 11ms in CalculateScore(PerplexityScore); 1ms in CalculateScore(SparsityThetaScore); 8ms in CalculateScore(^^^ItemsProcessedScore^^^); ]
I0926 15:54:38.186221 252190720 processor.cc:659] No data in processing queue, waiting...
I0926 15:54:38.190454 253263872 processor.cc:830] Processor: complete processing batch f4b2adda-4f6f-4053-882f-e46cd49b6d76 into model nwt
I0926 15:54:38.192179 253263872 cuckoo_watch.h:44] 33ms in ProcessBatch(school_batches/aaaaae.batch) [including 3ms in LoadMessage; 0ms in InitializeSparseNdw; 12ms in InferThetaAndUpdateNwtSparse; 7ms in CalculateScore(PerplexityScore); 1ms in CalculateScore(SparsityThetaScore); 5ms in CalculateScore(^^^ItemsProcessedScore^^^); ]
I0926 15:54:38.193521 235888640 master_component.cc:1200] RegularizeModelArgs: rwt_target_name=rwt, pwt_source_name=pwt, nwt_source_name=nwt
I0926 15:54:38.193543 235888640 master_component.cc:785] MasterComponent: start regularizing model pwt
I0926 15:54:38.194782 253800448 processor.cc:659] No data in processing queue, waiting...
I0926 15:54:38.203532 252727296 processor.cc:659] No data in processing queue, waiting...
I0926 15:54:38.216176 253263872 processor.cc:659] No data in processing queue, waiting...
I0926 15:54:38.240223 235888640 master_component.cc:808] MasterComponent: complete regularizing model pwt
I0926 15:54:38.240241 235888640 master_component.cc:1211] NormalizeModelArgs: pwt_target_name=pwt, nwt_source_name=nwt, rwt_source_name=rwt
I0926 15:54:38.240247 235888640 master_component.cc:812] MasterComponent: start normalizing model nwt
I0926 15:54:38.270774 235888640 master_component.cc:834] MasterComponent: complete normalizing model nwt
I0926 15:54:38.290524 235888640 master_component.cc:1235] DisposeModel rwt
I0926 15:54:38.299033 235888640 master_component.cc:858] FitOffline: ItemsProcessed, num_items=476, num_batches=5, token_weight=160411, token_weight_in_effect=160411
I0926 15:54:38.299327 2991330240 c_interface.cc:523] Pass GetScoreValueArgs, score_name=^^^ItemsProcessedScore^^^ to MasterComponent::Request
I0926 15:54:38.299345 2991330240 c_interface.cc:205] ArtmCopyRequestedMessage is copying 54 bytes...
I0926 15:54:38.299834 235888640 c_interface.cc:359] Pass FitOfflineMasterModelArgs, batch_filename_size=5, batch_weight_size=5, num_collection_passes=1 to MN4artm4core15MasterComponentEFvRKNS_25FitOfflineMasterModelArgsEE
I0926 15:54:38.299846 235888640 master_component.cc:1162] ProcessBatchesArgs: nwt_target_name=nwt, batch_filename_size=5, batch_size=0, batch_weight_size=5, pwt_source_name=pwt, num_document_passes=1, regularizer=(name:SparsePhi, tau:-100), class=(text:1), reuse_theta=yes, opt_for_avx=yes, predict_class_id=
I0926 15:54:38.328330 253800448 processor.cc:666] Processing queue has data, processing started
I0926 15:54:38.331526 253800448 processor.cc:742] Processor: start processing batch 0084d552-daec-4198-bd46-c872f259e23f into model nwt
I0926 15:54:38.335225 253263872 processor.cc:666] Processing queue has data, processing started
I0926 15:54:38.340121 253263872 processor.cc:742] Processor: start processing batch 1e51858c-95d1-4570-865b-c7b7005a4170 into model nwt
I0926 15:54:38.342169 252190720 processor.cc:666] Processing queue has data, processing started
I0926 15:54:38.346902 252190720 processor.cc:742] Processor: start processing batch 583904ce-ea4c-4a1a-9143-a93f99a371ee into model nwt
I0926 15:54:38.352216 252727296 processor.cc:666] Processing queue has data, processing started
I0926 15:54:38.356983 252727296 processor.cc:742] Processor: start processing batch 298603b6-4d97-40eb-acf9-8280f2afcec8 into model nwt
I0926 15:54:38.375634 253800448 processor.cc:830] Processor: complete processing batch 0084d552-daec-4198-bd46-c872f259e23f into model nwt
I0926 15:54:38.378646 253800448 cuckoo_watch.h:44] 50ms in ProcessBatch(school_batches/aaaaaa.batch) [including 2ms in LoadMessage; 0ms in InitializeSparseNdw; 16ms in InferThetaAndUpdateNwtSparse; 14ms in CalculateScore(PerplexityScore); 2ms in CalculateScore(SparsityThetaScore); 9ms in CalculateScore(^^^ItemsProcessedScore^^^); ]
I0926 15:54:38.384277 253263872 processor.cc:830] Processor: complete processing batch 1e51858c-95d1-4570-865b-c7b7005a4170 into model nwt
I0926 15:54:38.386890 253263872 cuckoo_watch.h:44] 51ms in ProcessBatch(school_batches/aaaaab.batch) [including 4ms in LoadMessage; 1ms in InitializeSparseNdw; 15ms in InferThetaAndUpdateNwtSparse; 14ms in CalculateScore(PerplexityScore); 3ms in CalculateScore(SparsityThetaScore); 9ms in CalculateScore(^^^ItemsProcessedScore^^^); ]
I0926 15:54:38.396143 253800448 processor.cc:742] Processor: start processing batch f4b2adda-4f6f-4053-882f-e46cd49b6d76 into model nwt
I0926 15:54:38.396579 252190720 processor.cc:830] Processor: complete processing batch 583904ce-ea4c-4a1a-9143-a93f99a371ee into model nwt
I0926 15:54:38.400488 252190720 cuckoo_watch.h:44] 58ms in ProcessBatch(school_batches/aaaaac.batch) [including 3ms in LoadMessage; 1ms in InitializeSparseNdw; 16ms in InferThetaAndUpdateNwtSparse; 13ms in CalculateScore(PerplexityScore); 1ms in CalculateScore(SparsityThetaScore); 15ms in CalculateScore(^^^ItemsProcessedScore^^^); ]
I0926 15:54:38.400614 252727296 processor.cc:830] Processor: complete processing batch 298603b6-4d97-40eb-acf9-8280f2afcec8 into model nwt
I0926 15:54:38.402704 252727296 cuckoo_watch.h:44] 50ms in ProcessBatch(school_batches/aaaaad.batch) [including 3ms in LoadMessage; 1ms in InitializeSparseNdw; 15ms in InferThetaAndUpdateNwtSparse; 12ms in CalculateScore(PerplexityScore); 1ms in CalculateScore(SparsityThetaScore); 12ms in CalculateScore(^^^ItemsProcessedScore^^^); ]
I0926 15:54:38.420706 253263872 processor.cc:659] No data in processing queue, waiting...
I0926 15:54:38.424355 252190720 processor.cc:659] No data in processing queue, waiting...
I0926 15:54:38.425997 253800448 processor.cc:830] Processor: complete processing batch f4b2adda-4f6f-4053-882f-e46cd49b6d76 into model nwt
I0926 15:54:38.426873 252727296 processor.cc:659] No data in processing queue, waiting...
I0926 15:54:38.427433 253800448 cuckoo_watch.h:44] 39ms in ProcessBatch(school_batches/aaaaae.batch) [including 4ms in LoadMessage; 1ms in InitializeSparseNdw; 13ms in InferThetaAndUpdateNwtSparse; 7ms in CalculateScore(PerplexityScore); 1ms in CalculateScore(SparsityThetaScore); 6ms in CalculateScore(^^^ItemsProcessedScore^^^); ]
I0926 15:54:38.428166 235888640 master_component.cc:1200] RegularizeModelArgs: rwt_target_name=rwt, pwt_source_name=pwt, nwt_source_name=nwt
I0926 15:54:38.428187 235888640 master_component.cc:785] MasterComponent: start regularizing model pwt
I0926 15:54:38.451331 253800448 processor.cc:659] No data in processing queue, waiting...
I0926 15:54:38.473495 235888640 master_component.cc:808] MasterComponent: complete regularizing model pwt
I0926 15:54:38.473511 235888640 master_component.cc:1211] NormalizeModelArgs: pwt_target_name=pwt, nwt_source_name=nwt, rwt_source_name=rwt
I0926 15:54:38.473517 235888640 master_component.cc:812] MasterComponent: start normalizing model nwt
I0926 15:54:38.507233 235888640 master_component.cc:834] MasterComponent: complete normalizing model nwt
I0926 15:54:38.526602 235888640 master_component.cc:1235] DisposeModel rwt
I0926 15:54:38.535038 235888640 master_component.cc:858] FitOffline: ItemsProcessed, num_items=476, num_batches=5, token_weight=160411, token_weight_in_effect=160411
I0926 15:54:38.535300 2991330240 c_interface.cc:523] Pass GetScoreValueArgs, score_name=^^^ItemsProcessedScore^^^ to MasterComponent::Request
I0926 15:54:38.535347 2991330240 c_interface.cc:205] ArtmCopyRequestedMessage is copying 54 bytes...
I0926 15:54:38.535768 235888640 c_interface.cc:359] Pass FitOfflineMasterModelArgs, batch_filename_size=5, batch_weight_size=5, num_collection_passes=1 to MN4artm4core15MasterComponentEFvRKNS_25FitOfflineMasterModelArgsEE
I0926 15:54:38.535779 235888640 master_component.cc:1162] ProcessBatchesArgs: nwt_target_name=nwt, batch_filename_size=5, batch_size=0, batch_weight_size=5, pwt_source_name=pwt, num_document_passes=1, regularizer=(name:SparsePhi, tau:-100), class=(text:1), reuse_theta=yes, opt_for_avx=yes, predict_class_id=
I0926 15:54:38.564838 252727296 processor.cc:666] Processing queue has data, processing started
I0926 15:54:38.568120 252727296 processor.cc:742] Processor: start processing batch 0084d552-daec-4198-bd46-c872f259e23f into model nwt
I0926 15:54:38.570605 253263872 processor.cc:666] Processing queue has data, processing started
I0926 15:54:38.575176 253263872 processor.cc:742] Processor: start processing batch 1e51858c-95d1-4570-865b-c7b7005a4170 into model nwt
I0926 15:54:38.578521 252190720 processor.cc:666] Processing queue has data, processing started
I0926 15:54:38.582597 252190720 processor.cc:742] Processor: start processing batch 583904ce-ea4c-4a1a-9143-a93f99a371ee into model nwt
I0926 15:54:38.586371 253800448 processor.cc:666] Processing queue has data, processing started
I0926 15:54:38.597285 253800448 processor.cc:742] Processor: start processing batch 298603b6-4d97-40eb-acf9-8280f2afcec8 into model nwt
I0926 15:54:38.620801 252727296 processor.cc:830] Processor: complete processing batch 0084d552-daec-4198-bd46-c872f259e23f into model nwt
I0926 15:54:38.626961 252727296 cuckoo_watch.h:44] 62ms in ProcessBatch(school_batches/aaaaaa.batch) [including 2ms in LoadMessage; 1ms in InitializeSparseNdw; 15ms in InferThetaAndUpdateNwtSparse; 16ms in CalculateScore(PerplexityScore); 1ms in CalculateScore(SparsityThetaScore); 16ms in CalculateScore(^^^ItemsProcessedScore^^^); ]
I0926 15:54:38.627315 253263872 processor.cc:830] Processor: complete processing batch 1e51858c-95d1-4570-865b-c7b7005a4170 into model nwt
I0926 15:54:38.629272 253263872 cuckoo_watch.h:44] 58ms in ProcessBatch(school_batches/aaaaab.batch) [including 3ms in LoadMessage; 1ms in InitializeSparseNdw; 20ms in InferThetaAndUpdateNwtSparse; 18ms in CalculateScore(PerplexityScore); 1ms in CalculateScore(SparsityThetaScore); 9ms in CalculateScore(^^^ItemsProcessedScore^^^); ]
I0926 15:54:38.633095 252190720 processor.cc:830] Processor: complete processing batch 583904ce-ea4c-4a1a-9143-a93f99a371ee into model nwt
I0926 15:54:38.635661 252190720 cuckoo_watch.h:44] 57ms in ProcessBatch(school_batches/aaaaac.batch) [including 3ms in LoadMessage; 0ms in InitializeSparseNdw; 16ms in InferThetaAndUpdateNwtSparse; 19ms in CalculateScore(PerplexityScore); 1ms in CalculateScore(SparsityThetaScore); 11ms in CalculateScore(^^^ItemsProcessedScore^^^); ]
I0926 15:54:38.637167 252727296 processor.cc:742] Processor: start processing batch f4b2adda-4f6f-4053-882f-e46cd49b6d76 into model nwt
I0926 15:54:38.649185 253800448 processor.cc:830] Processor: complete processing batch 298603b6-4d97-40eb-acf9-8280f2afcec8 into model nwt
I0926 15:54:38.652263 253800448 cuckoo_watch.h:44] 65ms in ProcessBatch(school_batches/aaaaad.batch) [including 9ms in LoadMessage; 1ms in InitializeSparseNdw; 26ms in InferThetaAndUpdateNwtSparse; 12ms in CalculateScore(PerplexityScore); 2ms in CalculateScore(SparsityThetaScore); 9ms in CalculateScore(^^^ItemsProcessedScore^^^); ]
I0926 15:54:38.658303 253263872 processor.cc:659] No data in processing queue, waiting...
I0926 15:54:38.664353 252190720 processor.cc:659] No data in processing queue, waiting...
I0926 15:54:38.671277 252727296 processor.cc:830] Processor: complete processing batch f4b2adda-4f6f-4053-882f-e46cd49b6d76 into model nwt
I0926 15:54:38.673055 252727296 cuckoo_watch.h:44] 40ms in ProcessBatch(school_batches/aaaaae.batch) [including 3ms in LoadMessage; 1ms in InitializeSparseNdw; 16ms in InferThetaAndUpdateNwtSparse; 8ms in CalculateScore(PerplexityScore); 1ms in CalculateScore(SparsityThetaScore); 5ms in CalculateScore(^^^ItemsProcessedScore^^^); ]
I0926 15:54:38.673786 235888640 master_component.cc:1200] RegularizeModelArgs: rwt_target_name=rwt, pwt_source_name=pwt, nwt_source_name=nwt
I0926 15:54:38.673802 235888640 master_component.cc:785] MasterComponent: start regularizing model pwt
I0926 15:54:38.679381 253800448 processor.cc:659] No data in processing queue, waiting...
I0926 15:54:38.699764 252727296 processor.cc:659] No data in processing queue, waiting...
I0926 15:54:38.718842 235888640 master_component.cc:808] MasterComponent: complete regularizing model pwt
I0926 15:54:38.718858 235888640 master_component.cc:1211] NormalizeModelArgs: pwt_target_name=pwt, nwt_source_name=nwt, rwt_source_name=rwt
I0926 15:54:38.718863 235888640 master_component.cc:812] MasterComponent: start normalizing model nwt
I0926 15:54:38.751291 235888640 master_component.cc:834] MasterComponent: complete normalizing model nwt
I0926 15:54:38.770838 235888640 master_component.cc:1235] DisposeModel rwt
I0926 15:54:38.778776 235888640 master_component.cc:858] FitOffline: ItemsProcessed, num_items=476, num_batches=5, token_weight=160411, token_weight_in_effect=160411
I0926 15:54:38.778996 2991330240 c_interface.cc:523] Pass GetScoreValueArgs, score_name=^^^ItemsProcessedScore^^^ to MasterComponent::Request
I0926 15:54:38.779016 2991330240 c_interface.cc:205] ArtmCopyRequestedMessage is copying 54 bytes...
I0926 15:54:38.779472 235888640 c_interface.cc:359] Pass FitOfflineMasterModelArgs, batch_filename_size=5, batch_weight_size=5, num_collection_passes=1 to MN4artm4core15MasterComponentEFvRKNS_25FitOfflineMasterModelArgsEE
I0926 15:54:38.779485 235888640 master_component.cc:1162] ProcessBatchesArgs: nwt_target_name=nwt, batch_filename_size=5, batch_size=0, batch_weight_size=5, pwt_source_name=pwt, num_document_passes=1, regularizer=(name:SparsePhi, tau:-100), class=(text:1), reuse_theta=yes, opt_for_avx=yes, predict_class_id=
I0926 15:54:38.807516 252190720 processor.cc:666] Processing queue has data, processing started
I0926 15:54:38.812227 252190720 processor.cc:742] Processor: start processing batch 0084d552-daec-4198-bd46-c872f259e23f into model nwt
I0926 15:54:38.816107 253800448 processor.cc:666] Processing queue has data, processing started
I0926 15:54:38.820710 253800448 processor.cc:742] Processor: start processing batch 1e51858c-95d1-4570-865b-c7b7005a4170 into model nwt
I0926 15:54:38.823329 253263872 processor.cc:666] Processing queue has data, processing started
I0926 15:54:38.828044 253263872 processor.cc:742] Processor: start processing batch 583904ce-ea4c-4a1a-9143-a93f99a371ee into model nwt
I0926 15:54:38.831044 252727296 processor.cc:666] Processing queue has data, processing started
I0926 15:54:38.836190 252727296 processor.cc:742] Processor: start processing batch 298603b6-4d97-40eb-acf9-8280f2afcec8 into model nwt
I0926 15:54:38.853202 252190720 processor.cc:830] Processor: complete processing batch 0084d552-daec-4198-bd46-c872f259e23f into model nwt
I0926 15:54:38.856390 252190720 cuckoo_watch.h:44] 48ms in ProcessBatch(school_batches/aaaaaa.batch) [including 3ms in LoadMessage; 1ms in InitializeSparseNdw; 15ms in InferThetaAndUpdateNwtSparse; 12ms in CalculateScore(PerplexityScore); 2ms in CalculateScore(SparsityThetaScore); 9ms in CalculateScore(^^^ItemsProcessedScore^^^); ]
I0926 15:54:38.862778 252190720 processor.cc:742] Processor: start processing batch f4b2adda-4f6f-4053-882f-e46cd49b6d76 into model nwt
I0926 15:54:38.863078 253800448 processor.cc:830] Processor: complete processing batch 1e51858c-95d1-4570-865b-c7b7005a4170 into model nwt
I0926 15:54:38.866462 253800448 cuckoo_watch.h:44] 50ms in ProcessBatch(school_batches/aaaaab.batch) [including 3ms in LoadMessage; 1ms in InitializeSparseNdw; 16ms in InferThetaAndUpdateNwtSparse; 12ms in CalculateScore(PerplexityScore); 2ms in CalculateScore(SparsityThetaScore); 9ms in CalculateScore(^^^ItemsProcessedScore^^^); ]
I0926 15:54:38.870896 253263872 processor.cc:830] Processor: complete processing batch 583904ce-ea4c-4a1a-9143-a93f99a371ee into model nwt
I0926 15:54:38.872134 253263872 cuckoo_watch.h:44] 48ms in ProcessBatch(school_batches/aaaaac.batch) [including 3ms in LoadMessage; 1ms in InitializeSparseNdw; 16ms in InferThetaAndUpdateNwtSparse; 14ms in CalculateScore(PerplexityScore); 1ms in CalculateScore(SparsityThetaScore); 8ms in CalculateScore(^^^ItemsProcessedScore^^^); ]
I0926 15:54:38.879791 252727296 processor.cc:830] Processor: complete processing batch 298603b6-4d97-40eb-acf9-8280f2afcec8 into model nwt
I0926 15:54:38.881192 252727296 cuckoo_watch.h:44] 50ms in ProcessBatch(school_batches/aaaaad.batch) [including 4ms in LoadMessage; 5ms in InitializeSparseNdw; 17ms in InferThetaAndUpdateNwtSparse; 12ms in CalculateScore(PerplexityScore); 1ms in CalculateScore(SparsityThetaScore); 6ms in CalculateScore(^^^ItemsProcessedScore^^^); ]
I0926 15:54:38.890049 253800448 processor.cc:659] No data in processing queue, waiting...
I0926 15:54:38.891398 252190720 processor.cc:830] Processor: complete processing batch f4b2adda-4f6f-4053-882f-e46cd49b6d76 into model nwt
I0926 15:54:38.892971 252190720 cuckoo_watch.h:44] 34ms in ProcessBatch(school_batches/aaaaae.batch) [including 3ms in LoadMessage; 1ms in InitializeSparseNdw; 13ms in InferThetaAndUpdateNwtSparse; 6ms in CalculateScore(PerplexityScore); 0ms in CalculateScore(SparsityThetaScore); 5ms in CalculateScore(^^^ItemsProcessedScore^^^); ]
I0926 15:54:38.893038 235888640 master_component.cc:1200] RegularizeModelArgs: rwt_target_name=rwt, pwt_source_name=pwt, nwt_source_name=nwt
I0926 15:54:38.893051 235888640 master_component.cc:785] MasterComponent: start regularizing model pwt
I0926 15:54:38.896505 253263872 processor.cc:659] No data in processing queue, waiting...
I0926 15:54:38.905567 252727296 processor.cc:659] No data in processing queue, waiting...
I0926 15:54:38.917277 252190720 processor.cc:659] No data in processing queue, waiting...
I0926 15:54:38.936870 235888640 master_component.cc:808] MasterComponent: complete regularizing model pwt
I0926 15:54:38.936885 235888640 master_component.cc:1211] NormalizeModelArgs: pwt_target_name=pwt, nwt_source_name=nwt, rwt_source_name=rwt
I0926 15:54:38.936890 235888640 master_component.cc:812] MasterComponent: start normalizing model nwt
I0926 15:54:38.968159 235888640 master_component.cc:834] MasterComponent: complete normalizing model nwt
I0926 15:54:38.992897 235888640 master_component.cc:1235] DisposeModel rwt
I0926 15:54:39.002698 235888640 master_component.cc:858] FitOffline: ItemsProcessed, num_items=476, num_batches=5, token_weight=160411, token_weight_in_effect=160411
I0926 15:54:39.002938 2991330240 c_interface.cc:523] Pass GetScoreValueArgs, score_name=^^^ItemsProcessedScore^^^ to MasterComponent::Request
I0926 15:54:39.002959 2991330240 c_interface.cc:205] ArtmCopyRequestedMessage is copying 54 bytes...
I0926 15:54:39.003386 235888640 c_interface.cc:359] Pass FitOfflineMasterModelArgs, batch_filename_size=5, batch_weight_size=5, num_collection_passes=1 to MN4artm4core15MasterComponentEFvRKNS_25FitOfflineMasterModelArgsEE
I0926 15:54:39.003398 235888640 master_component.cc:1162] ProcessBatchesArgs: nwt_target_name=nwt, batch_filename_size=5, batch_size=0, batch_weight_size=5, pwt_source_name=pwt, num_document_passes=1, regularizer=(name:SparsePhi, tau:-100), class=(text:1), reuse_theta=yes, opt_for_avx=yes, predict_class_id=
I0926 15:54:39.032196 253263872 processor.cc:666] Processing queue has data, processing started
I0926 15:54:39.035446 253263872 processor.cc:742] Processor: start processing batch 0084d552-daec-4198-bd46-c872f259e23f into model nwt
I0926 15:54:39.039584 253800448 processor.cc:666] Processing queue has data, processing started
I0926 15:54:39.044057 253800448 processor.cc:742] Processor: start processing batch 1e51858c-95d1-4570-865b-c7b7005a4170 into model nwt
I0926 15:54:39.053704 252727296 processor.cc:666] Processing queue has data, processing started
I0926 15:54:39.055217 252190720 processor.cc:666] Processing queue has data, processing started
I0926 15:54:39.060072 252727296 processor.cc:742] Processor: start processing batch 583904ce-ea4c-4a1a-9143-a93f99a371ee into model nwt
I0926 15:54:39.062710 252190720 processor.cc:742] Processor: start processing batch 298603b6-4d97-40eb-acf9-8280f2afcec8 into model nwt
I0926 15:54:39.076890 253263872 processor.cc:830] Processor: complete processing batch 0084d552-daec-4198-bd46-c872f259e23f into model nwt
I0926 15:54:39.081215 253263872 cuckoo_watch.h:44] 48ms in ProcessBatch(school_batches/aaaaaa.batch) [including 2ms in LoadMessage; 1ms in InitializeSparseNdw; 14ms in InferThetaAndUpdateNwtSparse; 12ms in CalculateScore(PerplexityScore); 1ms in CalculateScore(SparsityThetaScore); 10ms in CalculateScore(^^^ItemsProcessedScore^^^); ]
I0926 15:54:39.087867 253800448 processor.cc:830] Processor: complete processing batch 1e51858c-95d1-4570-865b-c7b7005a4170 into model nwt
I0926 15:54:39.090545 253263872 processor.cc:742] Processor: start processing batch f4b2adda-4f6f-4053-882f-e46cd49b6d76 into model nwt
I0926 15:54:39.093863 253800448 cuckoo_watch.h:44] 54ms in ProcessBatch(school_batches/aaaaab.batch) [including 3ms in LoadMessage; 1ms in InitializeSparseNdw; 15ms in InferThetaAndUpdateNwtSparse; 11ms in CalculateScore(PerplexityScore); 1ms in CalculateScore(SparsityThetaScore); 13ms in CalculateScore(^^^ItemsProcessedScore^^^); ]
I0926 15:54:39.109956 252727296 processor.cc:830] Processor: complete processing batch 583904ce-ea4c-4a1a-9143-a93f99a371ee into model nwt
I0926 15:54:39.112311 252727296 cuckoo_watch.h:44] 58ms in ProcessBatch(school_batches/aaaaac.batch) [including 4ms in LoadMessage; 2ms in InitializeSparseNdw; 21ms in InferThetaAndUpdateNwtSparse; 15ms in CalculateScore(PerplexityScore); 1ms in CalculateScore(SparsityThetaScore); 8ms in CalculateScore(^^^ItemsProcessedScore^^^); ]
I0926 15:54:39.113081 252190720 processor.cc:830] Processor: complete processing batch 298603b6-4d97-40eb-acf9-8280f2afcec8 into model nwt
I0926 15:54:39.114454 252190720 cuckoo_watch.h:44] 59ms in ProcessBatch(school_batches/aaaaad.batch) [including 5ms in LoadMessage; 1ms in InitializeSparseNdw; 22ms in InferThetaAndUpdateNwtSparse; 13ms in CalculateScore(PerplexityScore); 1ms in CalculateScore(SparsityThetaScore); 10ms in CalculateScore(^^^ItemsProcessedScore^^^); ]
I0926 15:54:39.119663 253800448 processor.cc:659] No data in processing queue, waiting...
I0926 15:54:39.120944 253263872 processor.cc:830] Processor: complete processing batch f4b2adda-4f6f-4053-882f-e46cd49b6d76 into model nwt
I0926 15:54:39.122465 253263872 cuckoo_watch.h:44] 36ms in ProcessBatch(school_batches/aaaaae.batch) [including 3ms in LoadMessage; 1ms in InitializeSparseNdw; 14ms in InferThetaAndUpdateNwtSparse; 8ms in CalculateScore(PerplexityScore); 0ms in CalculateScore(SparsityThetaScore); 5ms in CalculateScore(^^^ItemsProcessedScore^^^); ]
I0926 15:54:39.123337 235888640 master_component.cc:1200] RegularizeModelArgs: rwt_target_name=rwt, pwt_source_name=pwt, nwt_source_name=nwt
I0926 15:54:39.123368 235888640 master_component.cc:785] MasterComponent: start regularizing model pwt
I0926 15:54:39.137254 252727296 processor.cc:659] No data in processing queue, waiting...
I0926 15:54:39.138552 252190720 processor.cc:659] No data in processing queue, waiting...
I0926 15:54:39.146570 253263872 processor.cc:659] No data in processing queue, waiting...
I0926 15:54:39.171367 235888640 master_component.cc:808] MasterComponent: complete regularizing model pwt
I0926 15:54:39.171385 235888640 master_component.cc:1211] NormalizeModelArgs: pwt_target_name=pwt, nwt_source_name=nwt, rwt_source_name=rwt
I0926 15:54:39.171391 235888640 master_component.cc:812] MasterComponent: start normalizing model nwt
I0926 15:54:39.204545 235888640 master_component.cc:834] MasterComponent: complete normalizing model nwt
I0926 15:54:39.223433 235888640 master_component.cc:1235] DisposeModel rwt
I0926 15:54:39.232072 235888640 master_component.cc:858] FitOffline: ItemsProcessed, num_items=476, num_batches=5, token_weight=160411, token_weight_in_effect=160411
I0926 15:54:39.232295 2991330240 c_interface.cc:523] Pass GetScoreValueArgs, score_name=^^^ItemsProcessedScore^^^ to MasterComponent::Request
I0926 15:54:39.232342 2991330240 c_interface.cc:205] ArtmCopyRequestedMessage is copying 54 bytes...
I0926 15:54:39.232973 235888640 c_interface.cc:359] Pass FitOfflineMasterModelArgs, batch_filename_size=5, batch_weight_size=5, num_collection_passes=1 to MN4artm4core15MasterComponentEFvRKNS_25FitOfflineMasterModelArgsEE
I0926 15:54:39.232987 235888640 master_component.cc:1162] ProcessBatchesArgs: nwt_target_name=nwt, batch_filename_size=5, batch_size=0, batch_weight_size=5, pwt_source_name=pwt, num_document_passes=1, regularizer=(name:SparsePhi, tau:-100), class=(text:1), reuse_theta=yes, opt_for_avx=yes, predict_class_id=
I0926 15:54:39.263798 253263872 processor.cc:666] Processing queue has data, processing started
I0926 15:54:39.267057 253263872 processor.cc:742] Processor: start processing batch 0084d552-daec-4198-bd46-c872f259e23f into model nwt
I0926 15:54:39.269454 253800448 processor.cc:666] Processing queue has data, processing started
I0926 15:54:39.274179 253800448 processor.cc:742] Processor: start processing batch 1e51858c-95d1-4570-865b-c7b7005a4170 into model nwt
I0926 15:54:39.275595 252727296 processor.cc:666] Processing queue has data, processing started
I0926 15:54:39.280386 252727296 processor.cc:742] Processor: start processing batch 583904ce-ea4c-4a1a-9143-a93f99a371ee into model nwt
I0926 15:54:39.285650 252190720 processor.cc:666] Processing queue has data, processing started
I0926 15:54:39.291177 252190720 processor.cc:742] Processor: start processing batch 298603b6-4d97-40eb-acf9-8280f2afcec8 into model nwt
I0926 15:54:39.316762 253800448 processor.cc:830] Processor: complete processing batch 1e51858c-95d1-4570-865b-c7b7005a4170 into model nwt
I0926 15:54:39.318447 253263872 processor.cc:830] Processor: complete processing batch 0084d552-daec-4198-bd46-c872f259e23f into model nwt
I0926 15:54:39.319576 253800448 cuckoo_watch.h:44] 50ms in ProcessBatch(school_batches/aaaaab.batch) [including 3ms in LoadMessage; 1ms in InitializeSparseNdw; 15ms in InferThetaAndUpdateNwtSparse; 13ms in CalculateScore(PerplexityScore); 2ms in CalculateScore(SparsityThetaScore); 9ms in CalculateScore(^^^ItemsProcessedScore^^^); ]
I0926 15:54:39.322150 253263872 cuckoo_watch.h:44] 58ms in ProcessBatch(school_batches/aaaaaa.batch) [including 2ms in LoadMessage; 0ms in InitializeSparseNdw; 15ms in InferThetaAndUpdateNwtSparse; 15ms in CalculateScore(PerplexityScore); 2ms in CalculateScore(SparsityThetaScore); 17ms in CalculateScore(^^^ItemsProcessedScore^^^); ]
I0926 15:54:39.324764 253800448 processor.cc:742] Processor: start processing batch f4b2adda-4f6f-4053-882f-e46cd49b6d76 into model nwt
I0926 15:54:39.331029 252727296 processor.cc:830] Processor: complete processing batch 583904ce-ea4c-4a1a-9143-a93f99a371ee into model nwt
I0926 15:54:39.335723 252727296 cuckoo_watch.h:44] 60ms in ProcessBatch(school_batches/aaaaac.batch) [including 3ms in LoadMessage; 1ms in InitializeSparseNdw; 19ms in InferThetaAndUpdateNwtSparse; 14ms in CalculateScore(PerplexityScore); 2ms in CalculateScore(SparsityThetaScore); 13ms in CalculateScore(^^^ItemsProcessedScore^^^); ]
I0926 15:54:39.336946 252190720 processor.cc:830] Processor: complete processing batch 298603b6-4d97-40eb-acf9-8280f2afcec8 into model nwt
I0926 15:54:39.338593 252190720 cuckoo_watch.h:44] 52ms in ProcessBatch(school_batches/aaaaad.batch) [including 4ms in LoadMessage; 1ms in InitializeSparseNdw; 17ms in InferThetaAndUpdateNwtSparse; 12ms in CalculateScore(PerplexityScore); 4ms in CalculateScore(SparsityThetaScore); 10ms in CalculateScore(^^^ItemsProcessedScore^^^); ]
I0926 15:54:39.353341 253263872 processor.cc:659] No data in processing queue, waiting...
I0926 15:54:39.355065 253800448 processor.cc:830] Processor: complete processing batch f4b2adda-4f6f-4053-882f-e46cd49b6d76 into model nwt
I0926 15:54:39.356650 253800448 cuckoo_watch.h:44] 37ms in ProcessBatch(school_batches/aaaaae.batch) [including 4ms in LoadMessage; 1ms in InitializeSparseNdw; 13ms in InferThetaAndUpdateNwtSparse; 9ms in CalculateScore(PerplexityScore); 1ms in CalculateScore(SparsityThetaScore); 5ms in CalculateScore(^^^ItemsProcessedScore^^^); ]
I0926 15:54:39.357262 235888640 master_component.cc:1200] RegularizeModelArgs: rwt_target_name=rwt, pwt_source_name=pwt, nwt_source_name=nwt
I0926 15:54:39.357280 235888640 master_component.cc:785] MasterComponent: start regularizing model pwt
I0926 15:54:39.361150 252727296 processor.cc:659] No data in processing queue, waiting...
I0926 15:54:39.362383 252190720 processor.cc:659] No data in processing queue, waiting...
I0926 15:54:39.381165 253800448 processor.cc:659] No data in processing queue, waiting...
I0926 15:54:39.404615 235888640 master_component.cc:808] MasterComponent: complete regularizing model pwt
I0926 15:54:39.404631 235888640 master_component.cc:1211] NormalizeModelArgs: pwt_target_name=pwt, nwt_source_name=nwt, rwt_source_name=rwt
I0926 15:54:39.404639 235888640 master_component.cc:812] MasterComponent: start normalizing model nwt
I0926 15:54:39.438473 235888640 master_component.cc:834] MasterComponent: complete normalizing model nwt
I0926 15:54:39.463018 235888640 master_component.cc:1235] DisposeModel rwt
I0926 15:54:39.471249 235888640 master_component.cc:858] FitOffline: ItemsProcessed, num_items=476, num_batches=5, token_weight=160411, token_weight_in_effect=160411
I0926 15:54:39.471477 2991330240 c_interface.cc:523] Pass GetScoreValueArgs, score_name=^^^ItemsProcessedScore^^^ to MasterComponent::Request
I0926 15:54:39.471494 2991330240 c_interface.cc:205] ArtmCopyRequestedMessage is copying 54 bytes...
I0926 15:54:39.471875 235888640 c_interface.cc:359] Pass FitOfflineMasterModelArgs, batch_filename_size=5, batch_weight_size=5, num_collection_passes=1 to MN4artm4core15MasterComponentEFvRKNS_25FitOfflineMasterModelArgsEE
I0926 15:54:39.471887 235888640 master_component.cc:1162] ProcessBatchesArgs: nwt_target_name=nwt, batch_filename_size=5, batch_size=0, batch_weight_size=5, pwt_source_name=pwt, num_document_passes=1, regularizer=(name:SparsePhi, tau:-100), class=(text:1), reuse_theta=yes, opt_for_avx=yes, predict_class_id=
I0926 15:54:39.509374 252727296 processor.cc:666] Processing queue has data, processing started
I0926 15:54:39.514176 252727296 processor.cc:742] Processor: start processing batch 0084d552-daec-4198-bd46-c872f259e23f into model nwt
I0926 15:54:39.516142 253263872 processor.cc:666] Processing queue has data, processing started
I0926 15:54:39.520965 253263872 processor.cc:742] Processor: start processing batch 1e51858c-95d1-4570-865b-c7b7005a4170 into model nwt
I0926 15:54:39.523977 252190720 processor.cc:666] Processing queue has data, processing started
I0926 15:54:39.531894 252190720 processor.cc:742] Processor: start processing batch 583904ce-ea4c-4a1a-9143-a93f99a371ee into model nwt
I0926 15:54:39.573412 252727296 processor.cc:830] Processor: complete processing batch 0084d552-daec-4198-bd46-c872f259e23f into model nwt
I0926 15:54:39.575987 252727296 cuckoo_watch.h:44] 66ms in ProcessBatch(school_batches/aaaaaa.batch) [including 4ms in LoadMessage; 0ms in InitializeSparseNdw; 19ms in InferThetaAndUpdateNwtSparse; 23ms in CalculateScore(PerplexityScore); 2ms in CalculateScore(SparsityThetaScore); 12ms in CalculateScore(^^^ItemsProcessedScore^^^); ]
I0926 15:54:39.581804 253263872 processor.cc:830] Processor: complete processing batch 1e51858c-95d1-4570-865b-c7b7005a4170 into model nwt
I0926 15:54:39.584012 253263872 cuckoo_watch.h:44] 67ms in ProcessBatch(school_batches/aaaaab.batch) [including 3ms in LoadMessage; 1ms in InitializeSparseNdw; 17ms in InferThetaAndUpdateNwtSparse; 15ms in CalculateScore(PerplexityScore); 2ms in CalculateScore(SparsityThetaScore); 23ms in CalculateScore(^^^ItemsProcessedScore^^^); ]
I0926 15:54:39.584980 252727296 processor.cc:742] Processor: start processing batch 298603b6-4d97-40eb-acf9-8280f2afcec8 into model nwt
I0926 15:54:39.588186 253263872 processor.cc:742] Processor: start processing batch f4b2adda-4f6f-4053-882f-e46cd49b6d76 into model nwt
I0926 15:54:39.620424 252190720 processor.cc:830] Processor: complete processing batch 583904ce-ea4c-4a1a-9143-a93f99a371ee into model nwt
I0926 15:54:39.622959 252190720 cuckoo_watch.h:44] 98ms in ProcessBatch(school_batches/aaaaac.batch) [including 6ms in LoadMessage; 1ms in InitializeSparseNdw; 29ms in InferThetaAndUpdateNwtSparse; 39ms in CalculateScore(PerplexityScore); 2ms in CalculateScore(SparsityThetaScore); 15ms in CalculateScore(^^^ItemsProcessedScore^^^); ]
I0926 15:54:39.633913 253263872 processor.cc:830] Processor: complete processing batch f4b2adda-4f6f-4053-882f-e46cd49b6d76 into model nwt
I0926 15:54:39.636188 253263872 cuckoo_watch.h:44] 52ms in ProcessBatch(school_batches/aaaaae.batch) [including 3ms in LoadMessage; 1ms in InitializeSparseNdw; 22ms in InferThetaAndUpdateNwtSparse; 11ms in CalculateScore(PerplexityScore); 1ms in CalculateScore(SparsityThetaScore); 8ms in CalculateScore(^^^ItemsProcessedScore^^^); ]
I0926 15:54:39.646718 252727296 processor.cc:830] Processor: complete processing batch 298603b6-4d97-40eb-acf9-8280f2afcec8 into model nwt
I0926 15:54:39.648579 252727296 cuckoo_watch.h:44] 72ms in ProcessBatch(school_batches/aaaaad.batch) [including 8ms in LoadMessage; 1ms in InitializeSparseNdw; 29ms in InferThetaAndUpdateNwtSparse; 16ms in CalculateScore(PerplexityScore); 4ms in CalculateScore(SparsityThetaScore); 9ms in CalculateScore(^^^ItemsProcessedScore^^^); ]
I0926 15:54:39.649315 252190720 processor.cc:659] No data in processing queue, waiting...
I0926 15:54:39.649430 235888640 master_component.cc:1200] RegularizeModelArgs: rwt_target_name=rwt, pwt_source_name=pwt, nwt_source_name=nwt
I0926 15:54:39.649572 235888640 master_component.cc:785] MasterComponent: start regularizing model pwt
I0926 15:54:39.658417 253263872 processor.cc:659] No data in processing queue, waiting...
I0926 15:54:39.671267 252727296 processor.cc:659] No data in processing queue, waiting...
I0926 15:54:39.706266 235888640 master_component.cc:808] MasterComponent: complete regularizing model pwt
I0926 15:54:39.706286 235888640 master_component.cc:1211] NormalizeModelArgs: pwt_target_name=pwt, nwt_source_name=nwt, rwt_source_name=rwt
I0926 15:54:39.706292 235888640 master_component.cc:812] MasterComponent: start normalizing model nwt
I0926 15:54:39.746678 235888640 master_component.cc:834] MasterComponent: complete normalizing model nwt
I0926 15:54:39.769816 235888640 master_component.cc:1235] DisposeModel rwt
I0926 15:54:39.779773 235888640 master_component.cc:858] FitOffline: ItemsProcessed, num_items=476, num_batches=5, token_weight=160411, token_weight_in_effect=160411
I0926 15:54:39.780084 2991330240 c_interface.cc:523] Pass GetScoreValueArgs, score_name=^^^ItemsProcessedScore^^^ to MasterComponent::Request
I0926 15:54:39.780107 2991330240 c_interface.cc:205] ArtmCopyRequestedMessage is copying 54 bytes...
I0926 15:54:39.780645 235888640 c_interface.cc:359] Pass FitOfflineMasterModelArgs, batch_filename_size=5, batch_weight_size=5, num_collection_passes=1 to MN4artm4core15MasterComponentEFvRKNS_25FitOfflineMasterModelArgsEE
I0926 15:54:39.780661 235888640 master_component.cc:1162] ProcessBatchesArgs: nwt_target_name=nwt, batch_filename_size=5, batch_size=0, batch_weight_size=5, pwt_source_name=pwt, num_document_passes=1, regularizer=(name:SparsePhi, tau:-100), class=(text:1), reuse_theta=yes, opt_for_avx=yes, predict_class_id=
I0926 15:54:39.817972 253800448 processor.cc:666] Processing queue has data, processing started
I0926 15:54:39.824281 253800448 processor.cc:742] Processor: start processing batch 0084d552-daec-4198-bd46-c872f259e23f into model nwt
I0926 15:54:39.825525 252190720 processor.cc:666] Processing queue has data, processing started
I0926 15:54:39.830441 252190720 processor.cc:742] Processor: start processing batch 1e51858c-95d1-4570-865b-c7b7005a4170 into model nwt
I0926 15:54:39.834832 253263872 processor.cc:666] Processing queue has data, processing started
I0926 15:54:39.842052 253263872 processor.cc:742] Processor: start processing batch 583904ce-ea4c-4a1a-9143-a93f99a371ee into model nwt
I0926 15:54:39.848968 252727296 processor.cc:666] Processing queue has data, processing started
I0926 15:54:39.854917 252727296 processor.cc:742] Processor: start processing batch 298603b6-4d97-40eb-acf9-8280f2afcec8 into model nwt
I0926 15:54:39.871270 253800448 processor.cc:830] Processor: complete processing batch 0084d552-daec-4198-bd46-c872f259e23f into model nwt
I0926 15:54:39.874518 253800448 cuckoo_watch.h:44] 56ms in ProcessBatch(school_batches/aaaaaa.batch) [including 2ms in LoadMessage; 1ms in InitializeSparseNdw; 16ms in InferThetaAndUpdateNwtSparse; 12ms in CalculateScore(PerplexityScore); 6ms in CalculateScore(SparsityThetaScore); 9ms in CalculateScore(^^^ItemsProcessedScore^^^); ]
I0926 15:54:39.876490 252190720 processor.cc:830] Processor: complete processing batch 1e51858c-95d1-4570-865b-c7b7005a4170 into model nwt
I0926 15:54:39.879518 252190720 cuckoo_watch.h:44] 53ms in ProcessBatch(school_batches/aaaaab.batch) [including 3ms in LoadMessage; 1ms in InitializeSparseNdw; 16ms in InferThetaAndUpdateNwtSparse; 13ms in CalculateScore(PerplexityScore); 2ms in CalculateScore(SparsityThetaScore); 12ms in CalculateScore(^^^ItemsProcessedScore^^^); ]
I0926 15:54:39.888245 253800448 processor.cc:742] Processor: start processing batch f4b2adda-4f6f-4053-882f-e46cd49b6d76 into model nwt
I0926 15:54:39.892468 253263872 processor.cc:830] Processor: complete processing batch 583904ce-ea4c-4a1a-9143-a93f99a371ee into model nwt
