Log file created at: 2017/09/26 14:12:02
Running on machine: dmitrys-MacBookPro13,1
Log line format: [IWEF]mmdd hh:mm:ss.uuuuuu threadid file:line] msg
I0926 14:12:02.070013 2991330240 c_interface.cc:102] Logging enabled to .
I0926 14:12:02.071406 2991330240 c_interface.cc:246] Creating MasterModel (id=1)...
I0926 14:12:02.074622 2991330240 collection_parser.cc:534] CollectionParserConfig.num_threads is automatically set to 4
I0926 14:12:02.541306 2991330240 c_interface.cc:345] Pass afe41926-ea4d-401d-88af-1d66d6fb17a9 to MN4artm4core15MasterComponentEFvRKNSt3__112basic_stringIcNS2_11char_traitsIcEENS2_9allocatorIcEEEEE
I0926 14:12:02.541883 2991330240 c_interface.cc:359] Pass GatherDictionaryArgs: dictionary_target_name=afe41926-ea4d-401d-88af-1d66d6fb17a9, data_path=school_batches, symmetric_cooc_values=0 to MN4artm4core15MasterComponentEFvRKNS_20GatherDictionaryArgsEE
I0926 14:12:02.542515 2991330240 dictionary_operations.cc:235] Found 5 batches in 'school_batches' folder
I0926 14:12:02.583536 2991330240 dictionary_operations.cc:292] Find 16099 unique tokens in 476 items
I0926 14:12:04.810451 2991330240 c_interface.cc:246] Creating MasterModel (id=2)...
I0926 14:12:04.810741 2991330240 c_interface.cc:345] Pass 5dc093d3-7aae-46a6-a7b1-f3ea1747411b to MN4artm4core15MasterComponentEFvRKNSt3__112basic_stringIcNS2_11char_traitsIcEENS2_9allocatorIcEEEEE
I0926 14:12:04.810875 2991330240 c_interface.cc:359] Pass GatherDictionaryArgs: dictionary_target_name=5dc093d3-7aae-46a6-a7b1-f3ea1747411b, data_path=school_batches, symmetric_cooc_values=0 to MN4artm4core15MasterComponentEFvRKNS_20GatherDictionaryArgsEE
I0926 14:12:04.810993 2991330240 dictionary_operations.cc:235] Found 5 batches in 'school_batches' folder
I0926 14:12:04.893859 2991330240 dictionary_operations.cc:292] Find 16099 unique tokens in 476 items
I0926 14:12:04.916877 2991330240 c_interface.cc:345] Pass afe41926-ea4d-401d-88af-1d66d6fb17a9 to MN4artm4core15MasterComponentEFvRKNSt3__112basic_stringIcNS2_11char_traitsIcEENS2_9allocatorIcEEEEE
I0926 14:12:04.920796 2991330240 c_interface.cc:309] Disposing MasterComponent (id=1)...
I0926 15:39:43.885560 2991330240 instance.cc:380] MasterModelConfig.processors_count is automatically set to 4
I0926 15:39:43.886198 252190720 processor.cc:643] Processor thread started
I0926 15:39:43.886234 2991330240 c_interface.cc:246] Creating MasterModel (id=3)...
I0926 15:39:43.886234 252727296 processor.cc:643] Processor thread started
I0926 15:39:43.886276 253263872 processor.cc:643] Processor thread started
I0926 15:39:43.886281 253800448 processor.cc:643] Processor thread started
I0926 15:39:43.913151 252727296 processor.cc:659] No data in processing queue, waiting...
I0926 15:39:43.913152 253800448 processor.cc:659] No data in processing queue, waiting...
I0926 15:39:43.913161 252190720 processor.cc:659] No data in processing queue, waiting...
I0926 15:39:43.913183 253263872 processor.cc:659] No data in processing queue, waiting...
I0926 15:39:43.937698 2991330240 c_interface.cc:205] ArtmCopyRequestedMessage is copying 234 bytes...
I0926 15:39:43.944725 2991330240 c_interface.cc:205] ArtmCopyRequestedMessage is copying 234 bytes...
I0926 15:39:43.953469 2991330240 c_interface.cc:205] ArtmCopyRequestedMessage is copying 234 bytes...
I0926 15:39:43.960719 2991330240 c_interface.cc:205] ArtmCopyRequestedMessage is copying 234 bytes...
I0926 15:39:57.910365 2991330240 c_interface.cc:246] Creating MasterModel (id=4)...
I0926 15:39:57.910614 2991330240 c_interface.cc:345] Pass dictionary to MN4artm4core15MasterComponentEFvRKNSt3__112basic_stringIcNS2_11char_traitsIcEENS2_9allocatorIcEEEEE
I0926 15:39:57.910862 2991330240 c_interface.cc:359] Pass GatherDictionaryArgs: dictionary_target_name=dictionary, data_path=school_batches, symmetric_cooc_values=0 to MN4artm4core15MasterComponentEFvRKNS_20GatherDictionaryArgsEE
I0926 15:39:57.913087 2991330240 dictionary_operations.cc:235] Found 5 batches in 'school_batches' folder
I0926 15:39:57.972017 2991330240 dictionary_operations.cc:292] Find 16099 unique tokens in 476 items
I0926 15:39:58.013455 2991330240 c_interface.cc:205] ArtmCopyRequestedMessage is copying 176 bytes...
I0926 15:39:58.014175 2991330240 c_interface.cc:205] ArtmCopyRequestedMessage is copying 256 bytes...
I0926 15:39:58.021754 2991330240 c_interface.cc:205] ArtmCopyRequestedMessage is copying 176 bytes...
I0926 15:39:58.022330 2991330240 c_interface.cc:205] ArtmCopyRequestedMessage is copying 256 bytes...
I0926 15:39:58.028779 2991330240 c_interface.cc:205] ArtmCopyRequestedMessage is copying 176 bytes...
I0926 15:39:58.029495 2991330240 c_interface.cc:205] ArtmCopyRequestedMessage is copying 256 bytes...
I0926 15:39:58.036118 2991330240 c_interface.cc:205] ArtmCopyRequestedMessage is copying 176 bytes...
I0926 15:39:58.036973 2991330240 c_interface.cc:205] ArtmCopyRequestedMessage is copying 256 bytes...
I0926 15:40:06.220639 2991330240 c_interface.cc:205] ArtmCopyRequestedMessage is copying 176 bytes...
I0926 15:40:06.221478 2991330240 c_interface.cc:205] ArtmCopyRequestedMessage is copying 256 bytes...
I0926 15:40:06.228248 2991330240 c_interface.cc:205] ArtmCopyRequestedMessage is copying 176 bytes...
I0926 15:40:06.228811 2991330240 c_interface.cc:205] ArtmCopyRequestedMessage is copying 256 bytes...
I0926 15:40:06.244665 2991330240 c_interface.cc:205] ArtmCopyRequestedMessage is copying 176 bytes...
I0926 15:40:06.245328 2991330240 c_interface.cc:205] ArtmCopyRequestedMessage is copying 256 bytes...
I0926 15:40:06.251456 2991330240 c_interface.cc:205] ArtmCopyRequestedMessage is copying 176 bytes...
I0926 15:40:06.252092 2991330240 c_interface.cc:205] ArtmCopyRequestedMessage is copying 256 bytes...
I0926 15:40:16.781532 2991330240 c_interface.cc:359] Pass MasterModelConfig: topic_name_size=10, class=(text:1), score_config_size=2, num_processors=0, pwt_name=pwt, nwt_name=nwt, num_document_passes=1, reuse_theta=yes, cache_theta=yes, opt_for_avx=yes, disk_cache_path to MN4artm4core15MasterComponentEFvRKNS_17MasterModelConfigEE
I0926 15:40:16.781751 2991330240 instance.cc:380] MasterModelConfig.processors_count is automatically set to 4
I0926 15:40:16.782023 2991330240 perplexity.cc:24] Perplexity score calculator created: model_type=1, dictionary_name=dictionary
I0926 15:40:16.782907 2991330240 c_interface.cc:359] Pass MasterModelConfig: topic_name_size=10, class=(text:1), score_config_size=3, num_processors=0, pwt_name=pwt, nwt_name=nwt, num_document_passes=1, reuse_theta=yes, cache_theta=yes, opt_for_avx=yes, disk_cache_path to MN4artm4core15MasterComponentEFvRKNS_17MasterModelConfigEE
I0926 15:40:16.782932 2991330240 instance.cc:380] MasterModelConfig.processors_count is automatically set to 4
I0926 15:40:16.782950 2991330240 perplexity.cc:24] Perplexity score calculator created: model_type=1, dictionary_name=dictionary
I0926 15:40:16.783694 2991330240 c_interface.cc:359] Pass MasterModelConfig: topic_name_size=10, class=(text:1), score_config_size=4, num_processors=0, pwt_name=pwt, nwt_name=nwt, num_document_passes=1, reuse_theta=yes, cache_theta=yes, opt_for_avx=yes, disk_cache_path to MN4artm4core15MasterComponentEFvRKNS_17MasterModelConfigEE
I0926 15:40:16.783712 2991330240 instance.cc:380] MasterModelConfig.processors_count is automatically set to 4
I0926 15:40:16.783725 2991330240 perplexity.cc:24] Perplexity score calculator created: model_type=1, dictionary_name=dictionary
I0926 15:40:16.784225 2991330240 c_interface.cc:359] Pass MasterModelConfig: topic_name_size=10, class=(text:1), score_config_size=5, num_processors=0, pwt_name=pwt, nwt_name=nwt, num_document_passes=1, reuse_theta=yes, cache_theta=yes, opt_for_avx=yes, disk_cache_path to MN4artm4core15MasterComponentEFvRKNS_17MasterModelConfigEE
I0926 15:40:16.784240 2991330240 instance.cc:380] MasterModelConfig.processors_count is automatically set to 4
I0926 15:40:16.784252 2991330240 perplexity.cc:24] Perplexity score calculator created: model_type=1, dictionary_name=dictionary
I0926 15:40:16.847908 2991330240 c_interface.cc:205] ArtmCopyRequestedMessage is copying 176 bytes...
I0926 15:40:16.848748 2991330240 c_interface.cc:205] ArtmCopyRequestedMessage is copying 579 bytes...
I0926 15:40:16.859447 2991330240 c_interface.cc:205] ArtmCopyRequestedMessage is copying 176 bytes...
I0926 15:40:16.860481 2991330240 c_interface.cc:205] ArtmCopyRequestedMessage is copying 579 bytes...
I0926 15:40:16.871034 2991330240 c_interface.cc:205] ArtmCopyRequestedMessage is copying 176 bytes...
I0926 15:40:16.871881 2991330240 c_interface.cc:205] ArtmCopyRequestedMessage is copying 579 bytes...
I0926 15:40:16.881996 2991330240 c_interface.cc:205] ArtmCopyRequestedMessage is copying 176 bytes...
I0926 15:40:16.882757 2991330240 c_interface.cc:205] ArtmCopyRequestedMessage is copying 579 bytes...
I0926 15:40:18.622537 2991330240 c_interface.cc:345] Pass pwt to MN4artm4core15MasterComponentEFvRKNSt3__112basic_stringIcNS2_11char_traitsIcEENS2_9allocatorIcEEEEE
I0926 15:40:18.622587 2991330240 c_interface.cc:345] Pass nwt to MN4artm4core15MasterComponentEFvRKNSt3__112basic_stringIcNS2_11char_traitsIcEENS2_9allocatorIcEEEEE
I0926 15:40:18.624774 2991330240 c_interface.cc:359] Pass InitializeModelArgs: model_name=pwt, dictionary_name=dictionary, topic_name_size=10 to MN4artm4core15MasterComponentEFvRKNS_19InitializeModelArgsEE
I0926 15:40:18.713656 2991330240 master_component.cc:502] InitializeModel() created matrix pwt with 10 topics and 16099 tokens; 
I0926 15:40:18.714236 2991330240 c_interface.cc:359] Pass InitializeModelArgs: model_name=nwt, dictionary_name=dictionary, topic_name_size=10 to MN4artm4core15MasterComponentEFvRKNS_19InitializeModelArgsEE
I0926 15:40:18.786437 2991330240 master_component.cc:502] InitializeModel() created matrix nwt with 10 topics and 16099 tokens; 
I0926 15:40:18.788710 2991330240 phi_matrix_operations.cc:82] RetrieveExternalTopicModel() with 10 topics, 16099 tokens
I0926 15:40:18.804682 2991330240 c_interface.cc:205] ArtmCopyRequestedMessage is copying 477630 bytes...
I0926 15:40:19.318171 2991330240 c_interface.cc:205] ArtmCopyRequestedMessage is copying 176 bytes...
I0926 15:40:19.319434 2991330240 c_interface.cc:205] ArtmCopyRequestedMessage is copying 673 bytes...
I0926 15:40:19.327025 2991330240 c_interface.cc:205] ArtmCopyRequestedMessage is copying 176 bytes...
I0926 15:40:19.333631 2991330240 c_interface.cc:205] ArtmCopyRequestedMessage is copying 673 bytes...
I0926 15:40:19.340456 2991330240 c_interface.cc:205] ArtmCopyRequestedMessage is copying 176 bytes...
I0926 15:40:19.343104 2991330240 c_interface.cc:205] ArtmCopyRequestedMessage is copying 673 bytes...
I0926 15:40:19.351002 2991330240 c_interface.cc:205] ArtmCopyRequestedMessage is copying 176 bytes...
I0926 15:40:19.352003 2991330240 c_interface.cc:205] ArtmCopyRequestedMessage is copying 673 bytes...
I0926 15:40:24.330467 235888640 c_interface.cc:359] Pass FitOfflineMasterModelArgs, batch_filename_size=5, batch_weight_size=5, num_collection_passes=1 to MN4artm4core15MasterComponentEFvRKNS_25FitOfflineMasterModelArgsEE
I0926 15:40:24.331142 235888640 master_component.cc:1162] ProcessBatchesArgs: nwt_target_name=nwt, batch_filename_size=5, batch_size=0, batch_weight_size=5, pwt_source_name=pwt, num_document_passes=1, class=(text:1), reuse_theta=yes, opt_for_avx=yes, predict_class_id=
I0926 15:40:24.370630 252727296 processor.cc:666] Processing queue has data, processing started
I0926 15:40:24.375558 252727296 processor.cc:742] Processor: start processing batch 0084d552-daec-4198-bd46-c872f259e23f into model nwt
I0926 15:40:24.377063 252190720 processor.cc:666] Processing queue has data, processing started
I0926 15:40:24.382344 252190720 processor.cc:742] Processor: start processing batch 1e51858c-95d1-4570-865b-c7b7005a4170 into model nwt
I0926 15:40:24.384085 253263872 processor.cc:666] Processing queue has data, processing started
I0926 15:40:24.390769 253263872 processor.cc:742] Processor: start processing batch 583904ce-ea4c-4a1a-9143-a93f99a371ee into model nwt
I0926 15:40:24.398700 253800448 processor.cc:666] Processing queue has data, processing started
I0926 15:40:24.406456 253800448 processor.cc:742] Processor: start processing batch 298603b6-4d97-40eb-acf9-8280f2afcec8 into model nwt
I0926 15:40:24.420450 252727296 processor.cc:830] Processor: complete processing batch 0084d552-daec-4198-bd46-c872f259e23f into model nwt
I0926 15:40:24.423800 252727296 cuckoo_watch.h:44] 53ms in ProcessBatch(school_batches/aaaaaa.batch) [including 3ms in LoadMessage; 1ms in InitializeSparseNdw; 18ms in InferThetaAndUpdateNwtSparse; 12ms in CalculateScore(PerplexityScore); 1ms in CalculateScore(SparsityThetaScore); 10ms in CalculateScore(^^^ItemsProcessedScore^^^); ]
I0926 15:40:24.425268 252190720 processor.cc:830] Processor: complete processing batch 1e51858c-95d1-4570-865b-c7b7005a4170 into model nwt
I0926 15:40:24.428412 252190720 cuckoo_watch.h:44] 51ms in ProcessBatch(school_batches/aaaaab.batch) [including 4ms in LoadMessage; 1ms in InitializeSparseNdw; 15ms in InferThetaAndUpdateNwtSparse; 13ms in CalculateScore(PerplexityScore); 1ms in CalculateScore(SparsityThetaScore); 11ms in CalculateScore(^^^ItemsProcessedScore^^^); ]
I0926 15:40:24.429249 253263872 processor.cc:830] Processor: complete processing batch 583904ce-ea4c-4a1a-9143-a93f99a371ee into model nwt
I0926 15:40:24.432767 253263872 cuckoo_watch.h:44] 48ms in ProcessBatch(school_batches/aaaaac.batch) [including 5ms in LoadMessage; 1ms in InitializeSparseNdw; 13ms in InferThetaAndUpdateNwtSparse; 11ms in CalculateScore(PerplexityScore); 1ms in CalculateScore(SparsityThetaScore); 9ms in CalculateScore(^^^ItemsProcessedScore^^^); ]
I0926 15:40:24.434433 252190720 processor.cc:742] Processor: start processing batch f4b2adda-4f6f-4053-882f-e46cd49b6d76 into model nwt
I0926 15:40:24.440937 253800448 processor.cc:830] Processor: complete processing batch 298603b6-4d97-40eb-acf9-8280f2afcec8 into model nwt
I0926 15:40:24.445534 253800448 cuckoo_watch.h:44] 46ms in ProcessBatch(school_batches/aaaaad.batch) [including 6ms in LoadMessage; 1ms in InitializeSparseNdw; 16ms in InferThetaAndUpdateNwtSparse; 8ms in CalculateScore(PerplexityScore); 1ms in CalculateScore(SparsityThetaScore); 6ms in CalculateScore(^^^ItemsProcessedScore^^^); ]
I0926 15:40:24.453030 252727296 processor.cc:659] No data in processing queue, waiting...
I0926 15:40:24.456887 253263872 processor.cc:659] No data in processing queue, waiting...
I0926 15:40:24.463232 252190720 processor.cc:830] Processor: complete processing batch f4b2adda-4f6f-4053-882f-e46cd49b6d76 into model nwt
I0926 15:40:24.464454 252190720 cuckoo_watch.h:44] 36ms in ProcessBatch(school_batches/aaaaae.batch) [including 5ms in LoadMessage; 0ms in InitializeSparseNdw; 12ms in InferThetaAndUpdateNwtSparse; 8ms in CalculateScore(PerplexityScore); 1ms in CalculateScore(SparsityThetaScore); 5ms in CalculateScore(^^^ItemsProcessedScore^^^); ]
I0926 15:40:24.464623 235888640 master_component.cc:1211] NormalizeModelArgs: pwt_target_name=pwt, nwt_source_name=nwt, rwt_source_name=
I0926 15:40:24.464637 235888640 master_component.cc:812] MasterComponent: start normalizing model nwt
I0926 15:40:24.470726 253800448 processor.cc:659] No data in processing queue, waiting...
I0926 15:40:24.488406 252190720 processor.cc:659] No data in processing queue, waiting...
I0926 15:40:24.491247 235888640 master_component.cc:834] MasterComponent: complete normalizing model nwt
I0926 15:40:24.515128 235888640 master_component.cc:1235] DisposeModel rwt
I0926 15:40:24.515194 235888640 master_component.cc:858] FitOffline: ItemsProcessed, num_items=476, num_batches=5, token_weight=160411, token_weight_in_effect=160411
I0926 15:40:24.515637 2991330240 c_interface.cc:523] Pass GetScoreValueArgs, score_name=^^^ItemsProcessedScore^^^ to MasterComponent::Request
I0926 15:40:24.516049 2991330240 c_interface.cc:205] ArtmCopyRequestedMessage is copying 54 bytes...
I0926 15:40:24.516566 235888640 c_interface.cc:359] Pass FitOfflineMasterModelArgs, batch_filename_size=5, batch_weight_size=5, num_collection_passes=1 to MN4artm4core15MasterComponentEFvRKNS_25FitOfflineMasterModelArgsEE
I0926 15:40:24.516582 235888640 master_component.cc:1162] ProcessBatchesArgs: nwt_target_name=nwt, batch_filename_size=5, batch_size=0, batch_weight_size=5, pwt_source_name=pwt, num_document_passes=1, class=(text:1), reuse_theta=yes, opt_for_avx=yes, predict_class_id=
I0926 15:40:24.545019 253263872 processor.cc:666] Processing queue has data, processing started
I0926 15:40:24.549417 253263872 processor.cc:742] Processor: start processing batch 0084d552-daec-4198-bd46-c872f259e23f into model nwt
I0926 15:40:24.553457 252727296 processor.cc:666] Processing queue has data, processing started
I0926 15:40:24.557548 252727296 processor.cc:742] Processor: start processing batch 1e51858c-95d1-4570-865b-c7b7005a4170 into model nwt
I0926 15:40:24.563073 253800448 processor.cc:666] Processing queue has data, processing started
I0926 15:40:24.568521 253800448 processor.cc:742] Processor: start processing batch 583904ce-ea4c-4a1a-9143-a93f99a371ee into model nwt
I0926 15:40:24.570960 252190720 processor.cc:666] Processing queue has data, processing started
I0926 15:40:24.575700 252190720 processor.cc:742] Processor: start processing batch 298603b6-4d97-40eb-acf9-8280f2afcec8 into model nwt
I0926 15:40:24.596700 252727296 processor.cc:830] Processor: complete processing batch 1e51858c-95d1-4570-865b-c7b7005a4170 into model nwt
I0926 15:40:24.599139 252727296 cuckoo_watch.h:44] 45ms in ProcessBatch(school_batches/aaaaab.batch) [including 3ms in LoadMessage; 2ms in InitializeSparseNdw; 11ms in InferThetaAndUpdateNwtSparse; 13ms in CalculateScore(PerplexityScore); 1ms in CalculateScore(SparsityThetaScore); 9ms in CalculateScore(^^^ItemsProcessedScore^^^); ]
I0926 15:40:24.601402 253263872 processor.cc:830] Processor: complete processing batch 0084d552-daec-4198-bd46-c872f259e23f into model nwt
I0926 15:40:24.603792 252727296 processor.cc:742] Processor: start processing batch f4b2adda-4f6f-4053-882f-e46cd49b6d76 into model nwt
I0926 15:40:24.609846 253263872 cuckoo_watch.h:44] 64ms in ProcessBatch(school_batches/aaaaaa.batch) [including 3ms in LoadMessage; 1ms in InitializeSparseNdw; 18ms in InferThetaAndUpdateNwtSparse; 18ms in CalculateScore(PerplexityScore); 1ms in CalculateScore(SparsityThetaScore); 11ms in CalculateScore(^^^ItemsProcessedScore^^^); ]
I0926 15:40:24.611702 253800448 processor.cc:830] Processor: complete processing batch 583904ce-ea4c-4a1a-9143-a93f99a371ee into model nwt
I0926 15:40:24.613878 253800448 cuckoo_watch.h:44] 50ms in ProcessBatch(school_batches/aaaaac.batch) [including 4ms in LoadMessage; 1ms in InitializeSparseNdw; 15ms in InferThetaAndUpdateNwtSparse; 11ms in CalculateScore(PerplexityScore); 1ms in CalculateScore(SparsityThetaScore); 11ms in CalculateScore(^^^ItemsProcessedScore^^^); ]
I0926 15:40:24.624871 252190720 processor.cc:830] Processor: complete processing batch 298603b6-4d97-40eb-acf9-8280f2afcec8 into model nwt
I0926 15:40:24.626086 252190720 cuckoo_watch.h:44] 55ms in ProcessBatch(school_batches/aaaaad.batch) [including 3ms in LoadMessage; 1ms in InitializeSparseNdw; 27ms in InferThetaAndUpdateNwtSparse; 12ms in CalculateScore(PerplexityScore); 1ms in CalculateScore(SparsityThetaScore); 6ms in CalculateScore(^^^ItemsProcessedScore^^^); ]
I0926 15:40:24.634814 253263872 processor.cc:659] No data in processing queue, waiting...
I0926 15:40:24.634835 252727296 processor.cc:830] Processor: complete processing batch f4b2adda-4f6f-4053-882f-e46cd49b6d76 into model nwt
I0926 15:40:24.636006 252727296 cuckoo_watch.h:44] 36ms in ProcessBatch(school_batches/aaaaae.batch) [including 3ms in LoadMessage; 1ms in InitializeSparseNdw; 15ms in InferThetaAndUpdateNwtSparse; 6ms in CalculateScore(PerplexityScore); 1ms in CalculateScore(SparsityThetaScore); 6ms in CalculateScore(^^^ItemsProcessedScore^^^); ]
I0926 15:40:24.637279 235888640 master_component.cc:1211] NormalizeModelArgs: pwt_target_name=pwt, nwt_source_name=nwt, rwt_source_name=
I0926 15:40:24.637296 235888640 master_component.cc:812] MasterComponent: start normalizing model nwt
I0926 15:40:24.638525 253800448 processor.cc:659] No data in processing queue, waiting...
I0926 15:40:24.649767 252190720 processor.cc:659] No data in processing queue, waiting...
I0926 15:40:24.660029 252727296 processor.cc:659] No data in processing queue, waiting...
I0926 15:40:24.663830 235888640 master_component.cc:834] MasterComponent: complete normalizing model nwt
I0926 15:40:24.686468 235888640 master_component.cc:1235] DisposeModel rwt
I0926 15:40:24.686484 235888640 master_component.cc:858] FitOffline: ItemsProcessed, num_items=476, num_batches=5, token_weight=160411, token_weight_in_effect=160411
I0926 15:40:24.686818 2991330240 c_interface.cc:523] Pass GetScoreValueArgs, score_name=^^^ItemsProcessedScore^^^ to MasterComponent::Request
I0926 15:40:24.686839 2991330240 c_interface.cc:205] ArtmCopyRequestedMessage is copying 54 bytes...
I0926 15:40:24.687319 235888640 c_interface.cc:359] Pass FitOfflineMasterModelArgs, batch_filename_size=5, batch_weight_size=5, num_collection_passes=1 to MN4artm4core15MasterComponentEFvRKNS_25FitOfflineMasterModelArgsEE
I0926 15:40:24.687330 235888640 master_component.cc:1162] ProcessBatchesArgs: nwt_target_name=nwt, batch_filename_size=5, batch_size=0, batch_weight_size=5, pwt_source_name=pwt, num_document_passes=1, class=(text:1), reuse_theta=yes, opt_for_avx=yes, predict_class_id=
I0926 15:40:24.712793 253800448 processor.cc:666] Processing queue has data, processing started
I0926 15:40:24.716423 253800448 processor.cc:742] Processor: start processing batch 0084d552-daec-4198-bd46-c872f259e23f into model nwt
I0926 15:40:24.719223 253263872 processor.cc:666] Processing queue has data, processing started
I0926 15:40:24.723784 253263872 processor.cc:742] Processor: start processing batch 1e51858c-95d1-4570-865b-c7b7005a4170 into model nwt
I0926 15:40:24.732389 252727296 processor.cc:666] Processing queue has data, processing started
I0926 15:40:24.736973 252727296 processor.cc:742] Processor: start processing batch 583904ce-ea4c-4a1a-9143-a93f99a371ee into model nwt
I0926 15:40:24.743726 252190720 processor.cc:666] Processing queue has data, processing started
I0926 15:40:24.749080 253800448 processor.cc:830] Processor: complete processing batch 0084d552-daec-4198-bd46-c872f259e23f into model nwt
I0926 15:40:24.751994 252190720 processor.cc:742] Processor: start processing batch 298603b6-4d97-40eb-acf9-8280f2afcec8 into model nwt
I0926 15:40:24.754997 253800448 cuckoo_watch.h:44] 42ms in ProcessBatch(school_batches/aaaaaa.batch) [including 2ms in LoadMessage; 1ms in InitializeSparseNdw; 8ms in InferThetaAndUpdateNwtSparse; 11ms in CalculateScore(PerplexityScore); 1ms in CalculateScore(SparsityThetaScore); 9ms in CalculateScore(^^^ItemsProcessedScore^^^); ]
I0926 15:40:24.759516 253800448 processor.cc:742] Processor: start processing batch f4b2adda-4f6f-4053-882f-e46cd49b6d76 into model nwt
I0926 15:40:24.770280 253263872 processor.cc:830] Processor: complete processing batch 1e51858c-95d1-4570-865b-c7b7005a4170 into model nwt
I0926 15:40:24.774322 253263872 cuckoo_watch.h:44] 55ms in ProcessBatch(school_batches/aaaaab.batch) [including 3ms in LoadMessage; 1ms in InitializeSparseNdw; 10ms in InferThetaAndUpdateNwtSparse; 11ms in CalculateScore(PerplexityScore); 2ms in CalculateScore(SparsityThetaScore); 21ms in CalculateScore(^^^ItemsProcessedScore^^^); ]
I0926 15:40:24.780628 252727296 processor.cc:830] Processor: complete processing batch 583904ce-ea4c-4a1a-9143-a93f99a371ee into model nwt
I0926 15:40:24.783105 252727296 cuckoo_watch.h:44] 50ms in ProcessBatch(school_batches/aaaaac.batch) [including 3ms in LoadMessage; 1ms in InitializeSparseNdw; 14ms in InferThetaAndUpdateNwtSparse; 14ms in CalculateScore(PerplexityScore); 2ms in CalculateScore(SparsityThetaScore); 10ms in CalculateScore(^^^ItemsProcessedScore^^^); ]
I0926 15:40:24.793516 253800448 processor.cc:830] Processor: complete processing batch f4b2adda-4f6f-4053-882f-e46cd49b6d76 into model nwt
I0926 15:40:24.795827 253800448 cuckoo_watch.h:44] 40ms in ProcessBatch(school_batches/aaaaae.batch) [including 3ms in LoadMessage; 1ms in InitializeSparseNdw; 13ms in InferThetaAndUpdateNwtSparse; 11ms in CalculateScore(PerplexityScore); 1ms in CalculateScore(SparsityThetaScore); 6ms in CalculateScore(^^^ItemsProcessedScore^^^); ]
I0926 15:40:24.798560 252190720 processor.cc:830] Processor: complete processing batch 298603b6-4d97-40eb-acf9-8280f2afcec8 into model nwt
I0926 15:40:24.799906 252190720 cuckoo_watch.h:44] 56ms in ProcessBatch(school_batches/aaaaad.batch) [including 7ms in LoadMessage; 1ms in InitializeSparseNdw; 16ms in InferThetaAndUpdateNwtSparse; 19ms in CalculateScore(PerplexityScore); 1ms in CalculateScore(SparsityThetaScore); 9ms in CalculateScore(^^^ItemsProcessedScore^^^); ]
I0926 15:40:24.800748 253263872 processor.cc:659] No data in processing queue, waiting...
I0926 15:40:24.800756 235888640 master_component.cc:1211] NormalizeModelArgs: pwt_target_name=pwt, nwt_source_name=nwt, rwt_source_name=
I0926 15:40:24.800806 235888640 master_component.cc:812] MasterComponent: start normalizing model nwt
I0926 15:40:24.807185 252727296 processor.cc:659] No data in processing queue, waiting...
I0926 15:40:24.819598 253800448 processor.cc:659] No data in processing queue, waiting...
I0926 15:40:24.824292 252190720 processor.cc:659] No data in processing queue, waiting...
I0926 15:40:24.826088 235888640 master_component.cc:834] MasterComponent: complete normalizing model nwt
I0926 15:40:24.849493 235888640 master_component.cc:1235] DisposeModel rwt
I0926 15:40:24.849509 235888640 master_component.cc:858] FitOffline: ItemsProcessed, num_items=476, num_batches=5, token_weight=160411, token_weight_in_effect=160411
I0926 15:40:24.849761 2991330240 c_interface.cc:523] Pass GetScoreValueArgs, score_name=^^^ItemsProcessedScore^^^ to MasterComponent::Request
I0926 15:40:24.849781 2991330240 c_interface.cc:205] ArtmCopyRequestedMessage is copying 54 bytes...
I0926 15:40:24.850219 235888640 c_interface.cc:359] Pass FitOfflineMasterModelArgs, batch_filename_size=5, batch_weight_size=5, num_collection_passes=1 to MN4artm4core15MasterComponentEFvRKNS_25FitOfflineMasterModelArgsEE
I0926 15:40:24.850231 235888640 master_component.cc:1162] ProcessBatchesArgs: nwt_target_name=nwt, batch_filename_size=5, batch_size=0, batch_weight_size=5, pwt_source_name=pwt, num_document_passes=1, class=(text:1), reuse_theta=yes, opt_for_avx=yes, predict_class_id=
I0926 15:40:24.875197 253263872 processor.cc:666] Processing queue has data, processing started
I0926 15:40:24.878278 253263872 processor.cc:742] Processor: start processing batch 0084d552-daec-4198-bd46-c872f259e23f into model nwt
I0926 15:40:24.882323 252727296 processor.cc:666] Processing queue has data, processing started
I0926 15:40:24.886443 252727296 processor.cc:742] Processor: start processing batch 1e51858c-95d1-4570-865b-c7b7005a4170 into model nwt
I0926 15:40:24.888649 253800448 processor.cc:666] Processing queue has data, processing started
I0926 15:40:24.893496 253800448 processor.cc:742] Processor: start processing batch 583904ce-ea4c-4a1a-9143-a93f99a371ee into model nwt
I0926 15:40:24.902302 252190720 processor.cc:666] Processing queue has data, processing started
I0926 15:40:24.907138 252190720 processor.cc:742] Processor: start processing batch 298603b6-4d97-40eb-acf9-8280f2afcec8 into model nwt
I0926 15:40:24.927340 252727296 processor.cc:830] Processor: complete processing batch 1e51858c-95d1-4570-865b-c7b7005a4170 into model nwt
I0926 15:40:24.929924 253263872 processor.cc:830] Processor: complete processing batch 0084d552-daec-4198-bd46-c872f259e23f into model nwt
I0926 15:40:24.933688 252727296 cuckoo_watch.h:44] 51ms in ProcessBatch(school_batches/aaaaab.batch) [including 3ms in LoadMessage; 0ms in InitializeSparseNdw; 14ms in InferThetaAndUpdateNwtSparse; 10ms in CalculateScore(PerplexityScore); 4ms in CalculateScore(SparsityThetaScore); 10ms in CalculateScore(^^^ItemsProcessedScore^^^); ]
I0926 15:40:24.937640 253263872 cuckoo_watch.h:44] 62ms in ProcessBatch(school_batches/aaaaaa.batch) [including 2ms in LoadMessage; 1ms in InitializeSparseNdw; 12ms in InferThetaAndUpdateNwtSparse; 19ms in CalculateScore(PerplexityScore); 2ms in CalculateScore(SparsityThetaScore); 15ms in CalculateScore(^^^ItemsProcessedScore^^^); ]
I0926 15:40:24.938099 252727296 processor.cc:742] Processor: start processing batch f4b2adda-4f6f-4053-882f-e46cd49b6d76 into model nwt
I0926 15:40:24.941179 253800448 processor.cc:830] Processor: complete processing batch 583904ce-ea4c-4a1a-9143-a93f99a371ee into model nwt
I0926 15:40:24.942988 253800448 cuckoo_watch.h:44] 54ms in ProcessBatch(school_batches/aaaaac.batch) [including 3ms in LoadMessage; 1ms in InitializeSparseNdw; 11ms in InferThetaAndUpdateNwtSparse; 17ms in CalculateScore(PerplexityScore); 4ms in CalculateScore(SparsityThetaScore); 12ms in CalculateScore(^^^ItemsProcessedScore^^^); ]
I0926 15:40:24.948613 252190720 processor.cc:830] Processor: complete processing batch 298603b6-4d97-40eb-acf9-8280f2afcec8 into model nwt
I0926 15:40:24.954378 252190720 cuckoo_watch.h:44] 52ms in ProcessBatch(school_batches/aaaaad.batch) [including 3ms in LoadMessage; 1ms in InitializeSparseNdw; 17ms in InferThetaAndUpdateNwtSparse; 11ms in CalculateScore(PerplexityScore); 1ms in CalculateScore(SparsityThetaScore); 9ms in CalculateScore(^^^ItemsProcessedScore^^^); ]
I0926 15:40:24.960747 253263872 processor.cc:659] No data in processing queue, waiting...
I0926 15:40:24.966982 253800448 processor.cc:659] No data in processing queue, waiting...
I0926 15:40:24.968542 252727296 processor.cc:830] Processor: complete processing batch f4b2adda-4f6f-4053-882f-e46cd49b6d76 into model nwt
I0926 15:40:24.969660 252727296 cuckoo_watch.h:44] 35ms in ProcessBatch(school_batches/aaaaae.batch) [including 3ms in LoadMessage; 0ms in InitializeSparseNdw; 15ms in InferThetaAndUpdateNwtSparse; 6ms in CalculateScore(PerplexityScore); 0ms in CalculateScore(SparsityThetaScore); 6ms in CalculateScore(^^^ItemsProcessedScore^^^); ]
I0926 15:40:24.971047 235888640 master_component.cc:1211] NormalizeModelArgs: pwt_target_name=pwt, nwt_source_name=nwt, rwt_source_name=
I0926 15:40:24.971068 235888640 master_component.cc:812] MasterComponent: start normalizing model nwt
I0926 15:40:24.978797 252190720 processor.cc:659] No data in processing queue, waiting...
I0926 15:40:24.994328 252727296 processor.cc:659] No data in processing queue, waiting...
I0926 15:40:24.996587 235888640 master_component.cc:834] MasterComponent: complete normalizing model nwt
I0926 15:40:25.021320 235888640 master_component.cc:1235] DisposeModel rwt
I0926 15:40:25.021337 235888640 master_component.cc:858] FitOffline: ItemsProcessed, num_items=476, num_batches=5, token_weight=160411, token_weight_in_effect=160411
I0926 15:40:25.021598 2991330240 c_interface.cc:523] Pass GetScoreValueArgs, score_name=^^^ItemsProcessedScore^^^ to MasterComponent::Request
I0926 15:40:25.021616 2991330240 c_interface.cc:205] ArtmCopyRequestedMessage is copying 54 bytes...
I0926 15:40:25.022104 235888640 c_interface.cc:359] Pass FitOfflineMasterModelArgs, batch_filename_size=5, batch_weight_size=5, num_collection_passes=1 to MN4artm4core15MasterComponentEFvRKNS_25FitOfflineMasterModelArgsEE
I0926 15:40:25.022115 235888640 master_component.cc:1162] ProcessBatchesArgs: nwt_target_name=nwt, batch_filename_size=5, batch_size=0, batch_weight_size=5, pwt_source_name=pwt, num_document_passes=1, class=(text:1), reuse_theta=yes, opt_for_avx=yes, predict_class_id=
I0926 15:40:25.050187 252190720 processor.cc:666] Processing queue has data, processing started
I0926 15:40:25.053349 252190720 processor.cc:742] Processor: start processing batch 0084d552-daec-4198-bd46-c872f259e23f into model nwt
I0926 15:40:25.055254 252727296 processor.cc:666] Processing queue has data, processing started
I0926 15:40:25.059200 252727296 processor.cc:742] Processor: start processing batch 1e51858c-95d1-4570-865b-c7b7005a4170 into model nwt
I0926 15:40:25.064373 253263872 processor.cc:666] Processing queue has data, processing started
I0926 15:40:25.069676 253263872 processor.cc:742] Processor: start processing batch 583904ce-ea4c-4a1a-9143-a93f99a371ee into model nwt
I0926 15:40:25.074756 253800448 processor.cc:666] Processing queue has data, processing started
I0926 15:40:25.081310 253800448 processor.cc:742] Processor: start processing batch 298603b6-4d97-40eb-acf9-8280f2afcec8 into model nwt
I0926 15:40:25.102653 252727296 processor.cc:830] Processor: complete processing batch 1e51858c-95d1-4570-865b-c7b7005a4170 into model nwt
I0926 15:40:25.105466 252727296 cuckoo_watch.h:44] 50ms in ProcessBatch(school_batches/aaaaab.batch) [including 3ms in LoadMessage; 0ms in InitializeSparseNdw; 12ms in InferThetaAndUpdateNwtSparse; 14ms in CalculateScore(PerplexityScore); 1ms in CalculateScore(SparsityThetaScore); 13ms in CalculateScore(^^^ItemsProcessedScore^^^); ]
I0926 15:40:25.107380 252190720 processor.cc:830] Processor: complete processing batch 0084d552-daec-4198-bd46-c872f259e23f into model nwt
I0926 15:40:25.111172 253263872 processor.cc:830] Processor: complete processing batch 583904ce-ea4c-4a1a-9143-a93f99a371ee into model nwt
I0926 15:40:25.112285 252727296 processor.cc:742] Processor: start processing batch f4b2adda-4f6f-4053-882f-e46cd49b6d76 into model nwt
I0926 15:40:25.115737 253263872 cuckoo_watch.h:44] 51ms in ProcessBatch(school_batches/aaaaac.batch) [including 4ms in LoadMessage; 1ms in InitializeSparseNdw; 12ms in InferThetaAndUpdateNwtSparse; 11ms in CalculateScore(PerplexityScore); 1ms in CalculateScore(SparsityThetaScore); 13ms in CalculateScore(^^^ItemsProcessedScore^^^); ]
I0926 15:40:25.116772 252190720 cuckoo_watch.h:44] 66ms in ProcessBatch(school_batches/aaaaaa.batch) [including 2ms in LoadMessage; 0ms in InitializeSparseNdw; 13ms in InferThetaAndUpdateNwtSparse; 10ms in CalculateScore(PerplexityScore); 4ms in CalculateScore(SparsityThetaScore); 24ms in CalculateScore(^^^ItemsProcessedScore^^^); ]
I0926 15:40:25.123883 253800448 processor.cc:830] Processor: complete processing batch 298603b6-4d97-40eb-acf9-8280f2afcec8 into model nwt
I0926 15:40:25.125231 253800448 cuckoo_watch.h:44] 50ms in ProcessBatch(school_batches/aaaaad.batch) [including 3ms in LoadMessage; 2ms in InitializeSparseNdw; 13ms in InferThetaAndUpdateNwtSparse; 13ms in CalculateScore(PerplexityScore); 5ms in CalculateScore(SparsityThetaScore); 8ms in CalculateScore(^^^ItemsProcessedScore^^^); ]
I0926 15:40:25.138990 252727296 processor.cc:830] Processor: complete processing batch f4b2adda-4f6f-4053-882f-e46cd49b6d76 into model nwt
I0926 15:40:25.139545 253263872 processor.cc:659] No data in processing queue, waiting...
I0926 15:40:25.140343 252727296 cuckoo_watch.h:44] 34ms in ProcessBatch(school_batches/aaaaae.batch) [including 5ms in LoadMessage; 1ms in InitializeSparseNdw; 11ms in InferThetaAndUpdateNwtSparse; 7ms in CalculateScore(PerplexityScore); 1ms in CalculateScore(SparsityThetaScore); 5ms in CalculateScore(^^^ItemsProcessedScore^^^); ]
I0926 15:40:25.140959 252190720 processor.cc:659] No data in processing queue, waiting...
I0926 15:40:25.140985 235888640 master_component.cc:1211] NormalizeModelArgs: pwt_target_name=pwt, nwt_source_name=nwt, rwt_source_name=
I0926 15:40:25.141000 235888640 master_component.cc:812] MasterComponent: start normalizing model nwt
I0926 15:40:25.148982 253800448 processor.cc:659] No data in processing queue, waiting...
I0926 15:40:25.163851 252727296 processor.cc:659] No data in processing queue, waiting...
I0926 15:40:25.168114 235888640 master_component.cc:834] MasterComponent: complete normalizing model nwt
I0926 15:40:25.190261 235888640 master_component.cc:1235] DisposeModel rwt
I0926 15:40:25.190277 235888640 master_component.cc:858] FitOffline: ItemsProcessed, num_items=476, num_batches=5, token_weight=160411, token_weight_in_effect=160411
I0926 15:40:25.190521 2991330240 c_interface.cc:523] Pass GetScoreValueArgs, score_name=^^^ItemsProcessedScore^^^ to MasterComponent::Request
I0926 15:40:25.190542 2991330240 c_interface.cc:205] ArtmCopyRequestedMessage is copying 54 bytes...
I0926 15:40:25.190964 235888640 c_interface.cc:359] Pass FitOfflineMasterModelArgs, batch_filename_size=5, batch_weight_size=5, num_collection_passes=1 to MN4artm4core15MasterComponentEFvRKNS_25FitOfflineMasterModelArgsEE
I0926 15:40:25.190976 235888640 master_component.cc:1162] ProcessBatchesArgs: nwt_target_name=nwt, batch_filename_size=5, batch_size=0, batch_weight_size=5, pwt_source_name=pwt, num_document_passes=1, class=(text:1), reuse_theta=yes, opt_for_avx=yes, predict_class_id=
I0926 15:40:25.218138 253263872 processor.cc:666] Processing queue has data, processing started
I0926 15:40:25.221268 253263872 processor.cc:742] Processor: start processing batch 0084d552-daec-4198-bd46-c872f259e23f into model nwt
I0926 15:40:25.226902 253800448 processor.cc:666] Processing queue has data, processing started
I0926 15:40:25.228281 252190720 processor.cc:666] Processing queue has data, processing started
I0926 15:40:25.230841 253800448 processor.cc:742] Processor: start processing batch 1e51858c-95d1-4570-865b-c7b7005a4170 into model nwt
I0926 15:40:25.233724 252190720 processor.cc:742] Processor: start processing batch 583904ce-ea4c-4a1a-9143-a93f99a371ee into model nwt
I0926 15:40:25.241997 252727296 processor.cc:666] Processing queue has data, processing started
I0926 15:40:25.250859 252727296 processor.cc:742] Processor: start processing batch 298603b6-4d97-40eb-acf9-8280f2afcec8 into model nwt
I0926 15:40:25.258522 253263872 processor.cc:830] Processor: complete processing batch 0084d552-daec-4198-bd46-c872f259e23f into model nwt
I0926 15:40:25.262356 253263872 cuckoo_watch.h:44] 44ms in ProcessBatch(school_batches/aaaaaa.batch) [including 2ms in LoadMessage; 0ms in InitializeSparseNdw; 11ms in InferThetaAndUpdateNwtSparse; 12ms in CalculateScore(PerplexityScore); 2ms in CalculateScore(SparsityThetaScore); 10ms in CalculateScore(^^^ItemsProcessedScore^^^); ]
I0926 15:40:25.269714 253800448 processor.cc:830] Processor: complete processing batch 1e51858c-95d1-4570-865b-c7b7005a4170 into model nwt
I0926 15:40:25.272524 253263872 processor.cc:742] Processor: start processing batch f4b2adda-4f6f-4053-882f-e46cd49b6d76 into model nwt
I0926 15:40:25.273453 253800448 cuckoo_watch.h:44] 46ms in ProcessBatch(school_batches/aaaaab.batch) [including 3ms in LoadMessage; 1ms in InitializeSparseNdw; 11ms in InferThetaAndUpdateNwtSparse; 12ms in CalculateScore(PerplexityScore); 1ms in CalculateScore(SparsityThetaScore); 11ms in CalculateScore(^^^ItemsProcessedScore^^^); ]
I0926 15:40:25.275699 252190720 processor.cc:830] Processor: complete processing batch 583904ce-ea4c-4a1a-9143-a93f99a371ee into model nwt
I0926 15:40:25.277412 252190720 cuckoo_watch.h:44] 49ms in ProcessBatch(school_batches/aaaaac.batch) [including 4ms in LoadMessage; 1ms in InitializeSparseNdw; 12ms in InferThetaAndUpdateNwtSparse; 12ms in CalculateScore(PerplexityScore); 3ms in CalculateScore(SparsityThetaScore); 11ms in CalculateScore(^^^ItemsProcessedScore^^^); ]
I0926 15:40:25.289443 252727296 processor.cc:830] Processor: complete processing batch 298603b6-4d97-40eb-acf9-8280f2afcec8 into model nwt
I0926 15:40:25.290717 252727296 cuckoo_watch.h:44] 48ms in ProcessBatch(school_batches/aaaaad.batch) [including 7ms in LoadMessage; 1ms in InitializeSparseNdw; 12ms in InferThetaAndUpdateNwtSparse; 13ms in CalculateScore(PerplexityScore); 4ms in CalculateScore(SparsityThetaScore); 6ms in CalculateScore(^^^ItemsProcessedScore^^^); ]
I0926 15:40:25.298894 253800448 processor.cc:659] No data in processing queue, waiting...
I0926 15:40:25.300192 253263872 processor.cc:830] Processor: complete processing batch f4b2adda-4f6f-4053-882f-e46cd49b6d76 into model nwt
I0926 15:40:25.301342 253263872 cuckoo_watch.h:44] 34ms in ProcessBatch(school_batches/aaaaae.batch) [including 4ms in LoadMessage; 1ms in InitializeSparseNdw; 12ms in InferThetaAndUpdateNwtSparse; 6ms in CalculateScore(PerplexityScore); 0ms in CalculateScore(SparsityThetaScore); 6ms in CalculateScore(^^^ItemsProcessedScore^^^); ]
I0926 15:40:25.302358 252190720 processor.cc:659] No data in processing queue, waiting...
I0926 15:40:25.302354 235888640 master_component.cc:1211] NormalizeModelArgs: pwt_target_name=pwt, nwt_source_name=nwt, rwt_source_name=
I0926 15:40:25.302372 235888640 master_component.cc:812] MasterComponent: start normalizing model nwt
I0926 15:40:25.313899 252727296 processor.cc:659] No data in processing queue, waiting...
I0926 15:40:25.325158 253263872 processor.cc:659] No data in processing queue, waiting...
I0926 15:40:25.328214 235888640 master_component.cc:834] MasterComponent: complete normalizing model nwt
I0926 15:40:25.354624 235888640 master_component.cc:1235] DisposeModel rwt
I0926 15:40:25.354641 235888640 master_component.cc:858] FitOffline: ItemsProcessed, num_items=476, num_batches=5, token_weight=160411, token_weight_in_effect=160411
I0926 15:40:25.354853 2991330240 c_interface.cc:523] Pass GetScoreValueArgs, score_name=^^^ItemsProcessedScore^^^ to MasterComponent::Request
I0926 15:40:25.354871 2991330240 c_interface.cc:205] ArtmCopyRequestedMessage is copying 54 bytes...
I0926 15:40:25.355233 235888640 c_interface.cc:359] Pass FitOfflineMasterModelArgs, batch_filename_size=5, batch_weight_size=5, num_collection_passes=1 to MN4artm4core15MasterComponentEFvRKNS_25FitOfflineMasterModelArgsEE
I0926 15:40:25.355244 235888640 master_component.cc:1162] ProcessBatchesArgs: nwt_target_name=nwt, batch_filename_size=5, batch_size=0, batch_weight_size=5, pwt_source_name=pwt, num_document_passes=1, class=(text:1), reuse_theta=yes, opt_for_avx=yes, predict_class_id=
I0926 15:40:25.384752 252190720 processor.cc:666] Processing queue has data, processing started
I0926 15:40:25.388733 252190720 processor.cc:742] Processor: start processing batch 0084d552-daec-4198-bd46-c872f259e23f into model nwt
I0926 15:40:25.390692 253800448 processor.cc:666] Processing queue has data, processing started
I0926 15:40:25.395448 253800448 processor.cc:742] Processor: start processing batch 1e51858c-95d1-4570-865b-c7b7005a4170 into model nwt
I0926 15:40:25.398589 252727296 processor.cc:666] Processing queue has data, processing started
I0926 15:40:25.405372 252727296 processor.cc:742] Processor: start processing batch 583904ce-ea4c-4a1a-9143-a93f99a371ee into model nwt
I0926 15:40:25.420984 253263872 processor.cc:666] Processing queue has data, processing started
I0926 15:40:25.426344 253263872 processor.cc:742] Processor: start processing batch 298603b6-4d97-40eb-acf9-8280f2afcec8 into model nwt
I0926 15:40:25.435006 252190720 processor.cc:830] Processor: complete processing batch 0084d552-daec-4198-bd46-c872f259e23f into model nwt
I0926 15:40:25.440909 252190720 cuckoo_watch.h:44] 56ms in ProcessBatch(school_batches/aaaaaa.batch) [including 3ms in LoadMessage; 0ms in InitializeSparseNdw; 16ms in InferThetaAndUpdateNwtSparse; 13ms in CalculateScore(PerplexityScore); 1ms in CalculateScore(SparsityThetaScore); 13ms in CalculateScore(^^^ItemsProcessedScore^^^); ]
I0926 15:40:25.444772 252727296 processor.cc:830] Processor: complete processing batch 583904ce-ea4c-4a1a-9143-a93f99a371ee into model nwt
I0926 15:40:25.447569 252727296 cuckoo_watch.h:44] 48ms in ProcessBatch(school_batches/aaaaac.batch) [including 5ms in LoadMessage; 1ms in InitializeSparseNdw; 14ms in InferThetaAndUpdateNwtSparse; 11ms in CalculateScore(PerplexityScore); 3ms in CalculateScore(SparsityThetaScore); 8ms in CalculateScore(^^^ItemsProcessedScore^^^); ]
I0926 15:40:25.455463 253800448 processor.cc:830] Processor: complete processing batch 1e51858c-95d1-4570-865b-c7b7005a4170 into model nwt
I0926 15:40:25.458149 252190720 processor.cc:742] Processor: start processing batch f4b2adda-4f6f-4053-882f-e46cd49b6d76 into model nwt
I0926 15:40:25.459357 253800448 cuckoo_watch.h:44] 68ms in ProcessBatch(school_batches/aaaaab.batch) [including 3ms in LoadMessage; 1ms in InitializeSparseNdw; 13ms in InferThetaAndUpdateNwtSparse; 18ms in CalculateScore(PerplexityScore); 1ms in CalculateScore(SparsityThetaScore); 24ms in CalculateScore(^^^ItemsProcessedScore^^^); ]
I0926 15:40:25.468422 253263872 processor.cc:830] Processor: complete processing batch 298603b6-4d97-40eb-acf9-8280f2afcec8 into model nwt
I0926 15:40:25.470160 253263872 cuckoo_watch.h:44] 49ms in ProcessBatch(school_batches/aaaaad.batch) [including 3ms in LoadMessage; 1ms in InitializeSparseNdw; 14ms in InferThetaAndUpdateNwtSparse; 14ms in CalculateScore(PerplexityScore); 2ms in CalculateScore(SparsityThetaScore); 8ms in CalculateScore(^^^ItemsProcessedScore^^^); ]
I0926 15:40:25.479398 252727296 processor.cc:659] No data in processing queue, waiting...
I0926 15:40:25.484175 253800448 processor.cc:659] No data in processing queue, waiting...
I0926 15:40:25.487238 252190720 processor.cc:830] Processor: complete processing batch f4b2adda-4f6f-4053-882f-e46cd49b6d76 into model nwt
I0926 15:40:25.488404 252190720 cuckoo_watch.h:44] 34ms in ProcessBatch(school_batches/aaaaae.batch) [including 3ms in LoadMessage; 1ms in InitializeSparseNdw; 11ms in InferThetaAndUpdateNwtSparse; 7ms in CalculateScore(PerplexityScore); 1ms in CalculateScore(SparsityThetaScore); 7ms in CalculateScore(^^^ItemsProcessedScore^^^); ]
I0926 15:40:25.488435 235888640 master_component.cc:1211] NormalizeModelArgs: pwt_target_name=pwt, nwt_source_name=nwt, rwt_source_name=
I0926 15:40:25.488450 235888640 master_component.cc:812] MasterComponent: start normalizing model nwt
I0926 15:40:25.493679 253263872 processor.cc:659] No data in processing queue, waiting...
I0926 15:40:25.518692 252190720 processor.cc:659] No data in processing queue, waiting...
I0926 15:40:25.527827 235888640 master_component.cc:834] MasterComponent: complete normalizing model nwt
I0926 15:40:25.558081 235888640 master_component.cc:1235] DisposeModel rwt
I0926 15:40:25.558097 235888640 master_component.cc:858] FitOffline: ItemsProcessed, num_items=476, num_batches=5, token_weight=160411, token_weight_in_effect=160411
I0926 15:40:25.558318 2991330240 c_interface.cc:523] Pass GetScoreValueArgs, score_name=^^^ItemsProcessedScore^^^ to MasterComponent::Request
I0926 15:40:25.558337 2991330240 c_interface.cc:205] ArtmCopyRequestedMessage is copying 54 bytes...
I0926 15:40:25.558714 235888640 c_interface.cc:359] Pass FitOfflineMasterModelArgs, batch_filename_size=5, batch_weight_size=5, num_collection_passes=1 to MN4artm4core15MasterComponentEFvRKNS_25FitOfflineMasterModelArgsEE
I0926 15:40:25.558727 235888640 master_component.cc:1162] ProcessBatchesArgs: nwt_target_name=nwt, batch_filename_size=5, batch_size=0, batch_weight_size=5, pwt_source_name=pwt, num_document_passes=1, class=(text:1), reuse_theta=yes, opt_for_avx=yes, predict_class_id=
I0926 15:40:25.588708 253800448 processor.cc:666] Processing queue has data, processing started
I0926 15:40:25.591838 253800448 processor.cc:742] Processor: start processing batch 0084d552-daec-4198-bd46-c872f259e23f into model nwt
I0926 15:40:25.593747 252190720 processor.cc:666] Processing queue has data, processing started
I0926 15:40:25.600019 252190720 processor.cc:742] Processor: start processing batch 1e51858c-95d1-4570-865b-c7b7005a4170 into model nwt
I0926 15:40:25.616453 253263872 processor.cc:666] Processing queue has data, processing started
I0926 15:40:25.621531 252727296 processor.cc:666] Processing queue has data, processing started
I0926 15:40:25.622114 253263872 processor.cc:742] Processor: start processing batch 583904ce-ea4c-4a1a-9143-a93f99a371ee into model nwt
I0926 15:40:25.628604 252727296 processor.cc:742] Processor: start processing batch 298603b6-4d97-40eb-acf9-8280f2afcec8 into model nwt
I0926 15:40:25.653794 252190720 processor.cc:830] Processor: complete processing batch 1e51858c-95d1-4570-865b-c7b7005a4170 into model nwt
I0926 15:40:25.657104 252190720 cuckoo_watch.h:44] 63ms in ProcessBatch(school_batches/aaaaab.batch) [including 5ms in LoadMessage; 13ms in InitializeSparseNdw; 14ms in InferThetaAndUpdateNwtSparse; 12ms in CalculateScore(PerplexityScore); 2ms in CalculateScore(SparsityThetaScore); 11ms in CalculateScore(^^^ItemsProcessedScore^^^); ]
I0926 15:40:25.660607 253800448 processor.cc:830] Processor: complete processing batch 0084d552-daec-4198-bd46-c872f259e23f into model nwt
I0926 15:40:25.662652 253800448 cuckoo_watch.h:44] 73ms in ProcessBatch(school_batches/aaaaaa.batch) [including 2ms in LoadMessage; 0ms in InitializeSparseNdw; 31ms in InferThetaAndUpdateNwtSparse; 14ms in CalculateScore(PerplexityScore); 2ms in CalculateScore(SparsityThetaScore); 18ms in CalculateScore(^^^ItemsProcessedScore^^^); ]
I0926 15:40:25.664386 252190720 processor.cc:742] Processor: start processing batch f4b2adda-4f6f-4053-882f-e46cd49b6d76 into model nwt
I0926 15:40:25.671339 253263872 processor.cc:830] Processor: complete processing batch 583904ce-ea4c-4a1a-9143-a93f99a371ee into model nwt
I0926 15:40:25.673907 253263872 cuckoo_watch.h:44] 57ms in ProcessBatch(school_batches/aaaaac.batch) [including 4ms in LoadMessage; 1ms in InitializeSparseNdw; 15ms in InferThetaAndUpdateNwtSparse; 13ms in CalculateScore(PerplexityScore); 5ms in CalculateScore(SparsityThetaScore); 13ms in CalculateScore(^^^ItemsProcessedScore^^^); ]
I0926 15:40:25.678654 252727296 processor.cc:830] Processor: complete processing batch 298603b6-4d97-40eb-acf9-8280f2afcec8 into model nwt
